host=node02 date=Mon Jun 29 10:30:48 KST 2026
/home/psk6950/miniworld-kernels/.pixi/envs/default/lib/python3.12/site-packages/torch/jit/_script.py:1480: DeprecationWarning: `torch.jit.script` is deprecated. Please switch to `torch.compile` or `torch.export`.
  warnings.warn(
/home/psk6950/miniworld-kernels/.pixi/envs/default/lib/python3.12/site-packages/torch/autograd/graph.py:865: UserWarning: Attempting to run cuBLAS, but there was no current CUDA context! Attempting to set the primary context... (Triggered internally at /pytorch/aten/src/ATen/cuda/CublasHandlePool.cpp:330.)
  return Variable._execution_engine.run_backward(  # Calls into the C++ engine to run the backward pass
torch 2.10.0+cu128  NVIDIA H100 80GB HBM3

=== Transition module, d=128, n=4, bf16 (median ms) ===
 d=128 forward PyTorch                0.7834   1.3601   2.1069   3.0140   4.0796   5.3393
 d=128 forward Triton (prev)          0.3830   0.6447   1.0175   1.4555   1.9716   2.5747
 d=128 forward Triton b2b (ours)      0.1852   0.3106   0.4723   0.6772   0.8949   1.1621
 d=128 forward cute (ours)            0.2737   0.4584   0.6853   0.9739   1.3163   1.7101
  wrote src/miniworld_kernels/modules/transition/benchmark/transition_module_forward.csv
 d=128 full    PyTorch                2.3372   4.0369   6.2392   8.8785  12.0162  15.6812
 d=128 full    Triton (prev)          1.4261   2.4428   3.7930   5.3620   7.2299   9.4182
 d=128 full    Triton b2b (ours)      1.2168   2.0909   3.2232   4.5475   6.1329   7.9680
 d=128 full    cute (ours)            1.4139   2.4236   3.6899   5.2617   7.1413   9.2956
  wrote src/miniworld_kernels/modules/transition/benchmark/transition_module_fwd_bwd.csv

=== d-crossover (forward, L=512, M=262144) — why the dispatch exists ===
    d              PyTorch        Triton (prev)    Triton b2b (ours)          cute (ours)
  128               1.3460               0.6624               0.3143               0.4670
  256               2.4668               1.3080               1.0038               1.0203
  512               5.5491               3.6653               2.8706               2.8816
DONE
[exit=0]
