host=NVIDIA H100 80GB HBM3 torch=2.10.0+cu128 dtype=torch.bfloat16
implementations=pytorch,triton  inference: pytorch=torch.compile / triton=CUDA-graph ; train: both torch.compile  use_self_attention=False

=== M=65536  d_in=128  d_out=128 ===
# L=256 D=128
pytorch fwd=0.307 ms fwd+bwd=0.806 ms
triton fwd=0.445 ms fwd+bwd=1.447 ms

=== M=147456  d_in=128  d_out=128 ===
# L=384 D=128
pytorch fwd=0.567 ms fwd+bwd=1.567 ms
triton fwd=1.043 ms fwd+bwd=1.706 ms

=== M=262144  d_in=128  d_out=128 ===
# L=512 D=128
pytorch fwd=0.931 ms fwd+bwd=2.641 ms
triton fwd=1.675 ms fwd+bwd=2.514 ms

=== M=589824  d_in=128  d_out=128 ===
# L=768 D=128
pytorch fwd=2.044 ms fwd+bwd=5.752 ms
triton fwd=3.502 ms fwd+bwd=5.478 ms

=== M=1048576  d_in=128  d_out=128 ===
# L=1024 D=128
pytorch fwd=3.715 ms fwd+bwd=10.490 ms
triton fwd=6.153 ms fwd+bwd=10.039 ms

=== M=65536  d_in=256  d_out=256 ===
# L=256 D=256
pytorch fwd=0.498 ms fwd+bwd=1.390 ms
triton fwd=0.719 ms fwd+bwd=2.000 ms

=== M=147456  d_in=256  d_out=256 ===
# L=384 D=256
pytorch fwd=1.020 ms fwd+bwd=2.843 ms
triton fwd=1.536 ms fwd+bwd=4.062 ms

=== M=262144  d_in=256  d_out=256 ===
# L=512 D=256
pytorch fwd=1.738 ms fwd+bwd=4.890 ms
triton fwd=2.542 ms fwd+bwd=6.788 ms

=== M=589824  d_in=256  d_out=256 ===
# L=768 D=256
pytorch fwd=3.870 ms fwd+bwd=11.053 ms
triton fwd=5.440 ms fwd+bwd=14.926 ms

=== M=65536  d_in=512  d_out=512 ===
# L=256 D=512
pytorch fwd=1.491 ms fwd+bwd=4.237 ms
triton fwd=1.297 ms fwd+bwd=3.646 ms

=== M=147456  d_in=512  d_out=512 ===
# L=384 D=512
pytorch fwd=3.220 ms fwd+bwd=8.592 ms
triton fwd=2.842 ms fwd+bwd=7.760 ms

=== M=262144  d_in=512  d_out=512 ===
# L=512 D=512
pytorch fwd=5.555 ms fwd+bwd=14.911 ms
triton fwd=4.916 ms fwd+bwd=13.458 ms
