### GPU 테스트 스위트 (지금까지 116개가 skip 되던 것들)

-- Docs: https://docs.pytest.org/en/stable/how-to/capture-warnings.html
=========================== short test summary info ============================
FAILED tests/numerics/test_numerical.py::test_kernel_matches_its_reference[cond_transition_expand_swiglu_saveact_triton]
FAILED tests/numerics/test_numerical.py::test_kernel_matches_its_reference[cond_transition_squeeze_gate_saveact_triton]
2 failed, 1424 passed, 12 skipped, 89 warnings in 458.67s (0:07:38)

### 폭 검증
/home/psk6950/practice/miniworld-engine/src/miniworld_engine/autotune/cache.py:698: UserWarning: [miniworld.autotune] tuned autotune cache is STALE (kernel source or autotune key list changed) for op 'adaln_bwd_dx_dlnw_triton' on 'NVIDIA RTX A6000 (sm86)' (bfloat16+float32). Falling back to a heuristic 24 of 1944 configs (run `miniworld-engine build all` to tune this GPU properly) — this run may be slower and the chosen config may be suboptimal. Build a tuned cache for this GPU with the autotune cache-builder (see docs/operations/dispatch-cache.md).
  hit = _cached_subset(self, cfgs, nargs, meta)
/home/psk6950/practice/miniworld-engine/src/miniworld_engine/autotune/cache.py:698: UserWarning: [miniworld.autotune] tuned autotune cache is STALE (kernel source or autotune key list changed) for op 'adaln_bwd_pre_dx_triton' on 'NVIDIA RTX A6000 (sm86)' (bfloat16+float32). Falling back to a heuristic 24 of 1440 configs (run `miniworld-engine build all` to tune this GPU properly) — this run may be slower and the chosen config may be suboptimal. Build a tuned cache for this GPU with the autotune cache-builder (see docs/operations/dispatch-cache.md).
  hit = _cached_subset(self, cfgs, nargs, meta)
/home/psk6950/practice/miniworld-engine/src/miniworld_engine/autotune/cache.py:698: UserWarning: [miniworld.autotune] tuned autotune cache is STALE (kernel source or autotune key list changed) for op 'adaln_epilogue_saveact_triton' on 'NVIDIA RTX A6000 (sm86)' (bfloat16+float32). Falling back to a heuristic 24 of 1440 configs (run `miniworld-engine build all` to tune this GPU properly) — this run may be slower and the chosen config may be suboptimal. Build a tuned cache for this GPU with the autotune cache-builder (see docs/operations/dispatch-cache.md).
  hit = _cached_subset(self, cfgs, nargs, meta)
/home/psk6950/practice/miniworld-engine/src/miniworld_engine/autotune/cache.py:698: UserWarning: [miniworld.autotune] tuned autotune cache is STALE (kernel source or autotune key list changed) for op 'adaln_epilogue_triton' on 'NVIDIA RTX A6000 (sm86)' (bfloat16). Falling back to a heuristic 24 of 1440 configs (run `miniworld-engine build all` to tune this GPU properly) — this run may be slower and the chosen config may be suboptimal. Build a tuned cache for this GPU with the autotune cache-builder (see docs/operations/dispatch-cache.md).
  hit = _cached_subset(self, cfgs, nargs, meta)
/home/psk6950/practice/miniworld-engine/src/miniworld_engine/autotune/cache.py:698: UserWarning: [miniworld.autotune] tuned autotune cache is STALE (kernel source or autotune key list changed) for op 'adaln_fwd_triton' on 'NVIDIA RTX A6000 (sm86)' (bfloat16). Falling back to a heuristic 24 of 1944 configs (run `miniworld-engine build all` to tune this GPU properly) — this run may be slower and the chosen config may be suboptimal. Build a tuned cache for this GPU with the autotune cache-builder (see docs/operations/dispatch-cache.md).
  hit = _cached_subset(self, cfgs, nargs, meta)
/home/psk6950/practice/miniworld-engine/src/miniworld_engine/autotune/cache.py:698: UserWarning: [miniworld.autotune] tuned autotune cache is STALE (kernel source or autotune key list changed) for op 'augmented_attention_fwd_triton' on 'NVIDIA RTX A6000 (sm86)' (bfloat16+float32). Falling back to a heuristic 24 of 864 configs (run `miniworld-engine build all` to tune this GPU properly) — this run may be slower and the chosen config may be suboptimal. Build a tuned cache for this GPU with the autotune cache-builder (see docs/operations/dispatch-cache.md).
  hit = _cached_subset(self, cfgs, nargs, meta)
/home/psk6950/practice/miniworld-engine/src/miniworld_engine/autotune/cache.py:698: UserWarning: [miniworld.autotune] tuned autotune cache is STALE (kernel source or autotune key list changed) for op 'augmented_attention_bwd_pre_triton' on 'NVIDIA RTX A6000 (sm86)' (bfloat16+float32). Falling back to a heuristic 24 of 288 configs (run `miniworld-engine build all` to tune this GPU properly) — this run may be slower and the chosen config may be suboptimal. Build a tuned cache for this GPU with the autotune cache-builder (see docs/operations/dispatch-cache.md).
  hit = _cached_subset(self, cfgs, nargs, meta)
/home/psk6950/practice/miniworld-engine/src/miniworld_engine/autotune/cache.py:698: UserWarning: [miniworld.autotune] tuned autotune cache is STALE (kernel source or autotune key list changed) for op 'augmented_attention_bwd_atomic_triton' on 'NVIDIA RTX A6000 (sm86)' (bfloat16+float32). Falling back to a heuristic 24 of 864 configs (run `miniworld-engine build all` to tune this GPU properly) — this run may be slower and the chosen config may be suboptimal. Build a tuned cache for this GPU with the autotune cache-builder (see docs/operations/dispatch-cache.md).
  hit = _cached_subset(self, cfgs, nargs, meta)
/home/psk6950/practice/miniworld-engine/src/miniworld_engine/autotune/cache.py:698: UserWarning: [miniworld.autotune] tuned autotune cache is STALE (kernel source or autotune key list changed) for op 'augmented_attention_bwd_split_triton' on 'NVIDIA RTX A6000 (sm86)' (bfloat16+float32). Falling back to a heuristic 24 of 864 configs (run `miniworld-engine build all` to tune this GPU properly) — this run may be slower and the chosen config may be suboptimal. Build a tuned cache for this GPU with the autotune cache-builder (see docs/operations/dispatch-cache.md).
  hit = _cached_subset(self, cfgs, nargs, meta)
/home/psk6950/practice/miniworld-engine/src/miniworld_engine/autotune/cache.py:698: UserWarning: [miniworld.autotune] tuned autotune cache is STALE (kernel source or autotune key list changed) for op 'cond_transition_bwd_swiglu_flat_triton' on 'NVIDIA RTX A6000 (sm86)' (float32). Falling back to a heuristic 24 of 240 configs (run `miniworld-engine build all` to tune this GPU properly) — this run may be slower and the chosen config may be suboptimal. Build a tuned cache for this GPU with the autotune cache-builder (see docs/operations/dispatch-cache.md).
  hit = _cached_subset(self, cfgs, nargs, meta)
/home/psk6950/practice/miniworld-engine/src/miniworld_engine/autotune/cache.py:698: UserWarning: [miniworld.autotune] tuned autotune cache is STALE (kernel source or autotune key list changed) for op 'cond_transition_expand_swiglu_saveact_triton' on 'NVIDIA RTX A6000 (sm86)' (float32). Falling back to a heuristic 24 of 2592 configs (run `miniworld-engine build all` to tune this GPU properly) — this run may be slower and the chosen config may be suboptimal. Build a tuned cache for this GPU with the autotune cache-builder (see docs/operations/dispatch-cache.md).
  hit = _cached_subset(self, cfgs, nargs, meta)
/home/psk6950/practice/miniworld-engine/src/miniworld_engine/autotune/cache.py:698: UserWarning: [miniworld.autotune] tuned autotune cache is STALE (kernel source or autotune key list changed) for op 'cond_transition_expand_swiglu_triton' on 'NVIDIA RTX A6000 (sm86)' (float32). Falling back to a heuristic 24 of 2592 configs (run `miniworld-engine build all` to tune this GPU properly) — this run may be slower and the chosen config may be suboptimal. Build a tuned cache for this GPU with the autotune cache-builder (see docs/operations/dispatch-cache.md).
  hit = _cached_subset(self, cfgs, nargs, meta)
/home/psk6950/practice/miniworld-engine/src/miniworld_engine/autotune/cache.py:698: UserWarning: [miniworld.autotune] tuned autotune cache is STALE (kernel source or autotune key list changed) for op 'cond_transition_squeeze_gate_saveact_triton' on 'NVIDIA RTX A6000 (sm86)' (float32). Falling back to a heuristic 24 of 7776 configs (run `miniworld-engine build all` to tune this GPU properly) — this run may be slower and the chosen config may be suboptimal. Build a tuned cache for this GPU with the autotune cache-builder (see docs/operations/dispatch-cache.md).
  hit = _cached_subset(self, cfgs, nargs, meta)
/home/psk6950/practice/miniworld-engine/src/miniworld_engine/autotune/cache.py:698: UserWarning: [miniworld.autotune] tuned autotune cache is STALE (kernel source or autotune key list changed) for op 'cond_transition_squeeze_gate_triton' on 'NVIDIA RTX A6000 (sm86)' (float32). Falling back to a heuristic 24 of 7776 configs (run `miniworld-engine build all` to tune this GPU properly) — this run may be slower and the chosen config may be suboptimal. Build a tuned cache for this GPU with the autotune cache-builder (see docs/operations/dispatch-cache.md).
  hit = _cached_subset(self, cfgs, nargs, meta)
/home/psk6950/practice/miniworld-engine/src/miniworld_engine/autotune/cache.py:698: UserWarning: [miniworld.autotune] tuned autotune cache is STALE (kernel source or autotune key list changed) for op 'cond_transition_swiglu_triton' on 'NVIDIA RTX A6000 (sm86)' (float32). Falling back to a heuristic 24 of 240 configs (run `miniworld-engine build all` to tune this GPU properly) — this run may be slower and the chosen config may be suboptimal. Build a tuned cache for this GPU with the autotune cache-builder (see docs/operations/dispatch-cache.md).
  hit = _cached_subset(self, cfgs, nargs, meta)
/home/psk6950/practice/miniworld-engine/src/miniworld_engine/autotune/cache.py:698: UserWarning: [miniworld.autotune] tuned autotune cache is STALE (kernel source or autotune key list changed) for op 'layernorm_fwd_strided_triton' on 'NVIDIA RTX A6000 (sm86)' (bfloat16). Falling back to a heuristic 24 of 1440 configs (run `miniworld-engine build all` to tune this GPU properly) — this run may be slower and the chosen config may be suboptimal. Build a tuned cache for this GPU with the autotune cache-builder (see docs/operations/dispatch-cache.md).
  hit = _cached_subset(self, cfgs, nargs, meta)
/home/psk6950/practice/miniworld-engine/src/miniworld_engine/autotune/cache.py:698: UserWarning: [miniworld.autotune] tuned autotune cache is STALE (kernel source or autotune key list changed) for op 'layernorm_fwd_saveact_strided_triton' on 'NVIDIA RTX A6000 (sm86)' (bfloat16+float32). Falling back to a heuristic 24 of 1440 configs (run `miniworld-engine build all` to tune this GPU properly) — this run may be slower and the chosen config may be suboptimal. Build a tuned cache for this GPU with the autotune cache-builder (see docs/operations/dispatch-cache.md).
  hit = _cached_subset(self, cfgs, nargs, meta)
/home/psk6950/practice/miniworld-engine/src/miniworld_engine/autotune/cache.py:698: UserWarning: [miniworld.autotune] tuned autotune cache is STALE (kernel source or autotune key list changed) for op 'layernorm_bwd_atomic_strided_triton' on 'NVIDIA RTX A6000 (sm86)' (bfloat16+float32). Falling back to a heuristic 24 of 288 configs (run `miniworld-engine build all` to tune this GPU properly) — this run may be slower and the chosen config may be suboptimal. Build a tuned cache for this GPU with the autotune cache-builder (see docs/operations/dispatch-cache.md).
  hit = _cached_subset(self, cfgs, nargs, meta)
/home/psk6950/practice/miniworld-engine/src/miniworld_engine/autotune/cache.py:698: UserWarning: [miniworld.autotune] tuned autotune cache is STALE (kernel source or autotune key list changed) for op 'cond_transition_expand_swiglu_triton' on 'NVIDIA RTX A6000 (sm86)' (bfloat16). Falling back to a heuristic 24 of 2592 configs (run `miniworld-engine build all` to tune this GPU properly) — this run may be slower and the chosen config may be suboptimal. Build a tuned cache for this GPU with the autotune cache-builder (see docs/operations/dispatch-cache.md).
  hit = _cached_subset(self, cfgs, nargs, meta)
/home/psk6950/practice/miniworld-engine/src/miniworld_engine/autotune/cache.py:698: UserWarning: [miniworld.autotune] tuned autotune cache is STALE (kernel source or autotune key list changed) for op 'cond_transition_squeeze_gate_triton' on 'NVIDIA RTX A6000 (sm86)' (bfloat16). Falling back to a heuristic 24 of 7776 configs (run `miniworld-engine build all` to tune this GPU properly) — this run may be slower and the chosen config may be suboptimal. Build a tuned cache for this GPU with the autotune cache-builder (see docs/operations/dispatch-cache.md).
  hit = _cached_subset(self, cfgs, nargs, meta)
/home/psk6950/practice/miniworld-engine/src/miniworld_engine/autotune/cache.py:698: UserWarning: [miniworld.autotune] tuned autotune cache is STALE (kernel source or autotune key list changed) for op 'cond_transition_swiglu_triton' on 'NVIDIA RTX A6000 (sm86)' (bfloat16). Falling back to a heuristic 24 of 240 configs (run `miniworld-engine build all` to tune this GPU properly) — this run may be slower and the chosen config may be suboptimal. Build a tuned cache for this GPU with the autotune cache-builder (see docs/operations/dispatch-cache.md).
  hit = _cached_subset(self, cfgs, nargs, meta)
/home/psk6950/practice/miniworld-engine/src/miniworld_engine/autotune/cache.py:698: UserWarning: [miniworld.autotune] tuned autotune cache is STALE (kernel source or autotune key list changed) for op 'cond_transition_bwd_swiglu_flat_triton' on 'NVIDIA RTX A6000 (sm86)' (bfloat16). Falling back to a heuristic 24 of 240 configs (run `miniworld-engine build all` to tune this GPU properly) — this run may be slower and the chosen config may be suboptimal. Build a tuned cache for this GPU with the autotune cache-builder (see docs/operations/dispatch-cache.md).
  hit = _cached_subset(self, cfgs, nargs, meta)
/home/psk6950/practice/miniworld-engine/src/miniworld_engine/autotune/cache.py:698: UserWarning: [miniworld.autotune] tuned autotune cache is STALE (kernel source or autotune key list changed) for op 'cond_transition_fwd_b2b_triton' on 'NVIDIA RTX A6000 (sm86)' (bfloat16). Falling back to a heuristic 24 of 5832 configs (run `miniworld-engine build all` to tune this GPU properly) — this run may be slower and the chosen config may be suboptimal. Build a tuned cache for this GPU with the autotune cache-builder (see docs/operations/dispatch-cache.md).
  hit = _cached_subset(self, cfgs, nargs, meta)
GPU: NVIDIA RTX A6000

1/3. 드라이버가 768에서 실제로 launch 되는가
  width=768 유닛 144개, 고유 op 17개
  OK  adaln_bwd_dx_dlnw_triton
  OK  adaln_bwd_pre_dx_triton
  OK  adaln_epilogue_saveact_triton
  OK  adaln_epilogue_triton
  OK  adaln_fwd_triton
  OK  augmented_attention_bwd_atomic_triton
  OK  augmented_attention_bwd_pre_triton
  OK  augmented_attention_bwd_reduce_triton
  OK  augmented_attention_bwd_split_triton
  OK  augmented_attention_fwd_triton
  OK  cond_transition_bwd_swiglu_flat_triton
  OK  cond_transition_expand_swiglu_saveact_triton
  OK  cond_transition_expand_swiglu_triton
  OK  cond_transition_squeeze_gate_saveact_triton
  OK  cond_transition_squeeze_gate_triton
  OK  cond_transition_swiglu_triton
  OK  layernorm_fwd_strided_triton

2/3. 모듈 정확도 (krystal의 두 조합)
  OK  AdaptiveLayerNorm token_dit 768/384 inference        max|diff|=1.562e-02 tol=3e-02
  OK  AdaptiveLayerNorm token_dit 768/384 training fwd     max|diff|=1.562e-02 tol=3e-02
  OK  AdaptiveLayerNorm token_dit 768/384 training dx      max|diff|=3.169e-08 tol=3e-02
  OK  ConditionedTransition token_dit 768/384 inference    max|diff|=9.766e-04 tol=3e-02
  OK  ConditionedTransition token_dit 768/384 training fwd max|diff|=9.766e-04 tol=3e-02
  OK  ConditionedTransition token_dit 768/384 training dx  max|diff|=1.455e-10 tol=3e-02
  OK  AdaptiveLayerNorm atom_dit  128/128 inference        max|diff|=1.562e-02 tol=3e-02
  OK  AdaptiveLayerNorm atom_dit  128/128 training fwd     max|diff|=1.562e-02 tol=3e-02
  OK  AdaptiveLayerNorm atom_dit  128/128 training dx      max|diff|=2.112e-07 tol=3e-02
  OK  ConditionedTransition atom_dit  128/128 inference    max|diff|=6.104e-05 tol=3e-02
  OK  ConditionedTransition atom_dit  128/128 training fwd max|diff|=6.104e-05 tol=3e-02
  OK  ConditionedTransition atom_dit  128/128 training dx  max|diff|=3.638e-12 tol=3e-02

3/3. 768에서 Triton 경로를 실제로 타는가
  d_hidden= 128 -> b2b(atom)
  d_hidden= 768 -> composed(token)

======================================================================
실패 0건 — 전부 통과
