host=NVIDIA H100 80GB HBM3 torch=2.10.0+cu128 dtype=torch.bfloat16
implementations=pytorch,triton,lowreg,cute  sweep=M=L^2 for L in [384, 512, 768, 1024], D in [128, 256, 384, 512, 768]  eps=1e-05

=== M=147456  d_in=128  d_out=128 ===
# L=384 D=128
pytorch fwd=0.1633 ms  bw=0.46 TB/s (14% of 3.35 TB/s peak)
  triton           fwd(abs=1.562e-02, rel=9.502e-06, cos=1.000000)
triton fwd=0.0320 ms  bw=2.36 TB/s (70% of 3.35 TB/s peak)
  lowreg           fwd(abs=1.562e-02, rel=9.502e-06, cos=1.000000)
lowreg fwd=0.0323 ms  bw=2.34 TB/s (70% of 3.35 TB/s peak)
  cute             fwd(abs=1.562e-02, rel=8.395e-06, cos=1.000000)
cute fwd=0.0366 ms  bw=2.06 TB/s (62% of 3.35 TB/s peak)

=== M=262144  d_in=128  d_out=128 ===
# L=512 D=128
pytorch fwd=0.2836 ms  bw=0.47 TB/s (14% of 3.35 TB/s peak)
  triton           fwd(abs=3.125e-02, rel=1.026e-05, cos=1.000000)
triton fwd=0.0518 ms  bw=2.59 TB/s (77% of 3.35 TB/s peak)
  lowreg           fwd(abs=3.125e-02, rel=1.026e-05, cos=1.000000)
lowreg fwd=0.0518 ms  bw=2.59 TB/s (77% of 3.35 TB/s peak)
  cute             fwd(abs=3.125e-02, rel=9.018e-06, cos=1.000000)
cute fwd=0.0564 ms  bw=2.38 TB/s (71% of 3.35 TB/s peak)

=== M=589824  d_in=128  d_out=128 ===
# L=768 D=128
pytorch fwd=0.6295 ms  bw=0.48 TB/s (14% of 3.35 TB/s peak)
  triton           fwd(abs=3.125e-02, rel=1.058e-05, cos=1.000000)
triton fwd=0.1076 ms  bw=2.81 TB/s (84% of 3.35 TB/s peak)
  lowreg           fwd(abs=3.125e-02, rel=1.058e-05, cos=1.000000)
lowreg fwd=0.1075 ms  bw=2.81 TB/s (84% of 3.35 TB/s peak)
  cute             fwd(abs=3.125e-02, rel=7.710e-06, cos=1.000000)
cute fwd=0.1116 ms  bw=2.70 TB/s (81% of 3.35 TB/s peak)

=== M=1048576  d_in=128  d_out=128 ===
# L=1024 D=128
pytorch fwd=1.1136 ms  bw=0.48 TB/s (14% of 3.35 TB/s peak)
  triton           fwd(abs=3.125e-02, rel=1.146e-05, cos=1.000000)
triton fwd=0.1856 ms  bw=2.89 TB/s (86% of 3.35 TB/s peak)
  lowreg           fwd(abs=3.125e-02, rel=1.146e-05, cos=1.000000)
lowreg fwd=0.1854 ms  bw=2.90 TB/s (86% of 3.35 TB/s peak)
  cute             fwd(abs=3.125e-02, rel=8.709e-06, cos=1.000000)
cute fwd=0.1886 ms  bw=2.85 TB/s (85% of 3.35 TB/s peak)

=== M=147456  d_in=256  d_out=256 ===
# L=384 D=256
pytorch fwd=0.1900 ms  bw=0.79 TB/s (24% of 3.35 TB/s peak)
  triton           fwd(abs=3.125e-02, rel=1.066e-05, cos=1.000000)
triton fwd=0.0572 ms  bw=2.64 TB/s (79% of 3.35 TB/s peak)
  lowreg           fwd(abs=3.125e-02, rel=1.066e-05, cos=1.000000)
lowreg fwd=0.0572 ms  bw=2.64 TB/s (79% of 3.35 TB/s peak)
  cute             fwd(abs=3.125e-02, rel=8.924e-06, cos=1.000000)
cute fwd=0.0629 ms  bw=2.40 TB/s (72% of 3.35 TB/s peak)

=== M=262144  d_in=256  d_out=256 ===
# L=512 D=256
pytorch fwd=0.3331 ms  bw=0.81 TB/s (24% of 3.35 TB/s peak)
  triton           fwd(abs=3.125e-02, rel=1.090e-05, cos=1.000000)
triton fwd=0.0964 ms  bw=2.79 TB/s (83% of 3.35 TB/s peak)
  lowreg           fwd(abs=3.125e-02, rel=1.090e-05, cos=1.000000)
lowreg fwd=0.0958 ms  bw=2.80 TB/s (84% of 3.35 TB/s peak)
  cute             fwd(abs=3.125e-02, rel=8.261e-06, cos=1.000000)
cute fwd=0.1009 ms  bw=2.66 TB/s (79% of 3.35 TB/s peak)

=== M=589824  d_in=256  d_out=256 ===
# L=768 D=256
pytorch fwd=0.7411 ms  bw=0.82 TB/s (24% of 3.35 TB/s peak)
  triton           fwd(abs=3.125e-02, rel=1.144e-05, cos=1.000000)
triton fwd=0.2065 ms  bw=2.92 TB/s (87% of 3.35 TB/s peak)
  lowreg           fwd(abs=3.125e-02, rel=1.144e-05, cos=1.000000)
lowreg fwd=0.2066 ms  bw=2.92 TB/s (87% of 3.35 TB/s peak)
  cute             fwd(abs=3.125e-02, rel=8.487e-06, cos=1.000000)
cute fwd=0.2105 ms  bw=2.87 TB/s (86% of 3.35 TB/s peak)

=== M=1048576  d_in=256  d_out=256 ===
# L=1024 D=256
pytorch fwd=1.3222 ms  bw=0.81 TB/s (24% of 3.35 TB/s peak)
  triton           fwd(abs=6.250e-02, rel=1.197e-05, cos=1.000000)
triton fwd=0.3615 ms  bw=2.97 TB/s (89% of 3.35 TB/s peak)
  lowreg           fwd(abs=6.250e-02, rel=1.197e-05, cos=1.000000)
lowreg fwd=0.3614 ms  bw=2.97 TB/s (89% of 3.35 TB/s peak)
  cute             fwd(abs=6.250e-02, rel=8.663e-06, cos=1.000000)
cute fwd=0.3648 ms  bw=2.94 TB/s (88% of 3.35 TB/s peak)

=== M=147456  d_in=384  d_out=384 ===
# L=384 D=384
pytorch fwd=0.2227 ms  bw=1.02 TB/s (30% of 3.35 TB/s peak)
  triton           fwd(abs=3.125e-02, rel=1.202e-05, cos=1.000000)
triton fwd=0.0823 ms  bw=2.75 TB/s (82% of 3.35 TB/s peak)
  lowreg           fwd(abs=3.125e-02, rel=1.252e-05, cos=1.000000)
lowreg fwd=0.0819 ms  bw=2.77 TB/s (83% of 3.35 TB/s peak)
  cute             fwd(abs=3.125e-02, rel=8.460e-06, cos=1.000000)
cute fwd=0.0896 ms  bw=2.53 TB/s (75% of 3.35 TB/s peak)

=== M=262144  d_in=384  d_out=384 ===
# L=512 D=384
pytorch fwd=0.3882 ms  bw=1.04 TB/s (31% of 3.35 TB/s peak)
  triton           fwd(abs=3.125e-02, rel=1.258e-05, cos=1.000000)
triton fwd=0.1396 ms  bw=2.88 TB/s (86% of 3.35 TB/s peak)
  lowreg           fwd(abs=3.125e-02, rel=1.276e-05, cos=1.000000)
lowreg fwd=0.1397 ms  bw=2.88 TB/s (86% of 3.35 TB/s peak)
  cute             fwd(abs=3.125e-02, rel=9.523e-06, cos=1.000000)
cute fwd=0.1479 ms  bw=2.72 TB/s (81% of 3.35 TB/s peak)

=== M=589824  d_in=384  d_out=384 ===
# L=768 D=384
pytorch fwd=0.8654 ms  bw=1.05 TB/s (31% of 3.35 TB/s peak)
  triton           fwd(abs=3.125e-02, rel=1.207e-05, cos=1.000000)
triton fwd=0.3036 ms  bw=2.98 TB/s (89% of 3.35 TB/s peak)
  lowreg           fwd(abs=3.125e-02, rel=1.236e-05, cos=1.000000)
lowreg fwd=0.3037 ms  bw=2.98 TB/s (89% of 3.35 TB/s peak)
  cute             fwd(abs=3.125e-02, rel=9.005e-06, cos=1.000000)
cute fwd=0.3140 ms  bw=2.89 TB/s (86% of 3.35 TB/s peak)

=== M=1048576  d_in=384  d_out=384 ===
# L=1024 D=384
pytorch fwd=1.5333 ms  bw=1.05 TB/s (31% of 3.35 TB/s peak)
  triton           fwd(abs=6.250e-02, rel=1.227e-05, cos=1.000000)
triton fwd=0.5351 ms  bw=3.01 TB/s (90% of 3.35 TB/s peak)
  lowreg           fwd(abs=6.250e-02, rel=1.275e-05, cos=1.000000)
lowreg fwd=0.5353 ms  bw=3.01 TB/s (90% of 3.35 TB/s peak)
  cute             fwd(abs=3.125e-02, rel=9.028e-06, cos=1.000000)
cute fwd=0.5467 ms  bw=2.95 TB/s (88% of 3.35 TB/s peak)

=== M=147456  d_in=512  d_out=512 ===
# L=384 D=512
pytorch fwd=0.2560 ms  bw=1.18 TB/s (35% of 3.35 TB/s peak)
  triton           fwd(abs=3.125e-02, rel=1.217e-05, cos=1.000000)
triton fwd=0.1068 ms  bw=2.83 TB/s (84% of 3.35 TB/s peak)
  lowreg           fwd(abs=3.125e-02, rel=1.217e-05, cos=1.000000)
lowreg fwd=0.1068 ms  bw=2.83 TB/s (84% of 3.35 TB/s peak)
  cute             fwd(abs=3.125e-02, rel=9.010e-06, cos=1.000000)
cute fwd=0.1137 ms  bw=2.66 TB/s (79% of 3.35 TB/s peak)

=== M=262144  d_in=512  d_out=512 ===
# L=512 D=512
pytorch fwd=0.4498 ms  bw=1.19 TB/s (36% of 3.35 TB/s peak)
  triton           fwd(abs=3.125e-02, rel=1.124e-05, cos=1.000000)
triton fwd=0.1840 ms  bw=2.92 TB/s (87% of 3.35 TB/s peak)
  lowreg           fwd(abs=3.125e-02, rel=1.124e-05, cos=1.000000)
lowreg fwd=0.1842 ms  bw=2.91 TB/s (87% of 3.35 TB/s peak)
  cute             fwd(abs=3.125e-02, rel=8.614e-06, cos=1.000000)
cute fwd=0.1917 ms  bw=2.80 TB/s (84% of 3.35 TB/s peak)

=== M=589824  d_in=512  d_out=512 ===
# L=768 D=512
pytorch fwd=1.0038 ms  bw=1.20 TB/s (36% of 3.35 TB/s peak)
  triton           fwd(abs=3.125e-02, rel=1.199e-05, cos=1.000000)
triton fwd=0.4040 ms  bw=2.99 TB/s (89% of 3.35 TB/s peak)
  lowreg           fwd(abs=3.125e-02, rel=1.199e-05, cos=1.000000)
lowreg fwd=0.4040 ms  bw=2.99 TB/s (89% of 3.35 TB/s peak)
  cute             fwd(abs=3.125e-02, rel=8.587e-06, cos=1.000000)
cute fwd=0.4108 ms  bw=2.94 TB/s (88% of 3.35 TB/s peak)

=== M=1048576  d_in=512  d_out=512 ===
# L=1024 D=512
pytorch fwd=1.7793 ms  bw=1.21 TB/s (36% of 3.35 TB/s peak)
  triton           fwd(abs=3.125e-02, rel=1.156e-05, cos=1.000000)
triton fwd=0.7123 ms  bw=3.02 TB/s (90% of 3.35 TB/s peak)
  lowreg           fwd(abs=3.125e-02, rel=1.156e-05, cos=1.000000)
lowreg fwd=0.7121 ms  bw=3.02 TB/s (90% of 3.35 TB/s peak)
  cute             fwd(abs=3.125e-02, rel=8.666e-06, cos=1.000000)
cute fwd=0.7184 ms  bw=2.99 TB/s (89% of 3.35 TB/s peak)

=== M=147456  d_in=768  d_out=768 ===
# L=384 D=768
pytorch fwd=0.3005 ms  bw=1.51 TB/s (45% of 3.35 TB/s peak)
  triton           fwd(abs=6.250e-02, rel=1.316e-05, cos=1.000000)
triton fwd=0.1566 ms  bw=2.89 TB/s (86% of 3.35 TB/s peak)
  lowreg           fwd(abs=6.250e-02, rel=1.368e-05, cos=1.000000)
lowreg fwd=0.1566 ms  bw=2.89 TB/s (86% of 3.35 TB/s peak)
  cute             fwd(abs=3.125e-02, rel=8.686e-06, cos=1.000000)
cute fwd=0.1681 ms  bw=2.69 TB/s (80% of 3.35 TB/s peak)

=== M=262144  d_in=768  d_out=768 ===
# L=512 D=768
pytorch fwd=0.5291 ms  bw=1.52 TB/s (45% of 3.35 TB/s peak)
  triton           fwd(abs=3.125e-02, rel=1.245e-05, cos=1.000000)
triton fwd=0.2718 ms  bw=2.96 TB/s (88% of 3.35 TB/s peak)
  lowreg           fwd(abs=3.125e-02, rel=1.234e-05, cos=1.000000)
lowreg fwd=0.2714 ms  bw=2.97 TB/s (89% of 3.35 TB/s peak)
  cute             fwd(abs=3.125e-02, rel=9.092e-06, cos=1.000000)
cute fwd=0.2853 ms  bw=2.82 TB/s (84% of 3.35 TB/s peak)

=== M=589824  d_in=768  d_out=768 ===
# L=768 D=768
pytorch fwd=1.1813 ms  bw=1.53 TB/s (46% of 3.35 TB/s peak)
  triton           fwd(abs=3.125e-02, rel=1.226e-05, cos=1.000000)
triton fwd=0.6017 ms  bw=3.01 TB/s (90% of 3.35 TB/s peak)
  lowreg           fwd(abs=3.125e-02, rel=1.211e-05, cos=1.000000)
lowreg fwd=0.6013 ms  bw=3.01 TB/s (90% of 3.35 TB/s peak)
  cute             fwd(abs=3.125e-02, rel=9.614e-06, cos=1.000000)
cute fwd=0.6221 ms  bw=2.91 TB/s (87% of 3.35 TB/s peak)

=== M=1048576  d_in=768  d_out=768 ===
# L=1024 D=768
pytorch fwd=2.0966 ms  bw=1.54 TB/s (46% of 3.35 TB/s peak)
  triton           fwd(abs=3.125e-02, rel=1.204e-05, cos=1.000000)
triton fwd=1.0638 ms  bw=3.03 TB/s (90% of 3.35 TB/s peak)
  lowreg           fwd(abs=3.125e-02, rel=1.214e-05, cos=1.000000)
lowreg fwd=1.0632 ms  bw=3.03 TB/s (90% of 3.35 TB/s peak)
  cute             fwd(abs=3.125e-02, rel=8.810e-06, cos=1.000000)
cute fwd=1.0937 ms  bw=2.95 TB/s (88% of 3.35 TB/s peak)

DONE
