host=NVIDIA H100 80GB HBM3 torch=2.10.0+cu128 dtype=torch.bfloat16
implementations=pytorch,triton_atomic,triton_atomic_compile,triton_partial,triton_partial_compile,layernorm_dispatch,layernorm_dispatch_compile  sweep=M=L^2 for L in [384, 512, 768, 1024], D in [128, 256, 384, 512, 768]  eps=1e-05

=== M=147456  d_in=128  d_out=128 ===
# L=384 D=128
pytorch fwd(abs=0.000e+00,rel=0.000e+00,cos=1.000000) dx(abs=0.000e+00,rel=0.000e+00,cos=1.000000) dw(abs=0.000e+00,rel=0.000e+00,cos=1.000000) db(abs=0.000e+00,rel=0.000e+00,cos=1.000000)
pytorch fwd=0.1623 ms fwd+bwd=0.3423 ms
triton_atomic fwd(abs=1.562e-02,rel=9.502e-06,cos=1.000000) dx(abs=1.562e-02,rel=1.739e-05,cos=1.000000) dw(abs=4.000e+00,rel=2.352e-03,cos=0.999997) db(abs=2.000e+00,rel=2.213e-03,cos=0.999998)
triton_atomic fwd=0.0323 ms fwd+bwd=0.2128 ms
triton_atomic_compile fwd(abs=1.562e-02,rel=9.502e-06,cos=1.000000) dx(abs=1.562e-02,rel=1.739e-05,cos=1.000000) dw(abs=4.000e+00,rel=2.352e-03,cos=0.999997) db(abs=2.000e+00,rel=2.213e-03,cos=0.999998)
triton_atomic_compile fwd=0.0652 ms fwd+bwd=0.1624 ms
triton_partial fwd(abs=1.562e-02,rel=9.502e-06,cos=1.000000) dx(abs=1.562e-02,rel=1.737e-05,cos=1.000000) dw(abs=4.000e+00,rel=2.352e-03,cos=0.999997) db(abs=2.000e+00,rel=2.213e-03,cos=0.999998)
triton_partial fwd=0.0324 ms fwd+bwd=0.2290 ms
triton_partial_compile fwd(abs=1.562e-02,rel=9.502e-06,cos=1.000000) dx(abs=1.562e-02,rel=1.737e-05,cos=1.000000) dw(abs=4.000e+00,rel=2.352e-03,cos=0.999997) db(abs=2.000e+00,rel=2.213e-03,cos=0.999998)
triton_partial_compile fwd=0.0651 ms fwd+bwd=0.2447 ms
layernorm_dispatch fwd(abs=1.562e-02,rel=9.502e-06,cos=1.000000) dx(abs=1.562e-02,rel=1.739e-05,cos=1.000000) dw(abs=4.000e+00,rel=2.352e-03,cos=0.999997) db(abs=2.000e+00,rel=2.213e-03,cos=0.999998)
layernorm_dispatch fwd=0.0328 ms fwd+bwd=0.2033 ms
layernorm_dispatch_compile fwd(abs=1.562e-02,rel=9.502e-06,cos=1.000000) dx(abs=1.562e-02,rel=1.739e-05,cos=1.000000) dw(abs=4.000e+00,rel=2.352e-03,cos=0.999997) db(abs=2.000e+00,rel=2.213e-03,cos=0.999998)
layernorm_dispatch_compile fwd=0.0651 ms fwd+bwd=0.1623 ms

=== M=262144  d_in=128  d_out=128 ===
# L=512 D=128
pytorch fwd(abs=0.000e+00,rel=0.000e+00,cos=1.000000) dx(abs=0.000e+00,rel=0.000e+00,cos=1.000000) dw(abs=0.000e+00,rel=0.000e+00,cos=1.000000) db(abs=0.000e+00,rel=0.000e+00,cos=1.000000)
pytorch fwd=0.2833 ms fwd+bwd=0.5826 ms
triton_atomic fwd(abs=3.125e-02,rel=1.026e-05,cos=1.000000) dx(abs=6.250e-02,rel=2.191e-05,cos=1.000000) dw(abs=4.000e+00,rel=1.801e-03,cos=0.999998) db(abs=8.000e+00,rel=2.969e-03,cos=0.999996)
triton_atomic fwd=0.0522 ms fwd+bwd=0.2312 ms
triton_atomic_compile fwd(abs=3.125e-02,rel=1.026e-05,cos=1.000000) dx(abs=6.250e-02,rel=2.191e-05,cos=1.000000) dw(abs=4.000e+00,rel=1.801e-03,cos=0.999998) db(abs=8.000e+00,rel=2.971e-03,cos=0.999996)
triton_atomic_compile fwd=0.1159 ms fwd+bwd=0.2775 ms
triton_partial fwd(abs=3.125e-02,rel=1.026e-05,cos=1.000000) dx(abs=6.250e-02,rel=2.192e-05,cos=1.000000) dw(abs=4.000e+00,rel=1.801e-03,cos=0.999998) db(abs=8.000e+00,rel=2.969e-03,cos=0.999996)
triton_partial fwd=0.0520 ms fwd+bwd=0.2525 ms
triton_partial_compile fwd(abs=3.125e-02,rel=1.026e-05,cos=1.000000) dx(abs=6.250e-02,rel=2.192e-05,cos=1.000000) dw(abs=4.000e+00,rel=1.801e-03,cos=0.999998) db(abs=8.000e+00,rel=2.969e-03,cos=0.999996)
triton_partial_compile fwd=0.1159 ms fwd+bwd=0.3767 ms
layernorm_dispatch fwd(abs=3.125e-02,rel=1.026e-05,cos=1.000000) dx(abs=6.250e-02,rel=2.191e-05,cos=1.000000) dw(abs=4.000e+00,rel=1.801e-03,cos=0.999998) db(abs=8.000e+00,rel=2.969e-03,cos=0.999996)
layernorm_dispatch fwd=0.0517 ms fwd+bwd=0.2246 ms
layernorm_dispatch_compile fwd(abs=3.125e-02,rel=1.026e-05,cos=1.000000) dx(abs=6.250e-02,rel=2.191e-05,cos=1.000000) dw(abs=4.000e+00,rel=1.801e-03,cos=0.999998) db(abs=8.000e+00,rel=2.969e-03,cos=0.999996)
layernorm_dispatch_compile fwd=0.1159 ms fwd+bwd=0.2775 ms

=== M=589824  d_in=128  d_out=128 ===
# L=768 D=128
pytorch fwd(abs=0.000e+00,rel=0.000e+00,cos=1.000000) dx(abs=0.000e+00,rel=0.000e+00,cos=1.000000) dw(abs=0.000e+00,rel=0.000e+00,cos=1.000000) db(abs=0.000e+00,rel=0.000e+00,cos=1.000000)
pytorch fwd=0.6300 ms fwd+bwd=1.2474 ms
triton_atomic fwd(abs=3.125e-02,rel=1.058e-05,cos=1.000000) dx(abs=6.250e-02,rel=1.847e-05,cos=1.000000) dw(abs=8.000e+00,rel=2.239e-03,cos=0.999997) db(abs=8.000e+00,rel=2.424e-03,cos=0.999997)
triton_atomic fwd=0.1076 ms fwd+bwd=0.3225 ms
triton_atomic_compile fwd(abs=3.125e-02,rel=1.058e-05,cos=1.000000) dx(abs=6.250e-02,rel=1.847e-05,cos=1.000000) dw(abs=8.000e+00,rel=2.239e-03,cos=0.999997) db(abs=8.000e+00,rel=2.424e-03,cos=0.999997)
triton_atomic_compile fwd=0.2456 ms fwd+bwd=0.5724 ms
triton_partial fwd(abs=3.125e-02,rel=1.058e-05,cos=1.000000) dx(abs=6.250e-02,rel=1.836e-05,cos=1.000000) dw(abs=8.000e+00,rel=2.239e-03,cos=0.999997) db(abs=8.000e+00,rel=2.424e-03,cos=0.999997)
triton_partial fwd=0.1072 ms fwd+bwd=0.5461 ms
triton_partial_compile fwd(abs=3.125e-02,rel=1.058e-05,cos=1.000000) dx(abs=6.250e-02,rel=1.836e-05,cos=1.000000) dw(abs=8.000e+00,rel=2.239e-03,cos=0.999997) db(abs=8.000e+00,rel=2.424e-03,cos=0.999997)
triton_partial_compile fwd=0.2462 ms fwd+bwd=0.8210 ms
layernorm_dispatch fwd(abs=3.125e-02,rel=1.058e-05,cos=1.000000) dx(abs=6.250e-02,rel=1.847e-05,cos=1.000000) dw(abs=8.000e+00,rel=2.239e-03,cos=0.999997) db(abs=8.000e+00,rel=2.424e-03,cos=0.999997)
layernorm_dispatch fwd=0.1078 ms fwd+bwd=0.3232 ms
layernorm_dispatch_compile fwd(abs=3.125e-02,rel=1.058e-05,cos=1.000000) dx(abs=6.250e-02,rel=1.847e-05,cos=1.000000) dw(abs=8.000e+00,rel=2.239e-03,cos=0.999997) db(abs=8.000e+00,rel=2.424e-03,cos=0.999997)
layernorm_dispatch_compile fwd=0.2461 ms fwd+bwd=0.5722 ms

=== M=1048576  d_in=128  d_out=128 ===
# L=1024 D=128
pytorch fwd(abs=0.000e+00,rel=0.000e+00,cos=1.000000) dx(abs=0.000e+00,rel=0.000e+00,cos=1.000000) dw(abs=0.000e+00,rel=0.000e+00,cos=1.000000) db(abs=0.000e+00,rel=0.000e+00,cos=1.000000)
pytorch fwd=1.1141 ms fwd+bwd=2.1904 ms
triton_atomic fwd(abs=3.125e-02,rel=1.146e-05,cos=1.000000) dx(abs=3.125e-02,rel=1.847e-05,cos=1.000000) dw(abs=1.600e+01,rel=3.252e-03,cos=0.999995) db(abs=8.000e+00,rel=2.277e-03,cos=0.999997)
triton_atomic fwd=0.1865 ms fwd+bwd=0.5486 ms
triton_atomic_compile fwd(abs=3.125e-02,rel=1.146e-05,cos=1.000000) dx(abs=3.125e-02,rel=1.847e-05,cos=1.000000) dw(abs=1.600e+01,rel=3.252e-03,cos=0.999995) db(abs=8.000e+00,rel=2.277e-03,cos=0.999997)
triton_atomic_compile fwd=0.4330 ms fwd+bwd=0.9934 ms
triton_partial fwd(abs=3.125e-02,rel=1.146e-05,cos=1.000000) dx(abs=3.125e-02,rel=1.837e-05,cos=1.000000) dw(abs=1.600e+01,rel=3.252e-03,cos=0.999995) db(abs=8.000e+00,rel=2.277e-03,cos=0.999997)
triton_partial fwd=0.1860 ms fwd+bwd=0.8724 ms
triton_partial_compile fwd(abs=3.125e-02,rel=1.146e-05,cos=1.000000) dx(abs=3.125e-02,rel=1.837e-05,cos=1.000000) dw(abs=1.600e+01,rel=3.252e-03,cos=0.999995) db(abs=8.000e+00,rel=2.277e-03,cos=0.999997)
triton_partial_compile fwd=0.4308 ms fwd+bwd=1.3553 ms
layernorm_dispatch fwd(abs=3.125e-02,rel=1.146e-05,cos=1.000000) dx(abs=3.125e-02,rel=1.847e-05,cos=1.000000) dw(abs=1.600e+01,rel=3.261e-03,cos=0.999995) db(abs=8.000e+00,rel=2.277e-03,cos=0.999997)
layernorm_dispatch fwd=0.1858 ms fwd+bwd=0.5452 ms
layernorm_dispatch_compile fwd(abs=3.125e-02,rel=1.146e-05,cos=1.000000) dx(abs=3.125e-02,rel=1.847e-05,cos=1.000000) dw(abs=1.600e+01,rel=3.252e-03,cos=0.999995) db(abs=8.000e+00,rel=2.277e-03,cos=0.999997)
layernorm_dispatch_compile fwd=0.4322 ms fwd+bwd=0.9934 ms

=== M=147456  d_in=256  d_out=256 ===
# L=384 D=256
pytorch fwd(abs=0.000e+00,rel=0.000e+00,cos=1.000000) dx(abs=0.000e+00,rel=0.000e+00,cos=1.000000) dw(abs=0.000e+00,rel=0.000e+00,cos=1.000000) db(abs=0.000e+00,rel=0.000e+00,cos=1.000000)
pytorch fwd=0.1914 ms fwd+bwd=0.4207 ms
triton_atomic fwd(abs=3.125e-02,rel=1.066e-05,cos=1.000000) dx(abs=3.125e-02,rel=1.890e-05,cos=1.000000) dw(abs=4.000e+00,rel=2.462e-03,cos=0.999997) db(abs=4.000e+00,rel=2.598e-03,cos=0.999997)
triton_atomic fwd=0.0570 ms fwd+bwd=0.2290 ms
triton_atomic_compile fwd(abs=3.125e-02,rel=1.066e-05,cos=1.000000) dx(abs=3.125e-02,rel=1.890e-05,cos=1.000000) dw(abs=4.000e+00,rel=2.462e-03,cos=0.999997) db(abs=4.000e+00,rel=2.598e-03,cos=0.999997)
triton_atomic_compile fwd=0.1261 ms fwd+bwd=0.3443 ms
triton_partial fwd(abs=3.125e-02,rel=1.066e-05,cos=1.000000) dx(abs=3.125e-02,rel=1.879e-05,cos=1.000000) dw(abs=4.000e+00,rel=2.462e-03,cos=0.999997) db(abs=4.000e+00,rel=2.598e-03,cos=0.999997)
triton_partial fwd=0.0573 ms fwd+bwd=0.2268 ms
triton_partial_compile fwd(abs=3.125e-02,rel=1.066e-05,cos=1.000000) dx(abs=3.125e-02,rel=1.879e-05,cos=1.000000) dw(abs=4.000e+00,rel=2.462e-03,cos=0.999997) db(abs=4.000e+00,rel=2.598e-03,cos=0.999997)
triton_partial_compile fwd=0.1260 ms fwd+bwd=0.3606 ms
layernorm_dispatch fwd(abs=3.125e-02,rel=1.066e-05,cos=1.000000) dx(abs=3.125e-02,rel=1.890e-05,cos=1.000000) dw(abs=4.000e+00,rel=2.462e-03,cos=0.999997) db(abs=4.000e+00,rel=2.598e-03,cos=0.999997)
layernorm_dispatch fwd=0.0573 ms fwd+bwd=0.2148 ms
layernorm_dispatch_compile fwd(abs=3.125e-02,rel=1.066e-05,cos=1.000000) dx(abs=3.125e-02,rel=1.890e-05,cos=1.000000) dw(abs=4.000e+00,rel=2.462e-03,cos=0.999997) db(abs=4.000e+00,rel=2.598e-03,cos=0.999997)
layernorm_dispatch_compile fwd=0.1262 ms fwd+bwd=0.3443 ms

=== M=262144  d_in=256  d_out=256 ===
# L=512 D=256
pytorch fwd(abs=0.000e+00,rel=0.000e+00,cos=1.000000) dx(abs=0.000e+00,rel=0.000e+00,cos=1.000000) dw(abs=0.000e+00,rel=0.000e+00,cos=1.000000) db(abs=0.000e+00,rel=0.000e+00,cos=1.000000)
pytorch fwd=0.3336 ms fwd+bwd=0.7130 ms
triton_atomic fwd(abs=3.125e-02,rel=1.090e-05,cos=1.000000) dx(abs=3.125e-02,rel=1.737e-05,cos=1.000000) dw(abs=8.000e+00,rel=2.286e-03,cos=0.999997) db(abs=8.000e+00,rel=2.324e-03,cos=0.999997)
triton_atomic fwd=0.0961 ms fwd+bwd=0.3522 ms
triton_atomic_compile fwd(abs=3.125e-02,rel=1.090e-05,cos=1.000000) dx(abs=3.125e-02,rel=1.737e-05,cos=1.000000) dw(abs=8.000e+00,rel=2.286e-03,cos=0.999997) db(abs=8.000e+00,rel=2.324e-03,cos=0.999997)
triton_atomic_compile fwd=0.2275 ms fwd+bwd=0.6076 ms
triton_partial fwd(abs=3.125e-02,rel=1.090e-05,cos=1.000000) dx(abs=3.125e-02,rel=1.785e-05,cos=1.000000) dw(abs=8.000e+00,rel=2.286e-03,cos=0.999997) db(abs=8.000e+00,rel=2.324e-03,cos=0.999997)
triton_partial fwd=0.0967 ms fwd+bwd=0.3181 ms
triton_partial_compile fwd(abs=3.125e-02,rel=1.090e-05,cos=1.000000) dx(abs=3.125e-02,rel=1.785e-05,cos=1.000000) dw(abs=8.000e+00,rel=2.286e-03,cos=0.999997) db(abs=8.000e+00,rel=2.324e-03,cos=0.999997)
triton_partial_compile fwd=0.2273 ms fwd+bwd=0.5777 ms
layernorm_dispatch fwd(abs=3.125e-02,rel=1.090e-05,cos=1.000000) dx(abs=3.125e-02,rel=1.785e-05,cos=1.000000) dw(abs=8.000e+00,rel=2.286e-03,cos=0.999997) db(abs=8.000e+00,rel=2.324e-03,cos=0.999997)
layernorm_dispatch fwd=0.0962 ms fwd+bwd=0.3181 ms
layernorm_dispatch_compile fwd(abs=3.125e-02,rel=1.090e-05,cos=1.000000) dx(abs=3.125e-02,rel=1.785e-05,cos=1.000000) dw(abs=8.000e+00,rel=2.286e-03,cos=0.999997) db(abs=8.000e+00,rel=2.324e-03,cos=0.999997)
layernorm_dispatch_compile fwd=0.2268 ms fwd+bwd=0.5767 ms

=== M=589824  d_in=256  d_out=256 ===
# L=768 D=256
pytorch fwd(abs=0.000e+00,rel=0.000e+00,cos=1.000000) dx(abs=0.000e+00,rel=0.000e+00,cos=1.000000) dw(abs=0.000e+00,rel=0.000e+00,cos=1.000000) db(abs=0.000e+00,rel=0.000e+00,cos=1.000000)
pytorch fwd=0.7464 ms fwd+bwd=1.5602 ms
triton_atomic fwd(abs=3.125e-02,rel=1.144e-05,cos=1.000000) dx(abs=3.125e-02,rel=1.807e-05,cos=1.000000) dw(abs=8.000e+00,rel=2.354e-03,cos=0.999997) db(abs=1.600e+01,rel=2.667e-03,cos=0.999996)
triton_atomic fwd=0.2064 ms fwd+bwd=0.7454 ms
triton_atomic_compile fwd(abs=3.125e-02,rel=1.144e-05,cos=1.000000) dx(abs=3.125e-02,rel=1.807e-05,cos=1.000000) dw(abs=8.000e+00,rel=2.354e-03,cos=0.999997) db(abs=1.600e+01,rel=2.667e-03,cos=0.999996)
triton_atomic_compile fwd=0.4869 ms fwd+bwd=1.2964 ms
triton_partial fwd(abs=3.125e-02,rel=1.144e-05,cos=1.000000) dx(abs=3.125e-02,rel=1.804e-05,cos=1.000000) dw(abs=8.000e+00,rel=2.354e-03,cos=0.999997) db(abs=1.600e+01,rel=2.667e-03,cos=0.999996)
triton_partial fwd=0.2067 ms fwd+bwd=0.7107 ms
triton_partial_compile fwd(abs=3.125e-02,rel=1.144e-05,cos=1.000000) dx(abs=3.125e-02,rel=1.804e-05,cos=1.000000) dw(abs=8.000e+00,rel=2.354e-03,cos=0.999997) db(abs=1.600e+01,rel=2.667e-03,cos=0.999996)
triton_partial_compile fwd=0.4869 ms fwd+bwd=1.2659 ms
layernorm_dispatch fwd(abs=3.125e-02,rel=1.144e-05,cos=1.000000) dx(abs=3.125e-02,rel=1.804e-05,cos=1.000000) dw(abs=8.000e+00,rel=2.354e-03,cos=0.999997) db(abs=1.600e+01,rel=2.667e-03,cos=0.999996)
layernorm_dispatch fwd=0.2071 ms fwd+bwd=0.7114 ms
layernorm_dispatch_compile fwd(abs=3.125e-02,rel=1.144e-05,cos=1.000000) dx(abs=3.125e-02,rel=1.804e-05,cos=1.000000) dw(abs=8.000e+00,rel=2.354e-03,cos=0.999997) db(abs=1.600e+01,rel=2.667e-03,cos=0.999996)
layernorm_dispatch_compile fwd=0.4870 ms fwd+bwd=1.2668 ms

=== M=1048576  d_in=256  d_out=256 ===
# L=1024 D=256
pytorch fwd(abs=0.000e+00,rel=0.000e+00,cos=1.000000) dx(abs=0.000e+00,rel=0.000e+00,cos=1.000000) dw(abs=0.000e+00,rel=0.000e+00,cos=1.000000) db(abs=0.000e+00,rel=0.000e+00,cos=1.000000)
pytorch fwd=1.3219 ms fwd+bwd=2.7611 ms
triton_atomic fwd(abs=6.250e-02,rel=1.197e-05,cos=1.000000) dx(abs=3.125e-02,rel=1.841e-05,cos=1.000000) dw(abs=1.600e+01,rel=2.731e-03,cos=0.999996) db(abs=1.600e+01,rel=2.569e-03,cos=0.999997)
triton_atomic fwd=0.3614 ms fwd+bwd=1.3001 ms
triton_atomic_compile fwd(abs=6.250e-02,rel=1.197e-05,cos=1.000000) dx(abs=3.125e-02,rel=1.841e-05,cos=1.000000) dw(abs=1.600e+01,rel=2.731e-03,cos=0.999996) db(abs=1.600e+01,rel=2.569e-03,cos=0.999997)
triton_atomic_compile fwd=0.8386 ms fwd+bwd=2.2380 ms
triton_partial fwd(abs=6.250e-02,rel=1.197e-05,cos=1.000000) dx(abs=3.125e-02,rel=1.836e-05,cos=1.000000) dw(abs=1.600e+01,rel=2.731e-03,cos=0.999996) db(abs=1.600e+01,rel=2.569e-03,cos=0.999997)
triton_partial fwd=0.3621 ms fwd+bwd=1.1346 ms
triton_partial_compile fwd(abs=6.250e-02,rel=1.197e-05,cos=1.000000) dx(abs=3.125e-02,rel=1.836e-05,cos=1.000000) dw(abs=1.600e+01,rel=2.731e-03,cos=0.999996) db(abs=1.600e+01,rel=2.569e-03,cos=0.999997)
triton_partial_compile fwd=0.8401 ms fwd+bwd=2.0812 ms
layernorm_dispatch fwd(abs=6.250e-02,rel=1.197e-05,cos=1.000000) dx(abs=3.125e-02,rel=1.836e-05,cos=1.000000) dw(abs=1.600e+01,rel=2.731e-03,cos=0.999996) db(abs=1.600e+01,rel=2.569e-03,cos=0.999997)
layernorm_dispatch fwd=0.3621 ms fwd+bwd=1.1339 ms
layernorm_dispatch_compile fwd(abs=6.250e-02,rel=1.197e-05,cos=1.000000) dx(abs=3.125e-02,rel=1.836e-05,cos=1.000000) dw(abs=1.600e+01,rel=2.731e-03,cos=0.999996) db(abs=1.600e+01,rel=2.569e-03,cos=0.999997)
layernorm_dispatch_compile fwd=0.8396 ms fwd+bwd=2.0818 ms

=== M=147456  d_in=384  d_out=384 ===
# L=384 D=384
pytorch fwd(abs=0.000e+00,rel=0.000e+00,cos=1.000000) dx(abs=0.000e+00,rel=0.000e+00,cos=1.000000) dw(abs=0.000e+00,rel=0.000e+00,cos=1.000000) db(abs=0.000e+00,rel=0.000e+00,cos=1.000000)
pytorch fwd=0.2227 ms fwd+bwd=0.4994 ms
triton_atomic fwd(abs=3.125e-02,rel=1.202e-05,cos=1.000000) dx(abs=3.125e-02,rel=1.800e-05,cos=1.000000) dw(abs=4.000e+00,rel=2.376e-03,cos=0.999997) db(abs=4.000e+00,rel=2.751e-03,cos=0.999996)
triton_atomic fwd=0.0821 ms fwd+bwd=0.3140 ms
triton_atomic_compile fwd(abs=3.125e-02,rel=1.202e-05,cos=1.000000) dx(abs=3.125e-02,rel=1.800e-05,cos=1.000000) dw(abs=4.000e+00,rel=2.376e-03,cos=0.999997) db(abs=4.000e+00,rel=2.751e-03,cos=0.999996)
triton_atomic_compile fwd=0.1860 ms fwd+bwd=0.5265 ms
triton_partial fwd(abs=3.125e-02,rel=1.202e-05,cos=1.000000) dx(abs=3.125e-02,rel=1.805e-05,cos=1.000000) dw(abs=4.000e+00,rel=2.376e-03,cos=0.999997) db(abs=4.000e+00,rel=2.751e-03,cos=0.999996)
triton_partial fwd=0.0822 ms fwd+bwd=0.3443 ms
triton_partial_compile fwd(abs=3.125e-02,rel=1.202e-05,cos=1.000000) dx(abs=3.125e-02,rel=1.805e-05,cos=1.000000) dw(abs=4.000e+00,rel=2.376e-03,cos=0.999997) db(abs=4.000e+00,rel=2.751e-03,cos=0.999996)
triton_partial_compile fwd=0.1867 ms fwd+bwd=0.5477 ms
layernorm_dispatch fwd(abs=3.125e-02,rel=1.202e-05,cos=1.000000) dx(abs=3.125e-02,rel=1.800e-05,cos=1.000000) dw(abs=4.000e+00,rel=2.376e-03,cos=0.999997) db(abs=4.000e+00,rel=2.751e-03,cos=0.999996)
layernorm_dispatch fwd=0.0822 ms fwd+bwd=0.3136 ms
layernorm_dispatch_compile fwd(abs=3.125e-02,rel=1.202e-05,cos=1.000000) dx(abs=3.125e-02,rel=1.800e-05,cos=1.000000) dw(abs=4.000e+00,rel=2.376e-03,cos=0.999997) db(abs=4.000e+00,rel=2.751e-03,cos=0.999996)
layernorm_dispatch_compile fwd=0.1863 ms fwd+bwd=0.5268 ms

=== M=262144  d_in=384  d_out=384 ===
# L=512 D=384
pytorch fwd(abs=0.000e+00,rel=0.000e+00,cos=1.000000) dx(abs=0.000e+00,rel=0.000e+00,cos=1.000000) dw(abs=0.000e+00,rel=0.000e+00,cos=1.000000) db(abs=0.000e+00,rel=0.000e+00,cos=1.000000)
pytorch fwd=0.3914 ms fwd+bwd=0.8571 ms
triton_atomic fwd(abs=3.125e-02,rel=1.258e-05,cos=1.000000) dx(abs=6.250e-02,rel=2.027e-05,cos=1.000000) dw(abs=4.000e+00,rel=2.343e-03,cos=0.999997) db(abs=8.000e+00,rel=2.276e-03,cos=0.999997)
triton_atomic fwd=0.1397 ms fwd+bwd=0.5310 ms
triton_atomic_compile fwd(abs=3.125e-02,rel=1.258e-05,cos=1.000000) dx(abs=6.250e-02,rel=2.027e-05,cos=1.000000) dw(abs=4.000e+00,rel=2.343e-03,cos=0.999997) db(abs=8.000e+00,rel=2.276e-03,cos=0.999997)
triton_atomic_compile fwd=0.3215 ms fwd+bwd=0.9095 ms
triton_partial fwd(abs=3.125e-02,rel=1.258e-05,cos=1.000000) dx(abs=6.250e-02,rel=2.020e-05,cos=1.000000) dw(abs=4.000e+00,rel=2.344e-03,cos=0.999997) db(abs=8.000e+00,rel=2.276e-03,cos=0.999997)
triton_partial fwd=0.1398 ms fwd+bwd=0.5414 ms
triton_partial_compile fwd(abs=3.125e-02,rel=1.258e-05,cos=1.000000) dx(abs=6.250e-02,rel=2.020e-05,cos=1.000000) dw(abs=4.000e+00,rel=2.344e-03,cos=0.999997) db(abs=8.000e+00,rel=2.276e-03,cos=0.999997)
triton_partial_compile fwd=0.3207 ms fwd+bwd=0.8968 ms
layernorm_dispatch fwd(abs=3.125e-02,rel=1.258e-05,cos=1.000000) dx(abs=6.250e-02,rel=2.020e-05,cos=1.000000) dw(abs=4.000e+00,rel=2.344e-03,cos=0.999997) db(abs=8.000e+00,rel=2.276e-03,cos=0.999997)
layernorm_dispatch fwd=0.1394 ms fwd+bwd=0.5403 ms
layernorm_dispatch_compile fwd(abs=3.125e-02,rel=1.258e-05,cos=1.000000) dx(abs=6.250e-02,rel=2.020e-05,cos=1.000000) dw(abs=4.000e+00,rel=2.344e-03,cos=0.999997) db(abs=8.000e+00,rel=2.276e-03,cos=0.999997)
layernorm_dispatch_compile fwd=0.3210 ms fwd+bwd=0.8966 ms

=== M=589824  d_in=384  d_out=384 ===
# L=768 D=384
pytorch fwd(abs=0.000e+00,rel=0.000e+00,cos=1.000000) dx(abs=0.000e+00,rel=0.000e+00,cos=1.000000) dw(abs=0.000e+00,rel=0.000e+00,cos=1.000000) db(abs=0.000e+00,rel=0.000e+00,cos=1.000000)
pytorch fwd=0.8715 ms fwd+bwd=1.8946 ms
triton_atomic fwd(abs=3.125e-02,rel=1.207e-05,cos=1.000000) dx(abs=3.125e-02,rel=1.934e-05,cos=1.000000) dw(abs=8.000e+00,rel=2.306e-03,cos=0.999997) db(abs=8.000e+00,rel=2.440e-03,cos=0.999997)
triton_atomic fwd=0.3049 ms fwd+bwd=1.1465 ms
triton_atomic_compile fwd(abs=3.125e-02,rel=1.207e-05,cos=1.000000) dx(abs=3.125e-02,rel=1.934e-05,cos=1.000000) dw(abs=8.000e+00,rel=2.306e-03,cos=0.999997) db(abs=8.000e+00,rel=2.440e-03,cos=0.999997)
triton_atomic_compile fwd=0.7078 ms fwd+bwd=1.9454 ms
triton_partial fwd(abs=3.125e-02,rel=1.207e-05,cos=1.000000) dx(abs=3.125e-02,rel=1.925e-05,cos=1.000000) dw(abs=8.000e+00,rel=2.306e-03,cos=0.999997) db(abs=8.000e+00,rel=2.440e-03,cos=0.999997)
triton_partial fwd=0.3054 ms fwd+bwd=1.1348 ms
triton_partial_compile fwd(abs=3.125e-02,rel=1.207e-05,cos=1.000000) dx(abs=3.125e-02,rel=1.925e-05,cos=1.000000) dw(abs=8.000e+00,rel=2.306e-03,cos=0.999997) db(abs=8.000e+00,rel=2.440e-03,cos=0.999997)
triton_partial_compile fwd=0.7115 ms fwd+bwd=1.9360 ms
layernorm_dispatch fwd(abs=3.125e-02,rel=1.207e-05,cos=1.000000) dx(abs=3.125e-02,rel=1.925e-05,cos=1.000000) dw(abs=8.000e+00,rel=2.306e-03,cos=0.999997) db(abs=8.000e+00,rel=2.440e-03,cos=0.999997)
layernorm_dispatch fwd=0.3052 ms fwd+bwd=1.1339 ms
layernorm_dispatch_compile fwd(abs=3.125e-02,rel=1.207e-05,cos=1.000000) dx(abs=3.125e-02,rel=1.925e-05,cos=1.000000) dw(abs=8.000e+00,rel=2.306e-03,cos=0.999997) db(abs=8.000e+00,rel=2.440e-03,cos=0.999997)
layernorm_dispatch_compile fwd=0.7078 ms fwd+bwd=1.9347 ms

=== M=1048576  d_in=384  d_out=384 ===
# L=1024 D=384
pytorch fwd(abs=0.000e+00,rel=0.000e+00,cos=1.000000) dx(abs=0.000e+00,rel=0.000e+00,cos=1.000000) dw(abs=0.000e+00,rel=0.000e+00,cos=1.000000) db(abs=0.000e+00,rel=0.000e+00,cos=1.000000)
pytorch fwd=1.5454 ms fwd+bwd=3.3679 ms
triton_atomic fwd(abs=6.250e-02,rel=1.227e-05,cos=1.000000) dx(abs=6.250e-02,rel=2.016e-05,cos=1.000000) dw(abs=1.600e+01,rel=2.308e-03,cos=0.999997) db(abs=1.600e+01,rel=2.393e-03,cos=0.999997)
triton_atomic fwd=0.5367 ms fwd+bwd=2.0137 ms
triton_atomic_compile fwd(abs=6.250e-02,rel=1.227e-05,cos=1.000000) dx(abs=6.250e-02,rel=2.016e-05,cos=1.000000) dw(abs=1.600e+01,rel=2.308e-03,cos=0.999997) db(abs=1.600e+01,rel=2.393e-03,cos=0.999997)
triton_atomic_compile fwd=1.2623 ms fwd+bwd=3.4509 ms
triton_partial fwd(abs=6.250e-02,rel=1.227e-05,cos=1.000000) dx(abs=6.250e-02,rel=2.013e-05,cos=1.000000) dw(abs=1.600e+01,rel=2.308e-03,cos=0.999997) db(abs=1.600e+01,rel=2.393e-03,cos=0.999997)
triton_partial fwd=0.5370 ms fwd+bwd=1.9692 ms
triton_partial_compile fwd(abs=6.250e-02,rel=1.227e-05,cos=1.000000) dx(abs=6.250e-02,rel=2.013e-05,cos=1.000000) dw(abs=1.600e+01,rel=2.308e-03,cos=0.999997) db(abs=1.600e+01,rel=2.393e-03,cos=0.999997)
triton_partial_compile fwd=1.2666 ms fwd+bwd=3.4167 ms
layernorm_dispatch fwd(abs=6.250e-02,rel=1.227e-05,cos=1.000000) dx(abs=6.250e-02,rel=2.013e-05,cos=1.000000) dw(abs=1.600e+01,rel=2.308e-03,cos=0.999997) db(abs=1.600e+01,rel=2.393e-03,cos=0.999997)
layernorm_dispatch fwd=0.5371 ms fwd+bwd=1.9688 ms
layernorm_dispatch_compile fwd(abs=6.250e-02,rel=1.227e-05,cos=1.000000) dx(abs=6.250e-02,rel=2.013e-05,cos=1.000000) dw(abs=1.600e+01,rel=2.308e-03,cos=0.999997) db(abs=1.600e+01,rel=2.393e-03,cos=0.999997)
layernorm_dispatch_compile fwd=1.2628 ms fwd+bwd=3.4122 ms

=== M=147456  d_in=512  d_out=512 ===
# L=384 D=512
pytorch fwd(abs=0.000e+00,rel=0.000e+00,cos=1.000000) dx(abs=0.000e+00,rel=0.000e+00,cos=1.000000) dw(abs=0.000e+00,rel=0.000e+00,cos=1.000000) db(abs=0.000e+00,rel=0.000e+00,cos=1.000000)
pytorch fwd=0.2577 ms fwd+bwd=0.5856 ms
triton_atomic fwd(abs=3.125e-02,rel=1.217e-05,cos=1.000000) dx(abs=6.250e-02,rel=2.081e-05,cos=1.000000) dw(abs=4.000e+00,rel=2.859e-03,cos=0.999996) db(abs=4.000e+00,rel=2.367e-03,cos=0.999997)
triton_atomic fwd=0.1069 ms fwd+bwd=0.3550 ms
triton_atomic_compile fwd(abs=3.125e-02,rel=1.217e-05,cos=1.000000) dx(abs=6.250e-02,rel=2.081e-05,cos=1.000000) dw(abs=4.000e+00,rel=2.859e-03,cos=0.999996) db(abs=4.000e+00,rel=2.367e-03,cos=0.999997)
triton_atomic_compile fwd=0.2453 ms fwd+bwd=0.6479 ms
triton_partial fwd(abs=3.125e-02,rel=1.217e-05,cos=1.000000) dx(abs=6.250e-02,rel=2.075e-05,cos=1.000000) dw(abs=4.000e+00,rel=2.859e-03,cos=0.999996) db(abs=4.000e+00,rel=2.367e-03,cos=0.999997)
triton_partial fwd=0.1069 ms fwd+bwd=0.3935 ms
triton_partial_compile fwd(abs=3.125e-02,rel=1.217e-05,cos=1.000000) dx(abs=6.250e-02,rel=2.075e-05,cos=1.000000) dw(abs=4.000e+00,rel=2.859e-03,cos=0.999996) db(abs=4.000e+00,rel=2.367e-03,cos=0.999997)
triton_partial_compile fwd=0.2451 ms fwd+bwd=0.6637 ms
layernorm_dispatch fwd(abs=3.125e-02,rel=1.217e-05,cos=1.000000) dx(abs=6.250e-02,rel=2.081e-05,cos=1.000000) dw(abs=4.000e+00,rel=2.859e-03,cos=0.999996) db(abs=4.000e+00,rel=2.367e-03,cos=0.999997)
layernorm_dispatch fwd=0.1072 ms fwd+bwd=0.3551 ms
layernorm_dispatch_compile fwd(abs=3.125e-02,rel=1.217e-05,cos=1.000000) dx(abs=6.250e-02,rel=2.081e-05,cos=1.000000) dw(abs=4.000e+00,rel=2.859e-03,cos=0.999996) db(abs=4.000e+00,rel=2.367e-03,cos=0.999997)
layernorm_dispatch_compile fwd=0.2454 ms fwd+bwd=0.6475 ms

=== M=262144  d_in=512  d_out=512 ===
# L=512 D=512
pytorch fwd(abs=0.000e+00,rel=0.000e+00,cos=1.000000) dx(abs=0.000e+00,rel=0.000e+00,cos=1.000000) dw(abs=0.000e+00,rel=0.000e+00,cos=1.000000) db(abs=0.000e+00,rel=0.000e+00,cos=1.000000)
pytorch fwd=0.4535 ms fwd+bwd=1.0120 ms
triton_atomic fwd(abs=3.125e-02,rel=1.124e-05,cos=1.000000) dx(abs=3.125e-02,rel=1.840e-05,cos=1.000000) dw(abs=8.000e+00,rel=2.359e-03,cos=0.999997) db(abs=8.000e+00,rel=2.724e-03,cos=0.999996)
triton_atomic fwd=0.1845 ms fwd+bwd=0.6044 ms
triton_atomic_compile fwd(abs=3.125e-02,rel=1.124e-05,cos=1.000000) dx(abs=3.125e-02,rel=1.840e-05,cos=1.000000) dw(abs=8.000e+00,rel=2.359e-03,cos=0.999997) db(abs=8.000e+00,rel=2.700e-03,cos=0.999996)
triton_atomic_compile fwd=0.4315 ms fwd+bwd=1.1307 ms
triton_partial fwd(abs=3.125e-02,rel=1.124e-05,cos=1.000000) dx(abs=3.125e-02,rel=1.847e-05,cos=1.000000) dw(abs=8.000e+00,rel=2.382e-03,cos=0.999997) db(abs=8.000e+00,rel=2.724e-03,cos=0.999996)
triton_partial fwd=0.1840 ms fwd+bwd=0.6133 ms
triton_partial_compile fwd(abs=3.125e-02,rel=1.124e-05,cos=1.000000) dx(abs=3.125e-02,rel=1.847e-05,cos=1.000000) dw(abs=8.000e+00,rel=2.382e-03,cos=0.999997) db(abs=8.000e+00,rel=2.724e-03,cos=0.999996)
triton_partial_compile fwd=0.4318 ms fwd+bwd=1.1019 ms
layernorm_dispatch fwd(abs=3.125e-02,rel=1.124e-05,cos=1.000000) dx(abs=3.125e-02,rel=1.847e-05,cos=1.000000) dw(abs=8.000e+00,rel=2.382e-03,cos=0.999997) db(abs=8.000e+00,rel=2.724e-03,cos=0.999996)
layernorm_dispatch fwd=0.1840 ms fwd+bwd=0.6133 ms
layernorm_dispatch_compile fwd(abs=3.125e-02,rel=1.124e-05,cos=1.000000) dx(abs=3.125e-02,rel=1.847e-05,cos=1.000000) dw(abs=8.000e+00,rel=2.382e-03,cos=0.999997) db(abs=8.000e+00,rel=2.724e-03,cos=0.999996)
layernorm_dispatch_compile fwd=0.4308 ms fwd+bwd=1.1022 ms

=== M=589824  d_in=512  d_out=512 ===
# L=768 D=512
pytorch fwd(abs=0.000e+00,rel=0.000e+00,cos=1.000000) dx(abs=0.000e+00,rel=0.000e+00,cos=1.000000) dw(abs=0.000e+00,rel=0.000e+00,cos=1.000000) db(abs=0.000e+00,rel=0.000e+00,cos=1.000000)
pytorch fwd=1.0115 ms fwd+bwd=2.2576 ms
triton_atomic fwd(abs=3.125e-02,rel=1.199e-05,cos=1.000000) dx(abs=3.125e-02,rel=1.704e-05,cos=1.000000) dw(abs=8.000e+00,rel=2.695e-03,cos=0.999996) db(abs=8.000e+00,rel=2.737e-03,cos=0.999996)
triton_atomic fwd=0.4041 ms fwd+bwd=1.3107 ms
triton_atomic_compile fwd(abs=3.125e-02,rel=1.199e-05,cos=1.000000) dx(abs=3.125e-02,rel=1.704e-05,cos=1.000000) dw(abs=8.000e+00,rel=2.695e-03,cos=0.999996) db(abs=8.000e+00,rel=2.737e-03,cos=0.999996)
triton_atomic_compile fwd=0.9477 ms fwd+bwd=2.4857 ms
triton_partial fwd(abs=3.125e-02,rel=1.199e-05,cos=1.000000) dx(abs=3.125e-02,rel=1.687e-05,cos=1.000000) dw(abs=8.000e+00,rel=2.695e-03,cos=0.999996) db(abs=8.000e+00,rel=2.737e-03,cos=0.999996)
triton_partial fwd=0.4037 ms fwd+bwd=1.3047 ms
triton_partial_compile fwd(abs=3.125e-02,rel=1.199e-05,cos=1.000000) dx(abs=3.125e-02,rel=1.687e-05,cos=1.000000) dw(abs=8.000e+00,rel=2.695e-03,cos=0.999996) db(abs=8.000e+00,rel=2.737e-03,cos=0.999996)
triton_partial_compile fwd=0.9495 ms fwd+bwd=2.3878 ms
layernorm_dispatch fwd(abs=3.125e-02,rel=1.199e-05,cos=1.000000) dx(abs=3.125e-02,rel=1.687e-05,cos=1.000000) dw(abs=8.000e+00,rel=2.695e-03,cos=0.999996) db(abs=8.000e+00,rel=2.737e-03,cos=0.999996)
layernorm_dispatch fwd=0.4044 ms fwd+bwd=1.3077 ms
layernorm_dispatch_compile fwd(abs=3.125e-02,rel=1.199e-05,cos=1.000000) dx(abs=3.125e-02,rel=1.687e-05,cos=1.000000) dw(abs=8.000e+00,rel=2.695e-03,cos=0.999996) db(abs=8.000e+00,rel=2.737e-03,cos=0.999996)
layernorm_dispatch_compile fwd=0.9477 ms fwd+bwd=2.3874 ms

=== M=1048576  d_in=512  d_out=512 ===
# L=1024 D=512
pytorch fwd(abs=0.000e+00,rel=0.000e+00,cos=1.000000) dx(abs=0.000e+00,rel=0.000e+00,cos=1.000000) dw(abs=0.000e+00,rel=0.000e+00,cos=1.000000) db(abs=0.000e+00,rel=0.000e+00,cos=1.000000)
pytorch fwd=1.7927 ms fwd+bwd=4.0325 ms
triton_atomic fwd(abs=3.125e-02,rel=1.156e-05,cos=1.000000) dx(abs=6.250e-02,rel=1.800e-05,cos=1.000000) dw(abs=8.000e+00,rel=2.488e-03,cos=0.999997) db(abs=1.600e+01,rel=2.394e-03,cos=0.999997)
triton_atomic fwd=0.7122 ms fwd+bwd=2.4948 ms
triton_atomic_compile fwd(abs=3.125e-02,rel=1.156e-05,cos=1.000000) dx(abs=6.250e-02,rel=1.800e-05,cos=1.000000) dw(abs=8.000e+00,rel=2.488e-03,cos=0.999997) db(abs=1.600e+01,rel=2.394e-03,cos=0.999997)
triton_atomic_compile fwd=1.6668 ms fwd+bwd=4.3910 ms
triton_partial fwd(abs=3.125e-02,rel=1.156e-05,cos=1.000000) dx(abs=6.250e-02,rel=1.803e-05,cos=1.000000) dw(abs=8.000e+00,rel=2.488e-03,cos=0.999997) db(abs=1.600e+01,rel=2.417e-03,cos=0.999997)
triton_partial fwd=0.7138 ms fwd+bwd=2.2745 ms
triton_partial_compile fwd(abs=3.125e-02,rel=1.156e-05,cos=1.000000) dx(abs=6.250e-02,rel=1.803e-05,cos=1.000000) dw(abs=8.000e+00,rel=2.488e-03,cos=0.999997) db(abs=1.600e+01,rel=2.417e-03,cos=0.999997)
triton_partial_compile fwd=1.6683 ms fwd+bwd=4.1823 ms
layernorm_dispatch fwd(abs=3.125e-02,rel=1.156e-05,cos=1.000000) dx(abs=6.250e-02,rel=1.803e-05,cos=1.000000) dw(abs=8.000e+00,rel=2.488e-03,cos=0.999997) db(abs=1.600e+01,rel=2.417e-03,cos=0.999997)
layernorm_dispatch fwd=0.7115 ms fwd+bwd=2.2729 ms
layernorm_dispatch_compile fwd(abs=3.125e-02,rel=1.156e-05,cos=1.000000) dx(abs=6.250e-02,rel=1.803e-05,cos=1.000000) dw(abs=8.000e+00,rel=2.488e-03,cos=0.999997) db(abs=1.600e+01,rel=2.417e-03,cos=0.999997)
layernorm_dispatch_compile fwd=1.6657 ms fwd+bwd=4.1802 ms

=== M=147456  d_in=768  d_out=768 ===
# L=384 D=768
pytorch fwd(abs=0.000e+00,rel=0.000e+00,cos=1.000000) dx(abs=0.000e+00,rel=0.000e+00,cos=1.000000) dw(abs=0.000e+00,rel=0.000e+00,cos=1.000000) db(abs=0.000e+00,rel=0.000e+00,cos=1.000000)
pytorch fwd=0.3030 ms fwd+bwd=0.7587 ms
triton_atomic fwd(abs=6.250e-02,rel=1.316e-05,cos=1.000000) dx(abs=3.125e-02,rel=2.000e-05,cos=1.000000) dw(abs=8.000e+00,rel=2.350e-03,cos=0.999997) db(abs=4.000e+00,rel=2.326e-03,cos=0.999997)
triton_atomic fwd=0.1556 ms fwd+bwd=0.6680 ms
triton_atomic_compile fwd(abs=6.250e-02,rel=1.316e-05,cos=1.000000) dx(abs=3.125e-02,rel=2.000e-05,cos=1.000000) dw(abs=8.000e+00,rel=2.350e-03,cos=0.999997) db(abs=4.000e+00,rel=2.326e-03,cos=0.999997)
triton_atomic_compile fwd=0.3648 ms fwd+bwd=1.0797 ms
triton_partial fwd(abs=6.250e-02,rel=1.316e-05,cos=1.000000) dx(abs=3.125e-02,rel=2.013e-05,cos=1.000000) dw(abs=8.000e+00,rel=2.350e-03,cos=0.999997) db(abs=4.000e+00,rel=2.326e-03,cos=0.999997)
triton_partial fwd=0.1563 ms fwd+bwd=0.5092 ms
triton_partial_compile fwd(abs=6.250e-02,rel=1.316e-05,cos=1.000000) dx(abs=3.125e-02,rel=2.013e-05,cos=1.000000) dw(abs=8.000e+00,rel=2.350e-03,cos=0.999997) db(abs=4.000e+00,rel=2.326e-03,cos=0.999997)
triton_partial_compile fwd=0.3650 ms fwd+bwd=0.9211 ms
layernorm_dispatch fwd(abs=6.250e-02,rel=1.316e-05,cos=1.000000) dx(abs=3.125e-02,rel=2.013e-05,cos=1.000000) dw(abs=8.000e+00,rel=2.350e-03,cos=0.999997) db(abs=4.000e+00,rel=2.326e-03,cos=0.999997)
layernorm_dispatch fwd=0.1565 ms fwd+bwd=0.5104 ms
layernorm_dispatch_compile fwd(abs=6.250e-02,rel=1.316e-05,cos=1.000000) dx(abs=3.125e-02,rel=2.013e-05,cos=1.000000) dw(abs=8.000e+00,rel=2.350e-03,cos=0.999997) db(abs=4.000e+00,rel=2.326e-03,cos=0.999997)
layernorm_dispatch_compile fwd=0.3648 ms fwd+bwd=0.9211 ms

=== M=262144  d_in=768  d_out=768 ===
# L=512 D=768
pytorch fwd(abs=0.000e+00,rel=0.000e+00,cos=1.000000) dx(abs=0.000e+00,rel=0.000e+00,cos=1.000000) dw(abs=0.000e+00,rel=0.000e+00,cos=1.000000) db(abs=0.000e+00,rel=0.000e+00,cos=1.000000)
pytorch fwd=0.5292 ms fwd+bwd=1.3250 ms
triton_atomic fwd(abs=3.125e-02,rel=1.245e-05,cos=1.000000) dx(abs=3.125e-02,rel=2.081e-05,cos=1.000000) dw(abs=8.000e+00,rel=2.529e-03,cos=0.999997) db(abs=8.000e+00,rel=2.763e-03,cos=0.999996)
triton_atomic fwd=0.2716 ms fwd+bwd=1.1583 ms
triton_atomic_compile fwd(abs=3.125e-02,rel=1.245e-05,cos=1.000000) dx(abs=3.125e-02,rel=2.081e-05,cos=1.000000) dw(abs=8.000e+00,rel=2.528e-03,cos=0.999997) db(abs=8.000e+00,rel=2.763e-03,cos=0.999996)
triton_atomic_compile fwd=0.6351 ms fwd+bwd=1.8795 ms
triton_partial fwd(abs=3.125e-02,rel=1.245e-05,cos=1.000000) dx(abs=3.125e-02,rel=2.076e-05,cos=1.000000) dw(abs=8.000e+00,rel=2.528e-03,cos=0.999997) db(abs=8.000e+00,rel=2.763e-03,cos=0.999996)
triton_partial fwd=0.2716 ms fwd+bwd=0.8816 ms
triton_partial_compile fwd(abs=3.125e-02,rel=1.245e-05,cos=1.000000) dx(abs=3.125e-02,rel=2.076e-05,cos=1.000000) dw(abs=8.000e+00,rel=2.528e-03,cos=0.999997) db(abs=8.000e+00,rel=2.763e-03,cos=0.999996)
triton_partial_compile fwd=0.6335 ms fwd+bwd=1.6001 ms
layernorm_dispatch fwd(abs=3.125e-02,rel=1.245e-05,cos=1.000000) dx(abs=3.125e-02,rel=2.076e-05,cos=1.000000) dw(abs=8.000e+00,rel=2.528e-03,cos=0.999997) db(abs=8.000e+00,rel=2.763e-03,cos=0.999996)
layernorm_dispatch fwd=0.2718 ms fwd+bwd=0.8839 ms
layernorm_dispatch_compile fwd(abs=3.125e-02,rel=1.245e-05,cos=1.000000) dx(abs=3.125e-02,rel=2.076e-05,cos=1.000000) dw(abs=8.000e+00,rel=2.528e-03,cos=0.999997) db(abs=8.000e+00,rel=2.763e-03,cos=0.999996)
layernorm_dispatch_compile fwd=0.6331 ms fwd+bwd=1.5992 ms

=== M=589824  d_in=768  d_out=768 ===
# L=768 D=768
pytorch fwd(abs=0.000e+00,rel=0.000e+00,cos=1.000000) dx(abs=0.000e+00,rel=0.000e+00,cos=1.000000) dw(abs=0.000e+00,rel=0.000e+00,cos=1.000000) db(abs=0.000e+00,rel=0.000e+00,cos=1.000000)
pytorch fwd=1.1815 ms fwd+bwd=2.9773 ms
triton_atomic fwd(abs=3.125e-02,rel=1.226e-05,cos=1.000000) dx(abs=3.125e-02,rel=2.000e-05,cos=1.000000) dw(abs=1.600e+01,rel=2.740e-03,cos=0.999996) db(abs=1.600e+01,rel=2.585e-03,cos=0.999997)
triton_atomic fwd=0.6017 ms fwd+bwd=2.5706 ms
triton_atomic_compile fwd(abs=3.125e-02,rel=1.226e-05,cos=1.000000) dx(abs=3.125e-02,rel=2.000e-05,cos=1.000000) dw(abs=1.600e+01,rel=2.740e-03,cos=0.999996) db(abs=1.600e+01,rel=2.585e-03,cos=0.999997)
triton_atomic_compile fwd=1.4099 ms fwd+bwd=4.1861 ms
triton_partial fwd(abs=3.125e-02,rel=1.226e-05,cos=1.000000) dx(abs=3.125e-02,rel=1.997e-05,cos=1.000000) dw(abs=1.600e+01,rel=2.739e-03,cos=0.999996) db(abs=1.600e+01,rel=2.585e-03,cos=0.999997)
triton_partial fwd=0.6003 ms fwd+bwd=1.8725 ms
triton_partial_compile fwd(abs=3.125e-02,rel=1.226e-05,cos=1.000000) dx(abs=3.125e-02,rel=1.997e-05,cos=1.000000) dw(abs=1.600e+01,rel=2.739e-03,cos=0.999996) db(abs=1.600e+01,rel=2.585e-03,cos=0.999997)
triton_partial_compile fwd=1.4108 ms fwd+bwd=3.4874 ms
layernorm_dispatch fwd(abs=3.125e-02,rel=1.226e-05,cos=1.000000) dx(abs=3.125e-02,rel=1.997e-05,cos=1.000000) dw(abs=1.600e+01,rel=2.739e-03,cos=0.999996) db(abs=1.600e+01,rel=2.585e-03,cos=0.999997)
layernorm_dispatch fwd=0.6029 ms fwd+bwd=1.8761 ms
layernorm_dispatch_compile fwd(abs=3.125e-02,rel=1.226e-05,cos=1.000000) dx(abs=3.125e-02,rel=1.997e-05,cos=1.000000) dw(abs=1.600e+01,rel=2.739e-03,cos=0.999996) db(abs=1.600e+01,rel=2.585e-03,cos=0.999997)
layernorm_dispatch_compile fwd=1.4083 ms fwd+bwd=3.4863 ms

=== M=1048576  d_in=768  d_out=768 ===
# L=1024 D=768
pytorch fwd(abs=0.000e+00,rel=0.000e+00,cos=1.000000) dx(abs=0.000e+00,rel=0.000e+00,cos=1.000000) dw(abs=0.000e+00,rel=0.000e+00,cos=1.000000) db(abs=0.000e+00,rel=0.000e+00,cos=1.000000)
pytorch fwd=2.1092 ms fwd+bwd=5.3398 ms
triton_atomic fwd(abs=3.125e-02,rel=1.204e-05,cos=1.000000) dx(abs=6.250e-02,rel=1.999e-05,cos=1.000000) dw(abs=1.600e+01,rel=2.689e-03,cos=0.999996) db(abs=1.600e+01,rel=2.431e-03,cos=0.999997)
triton_atomic fwd=1.0622 ms fwd+bwd=4.5409 ms
triton_atomic_compile fwd(abs=3.125e-02,rel=1.204e-05,cos=1.000000) dx(abs=6.250e-02,rel=1.999e-05,cos=1.000000) dw(abs=1.600e+01,rel=2.689e-03,cos=0.999996) db(abs=1.600e+01,rel=2.430e-03,cos=0.999997)
triton_atomic_compile fwd=2.4992 ms fwd+bwd=7.4332 ms
triton_partial fwd(abs=3.125e-02,rel=1.204e-05,cos=1.000000) dx(abs=6.250e-02,rel=2.000e-05,cos=1.000000) dw(abs=1.600e+01,rel=2.692e-03,cos=0.999996) db(abs=1.600e+01,rel=2.430e-03,cos=0.999997)
triton_partial fwd=1.0640 ms fwd+bwd=3.2904 ms
triton_partial_compile fwd(abs=3.125e-02,rel=1.204e-05,cos=1.000000) dx(abs=6.250e-02,rel=2.000e-05,cos=1.000000) dw(abs=1.600e+01,rel=2.692e-03,cos=0.999996) db(abs=1.600e+01,rel=2.430e-03,cos=0.999997)
triton_partial_compile fwd=2.5008 ms fwd+bwd=6.1481 ms
layernorm_dispatch fwd(abs=3.125e-02,rel=1.204e-05,cos=1.000000) dx(abs=6.250e-02,rel=2.000e-05,cos=1.000000) dw(abs=1.600e+01,rel=2.692e-03,cos=0.999996) db(abs=1.600e+01,rel=2.430e-03,cos=0.999997)
layernorm_dispatch fwd=1.0641 ms fwd+bwd=3.2881 ms
layernorm_dispatch_compile fwd(abs=3.125e-02,rel=1.204e-05,cos=1.000000) dx(abs=6.250e-02,rel=2.000e-05,cos=1.000000) dw(abs=1.600e+01,rel=2.692e-03,cos=0.999996) db(abs=1.600e+01,rel=2.430e-03,cos=0.999997)
layernorm_dispatch_compile fwd=2.4959 ms fwd+bwd=6.1407 ms

DONE
