host=node01 date=Sat Jun 27 12:15:41 KST 2026
torch 2.10.0+cu128  NVIDIA H100 80GB HBM3
=== INFERENCE ===
stream      M     d |       cos    maxerr |   ours_us  eager_us compile_us | vs_eager  vs_comp
----------------------------------------------------------------------------------------------------
  atom   2048   128 |  0.999999  5.52e-03 |      35.5      57.2       67.5 |    1.61x    1.90x
  atom   4096   128 |  0.999999  6.62e-03 |      35.9      56.3       72.5 |    1.57x    2.02x
  atom   8192   128 |  0.999999  5.47e-03 |      35.5      67.1       71.8 |    1.89x    2.02x
 token    384   768 |  0.999999  4.83e-03 |     106.0     109.3      182.5 |    1.03x    1.72x
 token    512   768 |  0.999999  4.83e-03 |      57.5      68.2       90.6 |    1.19x    1.58x
 token    768   768 |  0.999999  6.24e-03 |      58.9      71.7       95.1 |    1.22x    1.62x
 token   1024   768 |  0.999999  6.24e-03 |      61.8      79.4       94.9 |    1.28x    1.53x

=== TRAINING (fwd+bwd) ===
stream      M     d |    cos_y   cos_dx cos_dcond  cos_dWa  cos_dWs cos_dWsc cos_dbsc |   ours_us  eager_us compile_us | vs_eager  vs_comp
------------------------------------------------------------------------------------------------------------------------------------------------------
  atom   2048   128 |  1.00000  0.40724   1.00000  0.87743  1.00000  1.00000  1.00000 |     356.7     343.5      394.7 |    0.96x    1.11x
  atom   4096   128 |  1.00000  0.40552   1.00000  0.93143  1.00000  1.00000  1.00000 |     335.4     326.3      398.8 |    0.97x    1.19x
  atom   8192   128 |  1.00000  0.13093   1.00000  0.72440  1.00000  1.00000  1.00000 |     353.7     325.6      391.1 |    0.92x    1.11x
 token    384   768 |  1.00000  0.39576   1.00000  0.46375  1.00000  1.00000  1.00000 |     446.8     392.0      428.0 |    0.88x    0.96x
 token    512   768 |  1.00000  0.10593   1.00000  0.13519  1.00000  1.00000  1.00000 |     367.2     351.2      433.2 |    0.96x    1.18x
 token    768   768 |  1.00000  0.01307   1.00000  0.01792  1.00000  1.00000  1.00000 |     365.1     343.2      432.1 |    0.94x    1.18x
 token   1024   768 |  1.00000  0.32527   1.00000  0.45922  1.00000  1.00000  1.00000 |     362.6     343.9      429.2 |    0.95x    1.18x
DONE
[exit=0] CT BENCH DONE
