host=node01 date=Sat Jun 27 12:13:35 KST 2026
torch 2.10.0+cu128  NVIDIA H100 80GB HBM3
=== INFERENCE ===
stream      M     d |       cos    maxerr |   ours_us  eager_us compile_us | vs_eager  vs_comp
----------------------------------------------------------------------------------------------------
  atom   2048   128 |  0.999999  5.52e-03 |      35.0      57.5       67.0 |    1.64x    1.91x
  atom   4096   128 |  0.999999  6.62e-03 |      34.8      57.3       72.4 |    1.65x    2.08x
  atom   8192   128 |  0.999999  5.47e-03 |      35.6      66.9       72.0 |    1.88x    2.02x
 token    384   768 |  0.999999  4.83e-03 |      57.5      69.1       92.9 |    1.20x    1.62x
 token    512   768 |  0.999999  4.83e-03 |      58.1      69.1       92.6 |    1.19x    1.59x
 token    768   768 |  0.999999  6.24e-03 |      57.8      72.5       95.3 |    1.25x    1.65x
 token   1024   768 |  0.999999  6.24e-03 |      62.2      79.6       95.0 |    1.28x    1.53x

=== TRAINING (fwd+bwd) ===
stream      M     d |    cos_y   cos_dx cos_dcond  cos_dWa  cos_dWs cos_dWsc cos_dbsc |   ours_us  eager_us compile_us | vs_eager  vs_comp
------------------------------------------------------------------------------------------------------------------------------------------------------
  atom   2048   128 |  1.00000  1.00000   1.00000  1.00000  1.00000  1.00000  1.00000 |     530.0     355.6      401.3 |    0.67x    0.76x
  atom   4096   128 |  1.00000  1.00000   1.00000  1.00000  1.00000  1.00000  1.00000 |     342.6     331.7     3170.0 |    0.97x    9.25x
  atom   8192   128 |  1.00000  1.00000   1.00000  1.00000  1.00000  1.00000  1.00000 |     351.9     335.3      399.8 |    0.95x    1.14x
 token    384   768 |  1.00000  1.00000   1.00000  1.00000  1.00000  1.00000  1.00000 |     374.9     341.5      426.9 |    0.91x    1.14x
 token    512   768 |  1.00000  1.00000   1.00000  1.00000  1.00000  1.00000  1.00000 |     368.1     344.0      435.4 |    0.93x    1.18x
 token    768   768 |  1.00000  1.00000   1.00000  1.00000  1.00000  1.00000  1.00000 |     369.4     346.2      433.5 |    0.94x    1.17x
 token   1024   768 |  1.00000  1.00000   1.00000  1.00000  1.00000  1.00000  1.00000 |     372.8     348.6      425.8 |    0.93x    1.14x
DONE
[exit=0] CT BENCH DONE
