host=node01 date=Sat Jun 27 12:12:28 KST 2026
torch 2.10.0+cu128  NVIDIA H100 80GB HBM3
=== INFERENCE ===
stream      M     d |       cos    maxerr |   ours_us  eager_us compile_us | vs_eager  vs_comp
----------------------------------------------------------------------------------------------------
  atom   2048   128 |  0.999999  5.52e-03 |      36.1      56.3       67.2 |    1.56x    1.86x
  atom   4096   128 |  0.999999  6.62e-03 |      36.9      56.2       73.7 |    1.52x    2.00x
  atom   8192   128 |  0.999999  5.47e-03 |      36.3      66.5       73.0 |    1.83x    2.01x
Traceback (most recent call last):
  File "/home/psk6950/miniworld-kernels/.pixi/envs/default/lib/python3.12/site-packages/triton/language/core.py", line 43, in wrapper
    return fn(*args, **kwargs)
           ^^^^^^^^^^^^^^^^^^^
  File "/home/psk6950/miniworld-kernels/.pixi/envs/default/lib/python3.12/site-packages/triton/language/core.py", line 1644, in arange
    return _semantic.arange(start, end)
           ^^^^^^^^^^^^^^^^^^^^^^^^^^^^
  File "/home/psk6950/miniworld-kernels/.pixi/envs/default/lib/python3.12/site-packages/triton/language/semantic.py", line 583, in arange
    raise ValueError("arange's range must be a power of 2")
ValueError: arange's range must be a power of 2

The above exception was the direct cause of the following exception:

Traceback (most recent call last):
  File "/home/psk6950/miniworld-kernels/_ct_tmp/bench_ct.py", line 128, in <module>
    main()
  File "/home/psk6950/miniworld-kernels/_ct_tmp/bench_ct.py", line 121, in main
    inference_section()
  File "/home/psk6950/miniworld-kernels/_ct_tmp/bench_ct.py", line 72, in inference_section
    y = cond_transition_inference_dispatch(x, cond, Wa, Wb, Ws, Wsc, bsc)
        ^^^^^^^^^^^^^^^^^^^^^^^^^^^^^^^^^^^^^^^^^^^^^^^^^^^^^^^^^^^^^^^^^
  File "/home/psk6950/miniworld-kernels/src/miniworld_kernels/kernels/conditioned_transition/triton/interface.py", line 28, in cond_transition_inference_dispatch
    return cond_transition_inference_composed(x, cond, wa, wb, ws, wsc, bsc)
           ^^^^^^^^^^^^^^^^^^^^^^^^^^^^^^^^^^^^^^^^^^^^^^^^^^^^^^^^^^^^^^^^^
  File "/home/psk6950/miniworld-kernels/src/miniworld_kernels/kernels/conditioned_transition/triton/composed.py", line 188, in cond_transition_inference_composed
    return _squeeze_gate(h, cond, ws, wsc, bsc)
           ^^^^^^^^^^^^^^^^^^^^^^^^^^^^^^^^^^^^
  File "/home/psk6950/miniworld-kernels/src/miniworld_kernels/kernels/conditioned_transition/triton/composed.py", line 167, in _squeeze_gate
    _squeeze_gate_kernel[grid](
  File "/home/psk6950/miniworld-kernels/.pixi/envs/default/lib/python3.12/site-packages/triton/runtime/jit.py", line 370, in <lambda>
    return lambda *args, **kwargs: self.run(grid=grid, warmup=False, *args, **kwargs)
                                   ^^^^^^^^^^^^^^^^^^^^^^^^^^^^^^^^^^^^^^^^^^^^^^^^^^
  File "/home/psk6950/miniworld-kernels/.pixi/envs/default/lib/python3.12/site-packages/triton/runtime/autotuner.py", line 240, in run
    benchmark()
  File "/home/psk6950/miniworld-kernels/.pixi/envs/default/lib/python3.12/site-packages/triton/runtime/autotuner.py", line 229, in benchmark
    timings = {config: self._bench(*args, config=config, **kwargs) for config in pruned_configs}
                       ^^^^^^^^^^^^^^^^^^^^^^^^^^^^^^^^^^^^^^^^^^^
  File "/home/psk6950/miniworld-kernels/.pixi/envs/default/lib/python3.12/site-packages/triton/runtime/autotuner.py", line 164, in _bench
    return self.do_bench(kernel_call, quantiles=(0.5, 0.2, 0.8))
           ^^^^^^^^^^^^^^^^^^^^^^^^^^^^^^^^^^^^^^^^^^^^^^^^^^^^^
  File "/home/psk6950/miniworld-kernels/.pixi/envs/default/lib/python3.12/site-packages/triton/testing.py", line 149, in do_bench
    fn()
  File "/home/psk6950/miniworld-kernels/.pixi/envs/default/lib/python3.12/site-packages/triton/runtime/autotuner.py", line 150, in kernel_call
    self.fn.run(
  File "/home/psk6950/miniworld-kernels/.pixi/envs/default/lib/python3.12/site-packages/triton/runtime/jit.py", line 720, in run
    kernel = self._do_compile(key, signature, device, constexprs, options, attrs, warmup)
             ^^^^^^^^^^^^^^^^^^^^^^^^^^^^^^^^^^^^^^^^^^^^^^^^^^^^^^^^^^^^^^^^^^^^^^^^^^^^
  File "/home/psk6950/miniworld-kernels/.pixi/envs/default/lib/python3.12/site-packages/triton/runtime/jit.py", line 849, in _do_compile
    kernel = self.compile(src, target=target, options=options.__dict__)
             ^^^^^^^^^^^^^^^^^^^^^^^^^^^^^^^^^^^^^^^^^^^^^^^^^^^^^^^^^^
  File "/home/psk6950/miniworld-kernels/.pixi/envs/default/lib/python3.12/site-packages/triton/compiler/compiler.py", line 304, in compile
    module = src.make_ir(target, options, codegen_fns, module_map, context)
             ^^^^^^^^^^^^^^^^^^^^^^^^^^^^^^^^^^^^^^^^^^^^^^^^^^^^^^^^^^^^^^
  File "/home/psk6950/miniworld-kernels/.pixi/envs/default/lib/python3.12/site-packages/triton/compiler/compiler.py", line 80, in make_ir
    return ast_to_ttir(self.fn, self, context=context, options=options, codegen_fns=codegen_fns,
           ^^^^^^^^^^^^^^^^^^^^^^^^^^^^^^^^^^^^^^^^^^^^^^^^^^^^^^^^^^^^^^^^^^^^^^^^^^^^^^^^^^^^^
triton.compiler.errors.CompilationError: at 15:12:
    D: tl.constexpr, DC: tl.constexpr,
    stride_hm, stride_hn,
    stride_cm, stride_cc,
    stride_sd, stride_sn,     # Ws: (D, ND) row-major
    stride_scd, stride_scc,   # Wsc: (D, DC) row-major
    stride_om, stride_od,
    BLOCK_M: tl.constexpr, BLOCK_K: tl.constexpr, BLOCK_DC: tl.constexpr,
):
    pid_m = tl.program_id(0)
    rows = pid_m * BLOCK_M + tl.arange(0, BLOCK_M)
    row_mask = rows < M
    dcols = tl.arange(0, D)
            ^
arange's range must be a power of 2
[exit=1] CT BENCH DONE
