host=node01 date=Sat Jun 27 14:03:04 KST 2026
torch 2.10.0+cu128  NVIDIA H100 80GB HBM3
=== CORRECTNESS (NEW fused-fwd training) vs autograd ref ===
   atom M= 2048 d=128 cos_y=1.00000 dx=1.00000 dcond=1.00000 dWa=1.00000 dWb=1.00000 dWs=1.00000 dWsc=1.00000 dbsc=1.00000 worst=1.00000 OK
   atom M= 8192 d=128 cos_y=1.00000 dx=1.00000 dcond=1.00000 dWa=1.00000 dWb=1.00000 dWs=1.00000 dWsc=1.00000 dbsc=1.00000 worst=1.00000 OK
  token M=  384 d=768 cos_y=1.00000 dx=1.00000 dcond=1.00000 dWa=1.00000 dWb=1.00000 dWs=1.00000 dWsc=1.00000 dbsc=1.00000 worst=1.00000 OK
  token M= 1024 d=768 cos_y=1.00000 dx=1.00000 dcond=1.00000 dWa=1.00000 dWb=1.00000 dWs=1.00000 dWsc=1.00000 dbsc=1.00000 worst=1.00000 OK

=== FWD-ONLY CUDA-graph (us): fused-triton fwd vs cuBLAS fwd (the lever) ===
stream      M    d | fused_fwd cublas_fwd speedup
  atom   2048  128 |      26.3       24.7   0.94x
  atom   4096  128 |      29.9       31.3   1.05x
  atom   8192  128 |      43.0       49.1   1.14x
 token    384  768 |      35.1       46.0   1.31x
 token    512  768 |      36.5       48.6   1.33x
 token    768  768 |      67.7       61.6   0.91x
 token   1024  768 |      70.4       60.6   0.86x

=== CUDA-graph fwd+bwd (us): NEW(fused-fwd) vs OLD(cuBLAS-fwd) vs eager vs compile ===
stream      M    d |      NEW      OLD    eager  compile | vs_eager  vs_OLD vs_comp
  atom   2048  128 |     94.0     90.4    110.2     87.0 |    1.17x   0.96x   0.93x
  atom   4096  128 |    120.7    115.4    142.5    113.1 |    1.18x   0.96x   0.94x
  atom   8192  128 |    159.2    163.1    198.5    158.7 |    1.25x   1.02x   1.00x
 token    384  768 |    145.8    147.7    174.8    156.6 |    1.20x   1.01x   1.07x
 token    512  768 |    164.9    166.9    196.2    173.3 |    1.19x   1.01x   1.05x
 token    768  768 |    230.0    212.5    236.8    206.6 |    1.03x   0.92x   0.90x
 token   1024  768 |    247.1    227.4    260.7    232.4 |    1.05x   0.92x   0.94x
DONE
[exit=0] CT FF DONE
