host=node01 date=Sat Jun 27 14:02:10 KST 2026
torch 2.10.0+cu128  NVIDIA H100 80GB HBM3
=== CORRECTNESS (NEW fused-fwd training) vs autograd ref ===
Traceback (most recent call last):
  File "/home/psk6950/miniworld-kernels/_ct_tmp/bench_fwdfused.py", line 151, in <module>
    main()
  File "/home/psk6950/miniworld-kernels/_ct_tmp/bench_fwdfused.py", line 147, in main
    correctness(); fwd_micro(); e2e(); print("DONE")
    ^^^^^^^^^^^^^
  File "/home/psk6950/miniworld-kernels/_ct_tmp/bench_fwdfused.py", line 102, in correctness
    yo, go = fb(cond_transition_train, t)
             ^^^^^^^^^^^^^^^^^^^^^^^^^^^^
  File "/home/psk6950/miniworld-kernels/_ct_tmp/bench_fwdfused.py", line 73, in fb
    y = fn(*t); g = torch.ones_like(y)
        ^^^^^^
  File "/home/psk6950/miniworld-kernels/src/miniworld_kernels/kernels/conditioned_transition/triton/training.py", line 325, in cond_transition_train
    return ConditionedTransitionTailFunction.apply(x, cond, wa, wb, ws, wsc, bsc)
           ^^^^^^^^^^^^^^^^^^^^^^^^^^^^^^^^^^^^^^^^^^^^^^^^^^^^^^^^^^^^^^^^^^^^^^
  File "/home/psk6950/miniworld-kernels/.pixi/envs/default/lib/python3.12/site-packages/torch/autograd/function.py", line 583, in apply
    return super().apply(*args, **kwargs)  # type: ignore[misc]
           ^^^^^^^^^^^^^^^^^^^^^^^^^^^^^^
  File "/home/psk6950/miniworld-kernels/src/miniworld_kernels/kernels/conditioned_transition/triton/training.py", line 292, in forward
    y, ab, h, out, scale = _fused_fwd_train(x, cond.contiguous(), wa, wb, ws, wsc, bsc)
                           ^^^^^^^^^^^^^^^^^^^^^^^^^^^^^^^^^^^^^^^^^^^^^^^^^^^^^^^^^^^^
  File "/home/psk6950/miniworld-kernels/src/miniworld_kernels/kernels/conditioned_transition/triton/training.py", line 274, in _fused_fwd_train
    return _b2b_fwd_train(x, cond, wa, wb, ws, wsc, bsc)
           ^^^^^^^^^^^^^^^^^^^^^^^^^^^^^^^^^^^^^^^^^^^^^
  File "/home/psk6950/miniworld-kernels/src/miniworld_kernels/kernels/conditioned_transition/triton/training.py", line 245, in _b2b_fwd_train
    _b2b_fwd_train_kernel[grid](
  File "/home/psk6950/miniworld-kernels/.pixi/envs/default/lib/python3.12/site-packages/triton/runtime/jit.py", line 370, in <lambda>
    return lambda *args, **kwargs: self.run(grid=grid, warmup=False, *args, **kwargs)
                                   ^^^^^^^^^^^^^^^^^^^^^^^^^^^^^^^^^^^^^^^^^^^^^^^^^^
  File "/home/psk6950/miniworld-kernels/.pixi/envs/default/lib/python3.12/site-packages/triton/runtime/autotuner.py", line 252, in run
    ret = self.fn.run(
          ^^^^^^^^^^^^
  File "/home/psk6950/miniworld-kernels/.pixi/envs/default/lib/python3.12/site-packages/triton/runtime/jit.py", line 743, in run
    launch_metadata = kernel.launch_metadata(grid, stream, *bound_args.values())
                      ^^^^^^^^^^^^^^^^^^^^^^^^^^^^^^^^^^^^^^^^^^^^^^^^^^^^^^^^^^
  File "/home/psk6950/miniworld-kernels/.pixi/envs/default/lib/python3.12/site-packages/triton/compiler/compiler.py", line 482, in launch_metadata
    self._init_handles()
  File "/home/psk6950/miniworld-kernels/.pixi/envs/default/lib/python3.12/site-packages/triton/compiler/compiler.py", line 456, in _init_handles
    raise_(OutOfResources(self.metadata.shared, max_shared, "shared memory"))
  File "/home/psk6950/miniworld-kernels/.pixi/envs/default/lib/python3.12/site-packages/triton/compiler/compiler.py", line 448, in raise_
    raise err
triton.runtime.errors.OutOfResources: out of resource: shared memory, Required: 245760, Hardware limit: 232448. Reducing block sizes or `num_stages` may help.
[exit=1] CT FF DONE
