torch 2.10.0+cu128 NVIDIA H100 80GB HBM3  A=48  [CUDA-graph fwd, us]
stream     L    M=A*L    d |     2kern       b2b     eager   compile |  2k/comp b2b/comp       cos
Traceback (most recent call last):
  File "/home/psk6950/miniworld-kernels/_ct_tmp/rebench_A48.py", line 37, in <module>
    tc=gbench(lambda: cf(x,c,Wa,Wb,Ws,Wsc,bsc))
       ^^^^^^^^^^^^^^^^^^^^^^^^^^^^^^^^^^^^^^^^
  File "/home/psk6950/miniworld-kernels/_ct_tmp/rebench_A48.py", line 16, in gbench
    with torch.cuda.graph(g): _=fn()
                                ^^^^
  File "/home/psk6950/miniworld-kernels/_ct_tmp/rebench_A48.py", line 37, in <lambda>
    tc=gbench(lambda: cf(x,c,Wa,Wb,Ws,Wsc,bsc))
                      ^^^^^^^^^^^^^^^^^^^^^^^^
  File "/home/psk6950/miniworld-kernels/.pixi/envs/default/lib/python3.12/site-packages/torch/_dynamo/eval_frame.py", line 953, in compile_wrapper
    return fn(*args, **kwargs)
           ^^^^^^^^^^^^^^^^^^^
  File "/home/psk6950/miniworld-kernels/_ct_tmp/rebench_A48.py", line 8, in ref
    def ref(x,c,Wa,Wb,Ws,Wsc,bsc):
  File "/home/psk6950/miniworld-kernels/.pixi/envs/default/lib/python3.12/site-packages/torch/_dynamo/eval_frame.py", line 1181, in _fn
    return fn(*args, **kwargs)
           ^^^^^^^^^^^^^^^^^^^
  File "/home/psk6950/miniworld-kernels/.pixi/envs/default/lib/python3.12/site-packages/torch/_functorch/aot_autograd.py", line 1148, in forward
    return compiled_fn(full_args)
           ^^^^^^^^^^^^^^^^^^^^^^
  File "/home/psk6950/miniworld-kernels/.pixi/envs/default/lib/python3.12/site-packages/torch/_functorch/_aot_autograd/runtime_wrappers.py", line 357, in runtime_wrapper
    all_outs = call_func_at_runtime_with_args(
               ^^^^^^^^^^^^^^^^^^^^^^^^^^^^^^^
  File "/home/psk6950/miniworld-kernels/.pixi/envs/default/lib/python3.12/site-packages/torch/_functorch/_aot_autograd/utils.py", line 134, in call_func_at_runtime_with_args
    out = normalize_as_list(f(args))
                            ^^^^^^^
  File "/home/psk6950/miniworld-kernels/.pixi/envs/default/lib/python3.12/site-packages/torch/_functorch/_aot_autograd/runtime_wrappers.py", line 1962, in __call__
    return self.compiled_fn(*args, **kwargs)
           ^^^^^^^^^^^^^^^^^^^^^^^^^^^^^^^^^
  File "/home/psk6950/miniworld-kernels/.pixi/envs/default/lib/python3.12/site-packages/torch/_functorch/_aot_autograd/runtime_wrappers.py", line 531, in wrapper
    return compiled_fn(runtime_args)
           ^^^^^^^^^^^^^^^^^^^^^^^^^
  File "/home/psk6950/miniworld-kernels/.pixi/envs/default/lib/python3.12/site-packages/torch/_functorch/_aot_autograd/runtime_wrappers.py", line 729, in inner_fn
    outs = compiled_fn(args)
           ^^^^^^^^^^^^^^^^^
  File "/home/psk6950/miniworld-kernels/.pixi/envs/default/lib/python3.12/site-packages/torch/_inductor/output_code.py", line 638, in __call__
    return self.current_callable(inputs)
           ^^^^^^^^^^^^^^^^^^^^^^^^^^^^^
  File "/tmp/torchinductor_psk6950/ao/caol5xoal4htocvwlu6cop4rbhyr3jeuetpeairdgf5qb7zg7rzm.py", line 193, in call
    (buf5,) = self.partitions[0](partition0_args)
              ^^^^^^^^^^^^^^^^^^^^^^^^^^^^^^^^^^^
  File "/home/psk6950/miniworld-kernels/.pixi/envs/default/lib/python3.12/site-packages/torch/_inductor/compile_fx.py", line 1843, in run
    return compiled_fn(new_inputs)  # type: ignore[arg-type]
           ^^^^^^^^^^^^^^^^^^^^^^^
  File "/home/psk6950/miniworld-kernels/.pixi/envs/default/lib/python3.12/site-packages/torch/_inductor/cudagraph_trees.py", line 388, in deferred_cudagraphify
    return fn(inputs)
           ^^^^^^^^^^
  File "/home/psk6950/miniworld-kernels/.pixi/envs/default/lib/python3.12/site-packages/torch/_inductor/utils.py", line 3220, in run
    out = model(new_inputs)
          ^^^^^^^^^^^^^^^^^
  File "/home/psk6950/miniworld-kernels/.pixi/envs/default/lib/python3.12/site-packages/torch/_inductor/cudagraph_trees.py", line 2033, in run
    out = self._run(new_inputs, function_id)
          ^^^^^^^^^^^^^^^^^^^^^^^^^^^^^^^^^^
  File "/home/psk6950/miniworld-kernels/.pixi/envs/default/lib/python3.12/site-packages/torch/_inductor/cudagraph_trees.py", line 2170, in _run
    return self.run(new_inputs, function_id)
           ^^^^^^^^^^^^^^^^^^^^^^^^^^^^^^^^^
  File "/home/psk6950/miniworld-kernels/.pixi/envs/default/lib/python3.12/site-packages/torch/_inductor/cudagraph_trees.py", line 2033, in run
    out = self._run(new_inputs, function_id)
          ^^^^^^^^^^^^^^^^^^^^^^^^^^^^^^^^^^
  File "/home/psk6950/miniworld-kernels/.pixi/envs/default/lib/python3.12/site-packages/torch/_inductor/cudagraph_trees.py", line 2152, in _run
    return self.execute_node(child, new_inputs)
           ^^^^^^^^^^^^^^^^^^^^^^^^^^^^^^^^^^^^
  File "/home/psk6950/miniworld-kernels/.pixi/envs/default/lib/python3.12/site-packages/torch/_inductor/cudagraph_trees.py", line 2268, in execute_node
    return node.run(new_inputs)
           ^^^^^^^^^^^^^^^^^^^^
  File "/home/psk6950/miniworld-kernels/.pixi/envs/default/lib/python3.12/site-packages/torch/_inductor/cudagraph_trees.py", line 1119, in run
    self.run_graph()
  File "/home/psk6950/miniworld-kernels/.pixi/envs/default/lib/python3.12/site-packages/torch/_inductor/cudagraph_trees.py", line 1230, in run_graph
    self.graph.replay()
  File "/home/psk6950/miniworld-kernels/.pixi/envs/default/lib/python3.12/site-packages/torch/cuda/graphs.py", line 143, in replay
    super().replay()
RuntimeError: Cannot prepare for replay during capturing stage. during CUDA graph capture. If you need this call to be captured, please file an issue. Current cudaStreamCaptureStatus: cudaStreamCaptureStatusActive
[exit=1] RE DONE
