host=node01 date=Sat Jun 27 14:14:23 KST 2026
/home/psk6950/miniworld-kernels/.pixi/envs/default/lib/python3.12/site-packages/torch/autograd/graph.py:865: UserWarning: The AccumulateGrad node's stream does not match the stream of the node that produced the incoming gradient. This may incur unnecessary synchronization and break CUDA graph capture if the AccumulateGrad node's stream is the default stream. This mismatch is caused by an AccumulateGrad node created prior to the current iteration being kept alive. This can happen if the autograd graph is still being kept alive by tensors such as the loss, or if you are using DDP, which will stash a reference to the node. To resolve the mismatch, delete all references to the autograd graph or ensure that DDP initialization is performed under the same stream as subsequent forwards. If the mismatch is intentional, you can use torch.autograd.graph.set_warn_on_accumulate_grad_stream_mismatch(False) to suppress this warning. (Triggered internally at /pytorch/torch/csrc/autograd/input_buffer.cpp:240.)
  return Variable._execution_engine.run_backward(  # Calls into the C++ engine to run the backward pass
torch 2.10.0+cu128  NVIDIA H100 80GB HBM3
Traceback (most recent call last):
  File "/home/psk6950/miniworld-kernels/_ct_tmp/bench_train_vc.py", line 41, in gbench
    with torch.cuda.graph(g): call()
                              ^^^^^^
  File "/home/psk6950/miniworld-kernels/_ct_tmp/bench_train_vc.py", line 75, in <lambda>
    ours[(s, d, M)] = gbench(lambda: fb(cond_transition_train, t))
                                     ^^^^^^^^^^^^^^^^^^^^^^^^^^^^
  File "/home/psk6950/miniworld-kernels/_ct_tmp/bench_train_vc.py", line 32, in fb
    y = fn(*t); return torch.autograd.grad(y, t, torch.ones_like(y))
                       ^^^^^^^^^^^^^^^^^^^^^^^^^^^^^^^^^^^^^^^^^^^^^
  File "/home/psk6950/miniworld-kernels/.pixi/envs/default/lib/python3.12/site-packages/torch/autograd/__init__.py", line 515, in grad
    result = _engine_run_backward(
             ^^^^^^^^^^^^^^^^^^^^^
  File "/home/psk6950/miniworld-kernels/.pixi/envs/default/lib/python3.12/site-packages/torch/autograd/graph.py", line 865, in _engine_run_backward
    return Variable._execution_engine.run_backward(  # Calls into the C++ engine to run the backward pass
           ^^^^^^^^^^^^^^^^^^^^^^^^^^^^^^^^^^^^^^^^^^^^^^^^^^^^^^^^^^^^^^^^^^^^^^^^^^^^^^^^^^^^^^^^^^^^^^
torch.AcceleratorError: CUDA error: operation would make the legacy stream depend on a capturing blocking stream
Search for `cudaErrorStreamCaptureImplicit' in https://docs.nvidia.com/cuda/cuda-runtime-api/group__CUDART__TYPES.html for more information.
CUDA kernel errors might be asynchronously reported at some other API call, so the stacktrace below might be incorrect.
For debugging consider passing CUDA_LAUNCH_BLOCKING=1
Compile with `TORCH_USE_CUDA_DSA` to enable device-side assertions.


During handling of the above exception, another exception occurred:

Traceback (most recent call last):
  File "/home/psk6950/miniworld-kernels/_ct_tmp/bench_train_vc.py", line 97, in <module>
    main()
  File "/home/psk6950/miniworld-kernels/_ct_tmp/bench_train_vc.py", line 75, in main
    ours[(s, d, M)] = gbench(lambda: fb(cond_transition_train, t))
                      ^^^^^^^^^^^^^^^^^^^^^^^^^^^^^^^^^^^^^^^^^^^^
  File "/home/psk6950/miniworld-kernels/_ct_tmp/bench_train_vc.py", line 41, in gbench
    with torch.cuda.graph(g): call()
         ^^^^^^^^^^^^^^^^^^^
  File "/home/psk6950/miniworld-kernels/.pixi/envs/default/lib/python3.12/site-packages/torch/cuda/graphs.py", line 268, in __exit__
    self.cuda_graph.capture_end()
  File "/home/psk6950/miniworld-kernels/.pixi/envs/default/lib/python3.12/site-packages/torch/cuda/graphs.py", line 130, in capture_end
    super().capture_end()
torch.AcceleratorError: CUDA error: operation failed due to a previous error during capture
Search for `cudaErrorStreamCaptureInvalidated' in https://docs.nvidia.com/cuda/cuda-runtime-api/group__CUDART__TYPES.html for more information.
CUDA kernel errors might be asynchronously reported at some other API call, so the stacktrace below might be incorrect.
For debugging consider passing CUDA_LAUNCH_BLOCKING=1
Compile with `TORCH_USE_CUDA_DSA` to enable device-side assertions.

[exit=1] CT TVC DONE
