host=node01 date=Sat Jun 27 13:24:50 KST 2026
torch 2.10.0+cu128  NVIDIA H100 80GB HBM3
=== CORRECTNESS (fused-triton training, both wgrad backends) vs autograd ref ===
-- wgrad backend = cublas --
   atom M= 2048 d=128 | cos_y=1.00000 dx=1.00000 dcond=1.00000 dWa=1.00000 dWb=1.00000 dWs=1.00000 dWsc=1.00000 dbsc=1.00000 | worst=1.00000 OK
   atom M= 8192 d=128 | cos_y=1.00000 dx=1.00000 dcond=1.00000 dWa=1.00000 dWb=1.00000 dWs=1.00000 dWsc=1.00000 dbsc=1.00000 | worst=1.00000 OK
  token M=  384 d=768 | cos_y=1.00000 dx=1.00000 dcond=1.00000 dWa=1.00000 dWb=1.00000 dWs=1.00000 dWsc=1.00000 dbsc=1.00000 | worst=1.00000 OK
  token M= 1024 d=768 | cos_y=1.00000 dx=1.00000 dcond=1.00000 dWa=1.00000 dWb=1.00000 dWs=1.00000 dWsc=1.00000 dbsc=1.00000 | worst=1.00000 OK
-- wgrad backend = triton --
   atom M= 2048 d=128 | cos_y=1.00000 dx=1.00000 dcond=1.00000 dWa=1.00000 dWb=1.00000 dWs=1.00000 dWsc=1.00000 dbsc=1.00000 | worst=1.00000 OK
   atom M= 8192 d=128 | cos_y=1.00000 dx=1.00000 dcond=1.00000 dWa=1.00000 dWb=1.00000 dWs=1.00000 dWsc=1.00000 dbsc=1.00000 | worst=1.00000 OK
  token M=  384 d=768 | cos_y=1.00000 dx=1.00000 dcond=1.00000 dWa=1.00000 dWb=1.00000 dWs=1.00000 dWsc=1.00000 dbsc=1.00000 | worst=1.00000 OK
  token M= 1024 d=768 | cos_y=1.00000 dx=1.00000 dcond=1.00000 dWa=1.00000 dWb=1.00000 dWs=1.00000 dWsc=1.00000 dbsc=1.00000 | worst=1.00000 OK

=== PER-DGRAD-GEMM MICRO: fused-triton vs cuBLAS (us, tri/cub) ===
stream      M    d |   gemm | triton_us cublas_us tri/cub
  atom   2048  128 |     dh |      21.0       6.9   3.04x
  atom   2048  128 |  dcond |      20.6       6.9   2.99x
  atom   2048  128 |     dx |      24.2       8.0   3.03x
  atom   4096  128 |     dh |      20.3       7.0   2.92x
  atom   4096  128 |  dcond |      20.5       7.9   2.59x
  atom   4096  128 |     dx |      24.2       8.3   2.92x
  atom   8192  128 |     dh |      20.6       8.7   2.35x
  atom   8192  128 |  dcond |      21.8      10.3   2.12x
  atom   8192  128 |     dx |      43.1      11.1   3.89x
 token    384  768 |     dh |      25.1      11.8   2.13x
 token    384  768 |  dcond |      21.7       9.9   2.20x
 token    384  768 |     dx |     102.9      20.3   5.07x
 token    512  768 |     dh |      25.0      12.3   2.03x
 token    512  768 |  dcond |      21.5       9.9   2.17x
 token    512  768 |     dx |     103.4      23.3   4.44x
 token    768  768 |     dh |      46.2      19.8   2.34x
 token    768  768 |  dcond |      21.6      10.3   2.10x
 token    768  768 |     dx |     198.0      26.0   7.63x
 token   1024  768 |     dh |      46.0      17.7   2.60x
 token   1024  768 |  dcond |      21.2      10.2   2.07x
 token   1024  768 |     dx |     201.3      26.4   7.62x

=== PER-WGRAD-GEMM MICRO: fused-triton vs cuBLAS (us, speedup=cublas/triton) ===
stream      M    d |  gemm     N     K | triton_us cublas_us tri/cub
  atom   2048  128 |   dWs   128   256 |      77.0      10.1   7.60x
  atom   2048  128 |  dWsc   128   384 |      79.1      10.2   7.77x
  atom   2048  128 |  dWab   512   128 |      76.7      10.2   7.52x
  atom   4096  128 |   dWs   128   256 |     149.2      10.4  14.37x
  atom   4096  128 |  dWsc   128   384 |     152.9      11.0  13.85x
  atom   4096  128 |  dWab   512   128 |     150.2      12.6  11.91x
  atom   8192  128 |   dWs   128   256 |     295.6      12.1  24.51x
  atom   8192  128 |  dWsc   128   384 |     306.4      14.6  20.97x
  atom   8192  128 |  dWab   512   128 |     296.0      15.5  19.05x
 token    384  768 |   dWs   768  1536 |      42.2      13.1   3.23x
 token    384  768 |  dWsc   768   384 |      20.4       8.2   2.50x
 token    384  768 |  dWab  3072   768 |      81.9      21.7   3.77x
 token    512  768 |   dWs   768  1536 |      53.6      16.0   3.36x
 token    512  768 |  dWsc   768   384 |      24.3       8.3   2.93x
 token    512  768 |  dWab  3072   768 |     104.0      27.1   3.84x
 token    768  768 |   dWs   768  1536 |      73.7      21.6   3.41x
 token    768  768 |  dWsc   768   384 |      34.0      11.9   2.86x
 token    768  768 |  dWab  3072   768 |     143.9      37.2   3.87x
 token   1024  768 |   dWs   768  1536 |      93.5      27.0   3.46x
 token   1024  768 |  dWsc   768   384 |      43.0      13.0   3.31x
 token   1024  768 |  dWab  3072   768 |     184.7      47.7   3.87x

=== END-TO-END fwd+bwd (us) : fused-triton (best wgrad) vs cuBLAS-train / eager / compile ===
stream      M    d |  cos_min |  fused_us  cublasTr  eager_us   compile | vs_cublasTr  vs_eager  vs_comp
  atom   2048  128 |  1.00000 |     419.1     347.6     317.7     375.7 |       0.83x     0.76x    0.90x  [triton]
  atom   4096  128 |  1.00000 |     737.6     556.4     473.9     609.5 |       0.75x     0.64x    0.83x  [triton]
  atom   8192  128 |  1.00000 |     738.5     549.8     490.8     628.3 |       0.74x     0.66x    0.85x  [cublas]
 token    384  768 |  1.00000 |     659.8     581.3     418.3     541.6 |       0.88x     0.63x    0.82x  [cublas]
 token    512  768 |  1.00000 |     447.6     450.4     376.8     555.9 |       1.01x     0.84x    1.24x  [cublas]
 token    768  768 |  1.00000 |     463.4     461.9     367.9     552.9 |       1.00x     0.79x    1.19x  [cublas]
 token   1024  768 |  1.00000 |     471.9     454.7     368.5     548.8 |       0.96x     0.78x    1.16x  [cublas]
DONE
[exit=0] CT TRF DONE
