host=node01 date=Sat Jun 27 13:23:11 KST 2026
torch 2.10.0+cu128  NVIDIA H100 80GB HBM3
=== CORRECTNESS (fused-triton training, both wgrad backends) vs autograd ref ===
-- wgrad backend = cublas --
   atom M= 2048 d=128 | cos_y=1.00000 dx=1.00000 dcond=1.00000 dWa=1.00000 dWb=1.00000 dWs=1.00000 dWsc=1.00000 dbsc=1.00000 | worst=1.00000 OK
   atom M= 8192 d=128 | cos_y=1.00000 dx=1.00000 dcond=1.00000 dWa=1.00000 dWb=1.00000 dWs=1.00000 dWsc=1.00000 dbsc=1.00000 | worst=1.00000 OK
  token M=  384 d=768 | cos_y=1.00000 dx=1.00000 dcond=1.00000 dWa=1.00000 dWb=1.00000 dWs=1.00000 dWsc=1.00000 dbsc=1.00000 | worst=1.00000 OK
  token M= 1024 d=768 | cos_y=1.00000 dx=1.00000 dcond=1.00000 dWa=1.00000 dWb=1.00000 dWs=1.00000 dWsc=1.00000 dbsc=1.00000 | worst=1.00000 OK
-- wgrad backend = triton --
   atom M= 2048 d=128 | cos_y=1.00000 dx=1.00000 dcond=1.00000 dWa=1.00000 dWb=1.00000 dWs=1.00000 dWsc=1.00000 dbsc=1.00000 | worst=1.00000 OK
   atom M= 8192 d=128 | cos_y=1.00000 dx=1.00000 dcond=1.00000 dWa=1.00000 dWb=1.00000 dWs=1.00000 dWsc=1.00000 dbsc=1.00000 | worst=1.00000 OK
  token M=  384 d=768 | cos_y=1.00000 dx=1.00000 dcond=1.00000 dWa=1.00000 dWb=1.00000 dWs=1.00000 dWsc=1.00000 dbsc=1.00000 | worst=1.00000 OK
  token M= 1024 d=768 | cos_y=1.00000 dx=1.00000 dcond=1.00000 dWa=1.00000 dWb=1.00000 dWs=1.00000 dWsc=1.00000 dbsc=1.00000 | worst=1.00000 OK

=== PER-WGRAD-GEMM MICRO: fused-triton vs cuBLAS (us, speedup=cublas/triton) ===
stream      M    d |  gemm     N     K | triton_us cublas_us tri/cub
  atom   2048  128 |   dWs   128   256 |      76.9      10.4   7.36x
  atom   2048  128 |  dWsc   128   384 |      79.3      10.4   7.64x
  atom   2048  128 |  dWab   512   128 |      76.8      10.4   7.41x
  atom   4096  128 |   dWs   128   256 |     149.5      10.6  14.08x
  atom   4096  128 |  dWsc   128   384 |     153.2      11.3  13.51x
  atom   4096  128 |  dWab   512   128 |     150.5      12.9  11.69x
  atom   8192  128 |   dWs   128   256 |     296.1      12.4  23.93x
  atom   8192  128 |  dWsc   128   384 |     305.7      14.8  20.61x
  atom   8192  128 |  dWab   512   128 |     296.1      16.0  18.49x
 token    384  768 |   dWs   768  1536 |      42.5      13.2   3.23x
 token    384  768 |  dWsc   768   384 |      21.1       8.2   2.57x
 token    384  768 |  dWab  3072   768 |      82.1      21.9   3.74x
 token    512  768 |   dWs   768  1536 |      54.0      16.1   3.36x
 token    512  768 |  dWsc   768   384 |      24.6       8.5   2.89x
 token    512  768 |  dWab  3072   768 |     104.1      27.4   3.80x
 token    768  768 |   dWs   768  1536 |      73.9      21.8   3.38x
 token    768  768 |  dWsc   768   384 |      34.1      12.3   2.78x
 token    768  768 |  dWab  3072   768 |     144.2      37.4   3.86x
 token   1024  768 |   dWs   768  1536 |      93.6      26.9   3.48x
 token   1024  768 |  dWsc   768   384 |      43.2      13.4   3.23x
 token   1024  768 |  dWab  3072   768 |     184.8      47.8   3.87x

=== END-TO-END fwd+bwd (us) : fused-triton (best wgrad) vs cuBLAS-train / eager / compile ===
stream      M    d |  cos_min |  fused_us  cublasTr  eager_us   compile | vs_cublasTr  vs_eager  vs_comp
  atom   2048  128 |  1.00000 |     444.3     367.7     332.6     383.7 |       0.83x     0.75x    0.86x  [triton]
  atom   4096  128 |  1.00000 |     443.4     353.8     335.1     392.9 |       0.80x     0.76x    0.89x  [cublas]
  atom   8192  128 |  1.00000 |     433.1     356.2     339.5     393.2 |       0.82x     0.78x    0.91x  [cublas]
 token    384  768 |  1.00000 |     400.7     388.0     342.3     437.0 |       0.97x     0.85x    1.09x  [cublas]
 token    512  768 |  1.00000 |     406.3     380.2     360.1     435.4 |       0.94x     0.89x    1.07x  [cublas]
 token    768  768 |  1.00000 |     458.6     375.5     355.7     440.9 |       0.82x     0.78x    0.96x  [cublas]
 token   1024  768 |  1.00000 |     477.7     372.6     358.7     434.3 |       0.78x     0.75x    0.91x  [cublas]
DONE
[exit=0] CT TRF DONE
