host=node01 date=Sat Jun 27 14:13:11 KST 2026
/home/psk6950/miniworld-kernels/.pixi/envs/default/lib/python3.12/site-packages/torch/autograd/graph.py:865: UserWarning: The AccumulateGrad node's stream does not match the stream of the node that produced the incoming gradient. This may incur unnecessary synchronization and break CUDA graph capture if the AccumulateGrad node's stream is the default stream. This mismatch is caused by an AccumulateGrad node created prior to the current iteration being kept alive. This can happen if the autograd graph is still being kept alive by tensors such as the loss, or if you are using DDP, which will stash a reference to the node. To resolve the mismatch, delete all references to the autograd graph or ensure that DDP initialization is performed under the same stream as subsequent forwards. If the mismatch is intentional, you can use torch.autograd.graph.set_warn_on_accumulate_grad_stream_mismatch(False) to suppress this warning. (Triggered internally at /pytorch/torch/csrc/autograd/input_buffer.cpp:240.)
  return Variable._execution_engine.run_backward(  # Calls into the C++ engine to run the backward pass
torch 2.10.0+cu128  NVIDIA H100 80GB HBM3
[graph-break check] ref: graph_count=1 break_count=0
=== INFERENCE: ours vs torch.compile (CUDA graph) ===
stream      M    d |       cos |  ours_us compile_us eager_us | vs_compile vs_eager
  atom   2048  128 |  0.999999 |     25.1       76.5     31.0 |      3.05x    1.23x
  atom   4096  128 |  0.999999 |     25.4       53.3     39.3 |      2.10x    1.55x
  atom   8192  128 |  0.999999 |     27.2       69.8     57.6 |      2.56x    2.12x
 token    384  768 |  0.999999 |     30.0       67.6     50.6 |      2.25x    1.69x
 token    512  768 |  0.999999 |     31.3       69.6     51.6 |      2.23x    1.65x
 token    768  768 |  0.999999 |     53.3       78.7     60.7 |      1.48x    1.14x
 token   1024  768 |  0.999999 |     60.9       86.6     68.0 |      1.42x    1.11x

=== TRAINING fwd+bwd: ours(auto) vs torch.compile (both CUDA graph) ===
stream      M    d |  cos_min |  ours_us compile_us eager_us | vs_compile vs_eager
Traceback (most recent call last):
  File "/home/psk6950/miniworld-kernels/_ct_tmp/bench_vs_compile.py", line 52, in gbench
    with torch.cuda.graph(g): call()
                              ^^^^^^
  File "/home/psk6950/miniworld-kernels/_ct_tmp/bench_vs_compile.py", line 118, in <lambda>
    ou = gbench(lambda: fb(cond_transition_train, t))
                        ^^^^^^^^^^^^^^^^^^^^^^^^^^^^
  File "/home/psk6950/miniworld-kernels/_ct_tmp/bench_vs_compile.py", line 101, in fb
    y = fn(*t); return torch.autograd.grad(y, t, torch.ones_like(y))
                       ^^^^^^^^^^^^^^^^^^^^^^^^^^^^^^^^^^^^^^^^^^^^^
  File "/home/psk6950/miniworld-kernels/.pixi/envs/default/lib/python3.12/site-packages/torch/autograd/__init__.py", line 515, in grad
    result = _engine_run_backward(
             ^^^^^^^^^^^^^^^^^^^^^
  File "/home/psk6950/miniworld-kernels/.pixi/envs/default/lib/python3.12/site-packages/torch/autograd/graph.py", line 865, in _engine_run_backward
    return Variable._execution_engine.run_backward(  # Calls into the C++ engine to run the backward pass
           ^^^^^^^^^^^^^^^^^^^^^^^^^^^^^^^^^^^^^^^^^^^^^^^^^^^^^^^^^^^^^^^^^^^^^^^^^^^^^^^^^^^^^^^^^^^^^^
torch.AcceleratorError: CUDA error: operation would make the legacy stream depend on a capturing blocking stream
Search for `cudaErrorStreamCaptureImplicit' in https://docs.nvidia.com/cuda/cuda-runtime-api/group__CUDART__TYPES.html for more information.
CUDA kernel errors might be asynchronously reported at some other API call, so the stacktrace below might be incorrect.
For debugging consider passing CUDA_LAUNCH_BLOCKING=1
Compile with `TORCH_USE_CUDA_DSA` to enable device-side assertions.


During handling of the above exception, another exception occurred:

Traceback (most recent call last):
  File "/home/psk6950/miniworld-kernels/_ct_tmp/bench_vs_compile.py", line 133, in <module>
    main()
  File "/home/psk6950/miniworld-kernels/_ct_tmp/bench_vs_compile.py", line 128, in main
    training_section()
  File "/home/psk6950/miniworld-kernels/_ct_tmp/bench_vs_compile.py", line 118, in training_section
    ou = gbench(lambda: fb(cond_transition_train, t))
         ^^^^^^^^^^^^^^^^^^^^^^^^^^^^^^^^^^^^^^^^^^^^
  File "/home/psk6950/miniworld-kernels/_ct_tmp/bench_vs_compile.py", line 52, in gbench
    with torch.cuda.graph(g): call()
         ^^^^^^^^^^^^^^^^^^^
  File "/home/psk6950/miniworld-kernels/.pixi/envs/default/lib/python3.12/site-packages/torch/cuda/graphs.py", line 268, in __exit__
    self.cuda_graph.capture_end()
  File "/home/psk6950/miniworld-kernels/.pixi/envs/default/lib/python3.12/site-packages/torch/cuda/graphs.py", line 130, in capture_end
    super().capture_end()
torch.AcceleratorError: CUDA error: operation failed due to a previous error during capture
Search for `cudaErrorStreamCaptureInvalidated' in https://docs.nvidia.com/cuda/cuda-runtime-api/group__CUDART__TYPES.html for more information.
CUDA kernel errors might be asynchronously reported at some other API call, so the stacktrace below might be incorrect.
For debugging consider passing CUDA_LAUNCH_BLOCKING=1
Compile with `TORCH_USE_CUDA_DSA` to enable device-side assertions.

[exit=1] CT VC DONE
