Traceback (most recent call last):
  File "/home/psk6950/miniworld-kernels/.pixi/envs/default/lib/python3.12/site-packages/triton/language/core.py", line 43, in wrapper
    return fn(*args, **kwargs)
           ^^^^^^^^^^^^^^^^^^^
  File "/home/psk6950/miniworld-kernels/.pixi/envs/default/lib/python3.12/site-packages/triton/language/core.py", line 2167, in load
    return _semantic.load(pointer, mask, other, boundary_check, padding_option, cache_modifier, eviction_policy,
           ^^^^^^^^^^^^^^^^^^^^^^^^^^^^^^^^^^^^^^^^^^^^^^^^^^^^^^^^^^^^^^^^^^^^^^^^^^^^^^^^^^^^^^^^^^^^^^^^^^^^^
  File "/home/psk6950/miniworld-kernels/.pixi/envs/default/lib/python3.12/site-packages/triton/language/semantic.py", line 1089, in load
    return self._load_legacy(ptr, mask, other, boundary_check, padding, cache, eviction, is_volatile)
           ^^^^^^^^^^^^^^^^^^^^^^^^^^^^^^^^^^^^^^^^^^^^^^^^^^^^^^^^^^^^^^^^^^^^^^^^^^^^^^^^^^^^^^^^^^
  File "/home/psk6950/miniworld-kernels/.pixi/envs/default/lib/python3.12/site-packages/triton/language/semantic.py", line 1024, in _load_legacy
    raise ValueError("`other` cannot be provided without `mask`")
ValueError: `other` cannot be provided without `mask`

The above exception was the direct cause of the following exception:

Traceback (most recent call last):
  File "/home/psk6950/miniworld-kernels/_ct_tmp/repro.py", line 8, in <module>
    y=cond_transition_inference(x,cond,Wa,Wb,Ws,Wsc,bsc)
      ^^^^^^^^^^^^^^^^^^^^^^^^^^^^^^^^^^^^^^^^^^^^^^^^^^
  File "/home/psk6950/miniworld-kernels/src/miniworld_kernels/kernels/conditioned_transition/triton/inference.py", line 124, in cond_transition_inference
    _cond_transition_inference_kernel[grid](
  File "/home/psk6950/miniworld-kernels/.pixi/envs/default/lib/python3.12/site-packages/triton/runtime/jit.py", line 370, in <lambda>
    return lambda *args, **kwargs: self.run(grid=grid, warmup=False, *args, **kwargs)
                                   ^^^^^^^^^^^^^^^^^^^^^^^^^^^^^^^^^^^^^^^^^^^^^^^^^^
  File "/home/psk6950/miniworld-kernels/.pixi/envs/default/lib/python3.12/site-packages/triton/runtime/autotuner.py", line 240, in run
    benchmark()
  File "/home/psk6950/miniworld-kernels/.pixi/envs/default/lib/python3.12/site-packages/triton/runtime/autotuner.py", line 229, in benchmark
    timings = {config: self._bench(*args, config=config, **kwargs) for config in pruned_configs}
                       ^^^^^^^^^^^^^^^^^^^^^^^^^^^^^^^^^^^^^^^^^^^
  File "/home/psk6950/miniworld-kernels/.pixi/envs/default/lib/python3.12/site-packages/triton/runtime/autotuner.py", line 164, in _bench
    return self.do_bench(kernel_call, quantiles=(0.5, 0.2, 0.8))
           ^^^^^^^^^^^^^^^^^^^^^^^^^^^^^^^^^^^^^^^^^^^^^^^^^^^^^
  File "/home/psk6950/miniworld-kernels/.pixi/envs/default/lib/python3.12/site-packages/triton/testing.py", line 149, in do_bench
    fn()
  File "/home/psk6950/miniworld-kernels/.pixi/envs/default/lib/python3.12/site-packages/triton/runtime/autotuner.py", line 150, in kernel_call
    self.fn.run(
  File "/home/psk6950/miniworld-kernels/.pixi/envs/default/lib/python3.12/site-packages/triton/runtime/jit.py", line 720, in run
    kernel = self._do_compile(key, signature, device, constexprs, options, attrs, warmup)
             ^^^^^^^^^^^^^^^^^^^^^^^^^^^^^^^^^^^^^^^^^^^^^^^^^^^^^^^^^^^^^^^^^^^^^^^^^^^^
  File "/home/psk6950/miniworld-kernels/.pixi/envs/default/lib/python3.12/site-packages/triton/runtime/jit.py", line 849, in _do_compile
    kernel = self.compile(src, target=target, options=options.__dict__)
             ^^^^^^^^^^^^^^^^^^^^^^^^^^^^^^^^^^^^^^^^^^^^^^^^^^^^^^^^^^
  File "/home/psk6950/miniworld-kernels/.pixi/envs/default/lib/python3.12/site-packages/triton/compiler/compiler.py", line 304, in compile
    module = src.make_ir(target, options, codegen_fns, module_map, context)
             ^^^^^^^^^^^^^^^^^^^^^^^^^^^^^^^^^^^^^^^^^^^^^^^^^^^^^^^^^^^^^^
  File "/home/psk6950/miniworld-kernels/.pixi/envs/default/lib/python3.12/site-packages/triton/compiler/compiler.py", line 80, in make_ir
    return ast_to_ttir(self.fn, self, context=context, options=options, codegen_fns=codegen_fns,
           ^^^^^^^^^^^^^^^^^^^^^^^^^^^^^^^^^^^^^^^^^^^^^^^^^^^^^^^^^^^^^^^^^^^^^^^^^^^^^^^^^^^^^
triton.compiler.errors.CompilationError: at 60:10:
    dc = tl.arange(0, BLOCK_DC)
    dc_mask = dc < DC
    cond = tl.load(
        cond_ptr + rows[:, None] * stride_cm + dc[None, :] * stride_cc,
        mask=row_mask[:, None] & dc_mask[None, :], other=0.0,
    )
    wsc_t = tl.load(  # (BLOCK_DC, D): Wsc[d, dc]^T
        wsc_ptr + dcols[None, :] * stride_scd + dc[:, None] * stride_scc,
        mask=dc_mask[:, None], other=0.0,
    )
    scale = tl.dot(cond, wsc_t, out_dtype=tl.float32, input_precision="tf32")
    bsc = tl.load(bsc_ptr + dcols, other=0.0)
          ^
`other` cannot be provided without `mask`
[exit=1] REPRO DONE
