torch 2.10.0+cu128  device NVIDIA H100 80GB HBM3
transformer_engine 2.16.0

=== M=16384  d_in=128  d_out=128  dtype=torch.bfloat16 ===
  fwd  max|abs|=7.812e-03  rel_fro=2.726e-05  cos=1.000000
  dx   max|abs|=7.812e-03  rel_fro=1.200e-05  cos=1.000000
  dWl  max|abs|=1.000e+00  rel_fro=1.034e-04  cos=1.000000
  dg   max|abs|=0.000e+00  rel_fro=0.000e+00  cos=1.000000
  torch.compile  fwd=0.0165 ms  fwd+bwd=0.2158 ms
  TE             fwd=0.0175 ms  fwd+bwd=0.2195 ms
  cute-fwd max|abs|=1.562e-02  rel_fro=2.559e-03  cos=0.999997
  cute           fwd=0.0154 ms  (fold cached)
  cutefused-fwd max|abs|=1.562e-02  rel_fro=2.559e-03  cos=0.999997
  cute-fused     fwd=0.0136 ms  (fold cached)

=== M=65536  d_in=128  d_out=128  dtype=torch.bfloat16 ===
  fwd  max|abs|=7.812e-03  rel_fro=2.000e-05  cos=1.000000
  dx   max|abs|=7.812e-03  rel_fro=1.301e-05  cos=1.000000
  dWl  max|abs|=2.000e+00  rel_fro=1.037e-04  cos=1.000000
  dg   max|abs|=0.000e+00  rel_fro=0.000e+00  cos=1.000000
  torch.compile  fwd=0.0376 ms  fwd+bwd=0.2700 ms
  TE             fwd=0.0430 ms  fwd+bwd=0.2213 ms
  cute-fwd max|abs|=1.562e-02  rel_fro=2.555e-03  cos=0.999997
  cute           fwd=0.0315 ms  (fold cached)
  cutefused-fwd max|abs|=1.562e-02  rel_fro=2.555e-03  cos=0.999997
  cute-fused     fwd=0.0284 ms  (fold cached)

=== M=262144  d_in=128  d_out=128  dtype=torch.bfloat16 ===
  fwd  max|abs|=7.812e-03  rel_fro=2.506e-05  cos=1.000000
  dx   max|abs|=7.812e-03  rel_fro=1.132e-05  cos=1.000000
  dWl  max|abs|=4.000e+00  rel_fro=1.349e-04  cos=1.000000
  dg   max|abs|=0.000e+00  rel_fro=0.000e+00  cos=1.000000
  torch.compile  fwd=0.1247 ms  fwd+bwd=0.4195 ms
  TE             fwd=0.1392 ms  fwd+bwd=0.5582 ms
  cute-fwd max|abs|=1.562e-02  rel_fro=2.561e-03  cos=0.999997
  cute           fwd=0.0941 ms  (fold cached)
  cutefused-fwd max|abs|=1.562e-02  rel_fro=2.561e-03  cos=0.999997
  cute-fused     fwd=0.0859 ms  (fold cached)

=== M=16384  d_in=256  d_out=256  dtype=torch.bfloat16 ===
  fwd  max|abs|=7.812e-03  rel_fro=3.097e-05  cos=1.000000
  dx   max|abs|=7.812e-03  rel_fro=1.000e-05  cos=1.000000
  dWl  max|abs|=2.000e+00  rel_fro=8.121e-05  cos=1.000000
  dg   max|abs|=0.000e+00  rel_fro=0.000e+00  cos=1.000000
  torch.compile  fwd=0.0246 ms  fwd+bwd=0.2389 ms
  TE             fwd=0.0258 ms  fwd+bwd=0.1967 ms
  cute-fwd max|abs|=1.562e-02  rel_fro=2.560e-03  cos=0.999997
  cute           fwd=0.0232 ms  (fold cached)
  cutefused-fwd max|abs|=1.562e-02  rel_fro=2.560e-03  cos=0.999997
  cute-fused     fwd=0.0227 ms  (fold cached)

=== M=65536  d_in=256  d_out=256  dtype=torch.bfloat16 ===
  fwd  max|abs|=7.812e-03  rel_fro=2.388e-05  cos=1.000000
  dx   max|abs|=7.812e-03  rel_fro=1.443e-05  cos=1.000000
  dWl  max|abs|=4.000e+00  rel_fro=8.820e-05  cos=1.000000
  dg   max|abs|=0.000e+00  rel_fro=0.000e+00  cos=1.000000
  torch.compile  fwd=0.0608 ms  fwd+bwd=0.2716 ms
  TE             fwd=0.0697 ms  fwd+bwd=0.2616 ms
  cute-fwd max|abs|=1.562e-02  rel_fro=2.559e-03  cos=0.999997
  cute           fwd=0.0567 ms  (fold cached)
  cutefused-fwd max|abs|=1.562e-02  rel_fro=2.559e-03  cos=0.999997
  cute-fused     fwd=0.0681 ms  (fold cached)

=== M=262144  d_in=256  d_out=256  dtype=torch.bfloat16 ===
  fwd  max|abs|=7.812e-03  rel_fro=2.711e-05  cos=1.000000
  dx   max|abs|=7.812e-03  rel_fro=1.375e-05  cos=1.000000
  dWl  max|abs|=8.000e+00  rel_fro=1.484e-04  cos=1.000000
  dg   max|abs|=2.500e-01  rel_fro=5.383e-05  cos=1.000000
  torch.compile  fwd=0.2050 ms  fwd+bwd=0.6741 ms
  TE             fwd=0.2277 ms  fwd+bwd=0.7811 ms
  cute-fwd max|abs|=1.562e-02  rel_fro=2.559e-03  cos=0.999997
  cute           fwd=0.1824 ms  (fold cached)
  cutefused-fwd max|abs|=1.562e-02  rel_fro=2.559e-03  cos=0.999997
  cute-fused     fwd=0.2402 ms  (fold cached)

=== M=16384  d_in=384  d_out=384  dtype=torch.bfloat16 ===
  fwd  max|abs|=7.812e-03  rel_fro=3.389e-05  cos=1.000000
  dx   max|abs|=7.812e-03  rel_fro=2.111e-05  cos=1.000000
  dWl  max|abs|=1.000e+00  rel_fro=6.625e-05  cos=1.000000
  dg   max|abs|=0.000e+00  rel_fro=0.000e+00  cos=1.000000
  torch.compile  fwd=0.0299 ms  fwd+bwd=0.2604 ms
  TE             fwd=0.0347 ms  fwd+bwd=0.2054 ms
  cute-fwd max|abs|=1.562e-02  rel_fro=2.560e-03  cos=0.999997
  cute           fwd=0.0253 ms  (fold cached)
  cutefused-fwd max|abs|=1.562e-02  rel_fro=2.560e-03  cos=0.999997
  cute-fused     fwd=0.0369 ms  (fold cached)

=== M=65536  d_in=384  d_out=384  dtype=torch.bfloat16 ===
  fwd  max|abs|=1.562e-02  rel_fro=3.280e-05  cos=1.000000
  dx   max|abs|=7.812e-03  rel_fro=1.852e-05  cos=1.000000
  dWl  max|abs|=4.000e+00  rel_fro=1.075e-04  cos=1.000000
  dg   max|abs|=0.000e+00  rel_fro=0.000e+00  cos=1.000000
  torch.compile  fwd=0.0935 ms  fwd+bwd=0.3516 ms
  TE             fwd=0.1021 ms  fwd+bwd=0.3473 ms
  cute-fwd max|abs|=1.562e-02  rel_fro=2.561e-03  cos=0.999997
  cute           fwd=0.0704 ms  (fold cached)
  cutefused-fwd max|abs|=1.562e-02  rel_fro=2.561e-03  cos=0.999997
  cute-fused     fwd=0.1250 ms  (fold cached)

=== M=262144  d_in=384  d_out=384  dtype=torch.bfloat16 ===
  fwd  max|abs|=7.812e-03  rel_fro=3.262e-05  cos=1.000000
  dx   max|abs|=1.562e-02  rel_fro=1.702e-05  cos=1.000000
  dWl  max|abs|=8.000e+00  rel_fro=1.823e-04  cos=1.000000
  dg   max|abs|=0.000e+00  rel_fro=0.000e+00  cos=1.000000
  torch.compile  fwd=0.2966 ms  fwd+bwd=1.1500 ms
  TE             fwd=0.3380 ms  fwd+bwd=1.1135 ms
  cute-fwd max|abs|=1.562e-02  rel_fro=2.561e-03  cos=0.999997
  cute           fwd=0.2437 ms  (fold cached)
  cutefused-fwd max|abs|=1.562e-02  rel_fro=2.561e-03  cos=0.999997
  cute-fused     fwd=0.4667 ms  (fold cached)

=== M=16384  d_in=512  d_out=512  dtype=torch.bfloat16 ===
  fwd  max|abs|=7.812e-03  rel_fro=3.404e-05  cos=1.000000
  dx   max|abs|=7.812e-03  rel_fro=1.439e-05  cos=1.000000
  dWl  max|abs|=2.000e+00  rel_fro=8.045e-05  cos=1.000000
  dg   max|abs|=0.000e+00  rel_fro=0.000e+00  cos=1.000000
  torch.compile  fwd=0.0367 ms  fwd+bwd=0.2636 ms
  TE             fwd=0.0412 ms  fwd+bwd=0.2155 ms
  cute-fwd max|abs|=1.562e-02  rel_fro=2.564e-03  cos=0.999997
  cute           fwd=0.0355 ms  (fold cached)
  cutefused-fwd max|abs|=1.562e-02  rel_fro=2.564e-03  cos=0.999997
  cute-fused     fwd=0.0559 ms  (fold cached)

=== M=65536  d_in=512  d_out=512  dtype=torch.bfloat16 ===
  fwd  max|abs|=7.812e-03  rel_fro=3.186e-05  cos=1.000000
  dx   max|abs|=7.812e-03  rel_fro=1.514e-05  cos=1.000000
  dWl  max|abs|=2.000e+00  rel_fro=9.035e-05  cos=1.000000
  dg   max|abs|=0.000e+00  rel_fro=0.000e+00  cos=1.000000
  torch.compile  fwd=0.1146 ms  fwd+bwd=0.4202 ms
  TE             fwd=0.1257 ms  fwd+bwd=0.4166 ms
  cute-fwd max|abs|=1.562e-02  rel_fro=2.562e-03  cos=0.999997
  cute           fwd=0.1027 ms  (fold cached)
  cutefused-fwd max|abs|=1.562e-02  rel_fro=2.562e-03  cos=0.999997
  cute-fused     fwd=0.2004 ms  (fold cached)

=== M=262144  d_in=512  d_out=512  dtype=torch.bfloat16 ===
  fwd  max|abs|=7.812e-03  rel_fro=2.998e-05  cos=1.000000
  dx   max|abs|=7.812e-03  rel_fro=1.341e-05  cos=1.000000
  dWl  max|abs|=8.000e+00  rel_fro=1.204e-04  cos=1.000000
  dg   max|abs|=0.000e+00  rel_fro=0.000e+00  cos=1.000000
  torch.compile  fwd=0.4120 ms  fwd+bwd=1.4474 ms
  TE             fwd=0.4489 ms  fwd+bwd=1.3799 ms
  cute-fwd max|abs|=1.562e-02  rel_fro=2.561e-03  cos=0.999997
  cute           fwd=0.3524 ms  (fold cached)
  cutefused-fwd max|abs|=1.562e-02  rel_fro=2.561e-03  cos=0.999997
  cute-fused     fwd=0.7624 ms  (fold cached)

=== M=16384  d_in=768  d_out=768  dtype=torch.bfloat16 ===
  fwd  max|abs|=7.812e-03  rel_fro=3.393e-05  cos=1.000000
  dx   max|abs|=1.562e-02  rel_fro=2.000e-05  cos=1.000000
  dWl  max|abs|=2.000e+00  rel_fro=7.843e-05  cos=1.000000
  dg   max|abs|=1.953e-03  rel_fro=9.747e-07  cos=1.000000
  torch.compile  fwd=0.0581 ms  fwd+bwd=0.2671 ms
  TE             fwd=0.0589 ms  fwd+bwd=0.2078 ms
  cute-fwd max|abs|=1.562e-02  rel_fro=2.560e-03  cos=0.999997
  cute           fwd=0.0479 ms  (fold cached)
  cutefused-fwd max|abs|=1.562e-02  rel_fro=2.560e-03  cos=0.999997
  cute-fused     fwd=0.1089 ms  (fold cached)

=== M=65536  d_in=768  d_out=768  dtype=torch.bfloat16 ===
  fwd  max|abs|=7.812e-03  rel_fro=3.032e-05  cos=1.000000
  dx   max|abs|=7.812e-03  rel_fro=1.835e-05  cos=1.000000
  dWl  max|abs|=4.000e+00  rel_fro=9.103e-05  cos=1.000000
  dg   max|abs|=0.000e+00  rel_fro=0.000e+00  cos=1.000000
  torch.compile  fwd=0.1977 ms  fwd+bwd=0.6627 ms
  TE             fwd=0.2011 ms  fwd+bwd=0.5984 ms
  cute-fwd max|abs|=1.562e-02  rel_fro=2.562e-03  cos=0.999997
  cute           fwd=0.1580 ms  (fold cached)
  cutefused-fwd max|abs|=1.562e-02  rel_fro=2.562e-03  cos=0.999997
  cute-fused     fwd=0.4058 ms  (fold cached)

=== M=262144  d_in=768  d_out=768  dtype=torch.bfloat16 ===
  fwd  max|abs|=7.812e-03  rel_fro=2.721e-05  cos=1.000000
  dx   max|abs|=7.812e-03  rel_fro=1.758e-05  cos=1.000000
  dWl  max|abs|=8.000e+00  rel_fro=1.203e-04  cos=1.000000
  dg   max|abs|=0.000e+00  rel_fro=0.000e+00  cos=1.000000
  torch.compile  fwd=0.7423 ms  fwd+bwd=2.4319 ms
  TE             fwd=0.7597 ms  fwd+bwd=2.2145 ms
  cute-fwd max|abs|=1.562e-02  rel_fro=2.561e-03  cos=0.999997
  cute           fwd=0.6090 ms  (fold cached)
  cutefused-fwd max|abs|=1.562e-02  rel_fro=2.561e-03  cos=0.999997
  cute-fused     fwd=1.5664 ms  (fold cached)
