===VERIFY===
ALL PASS
===BENCH===
torch 2.10.0+cu128  device NVIDIA H100 80GB HBM3
transformer_engine 2.16.0

=== M=16384  d_in=128  d_out=128  dtype=torch.bfloat16 ===
  pytorch        fwd=0.0383 ms  fwd+bwd=0.2111 ms
  TE-fwd max|abs|=7.812e-03  rel_fro=2.354e-05  cos=1.000000
  TE             fwd=0.0177 ms  fwd+bwd=0.2028 ms
  triton-fwd max|abs|=7.812e-03  rel_fro=1.627e-05  cos=1.000000
  triton         fwd=0.0116 ms  fwd+bwd=0.2596 ms
  cute-fwd max|abs|=1.562e-02  rel_fro=2.561e-03  cos=0.999997
  cute           fwd=0.0124 ms  fwd+bwd=0.5364 ms

=== M=65536  d_in=128  d_out=128  dtype=torch.bfloat16 ===
  pytorch        fwd=0.0374 ms  fwd+bwd=0.2555 ms
  TE-fwd max|abs|=7.812e-03  rel_fro=2.342e-05  cos=1.000000
  TE             fwd=0.0429 ms  fwd+bwd=0.2219 ms
  triton-fwd max|abs|=7.812e-03  rel_fro=9.036e-06  cos=1.000000
  triton         fwd=0.0268 ms  fwd+bwd=0.4028 ms
  cute-fwd max|abs|=1.562e-02  rel_fro=2.558e-03  cos=0.999997
  cute           fwd=0.0229 ms  fwd+bwd=0.7898 ms

=== M=262144  d_in=128  d_out=128  dtype=torch.bfloat16 ===
  pytorch        fwd=0.1248 ms  fwd+bwd=0.4420 ms
  TE-fwd max|abs|=7.812e-03  rel_fro=2.439e-05  cos=1.000000
  TE             fwd=0.1392 ms  fwd+bwd=0.5589 ms
  triton-fwd max|abs|=7.812e-03  rel_fro=7.645e-06  cos=1.000000
  triton         fwd=0.0734 ms  fwd+bwd=0.8172 ms
  cute-fwd max|abs|=1.562e-02  rel_fro=2.558e-03  cos=0.999997
  cute           fwd=0.0614 ms  fwd+bwd=0.8059 ms

=== M=16384  d_in=256  d_out=256  dtype=torch.bfloat16 ===
  pytorch        fwd=0.0227 ms  fwd+bwd=0.3369 ms
  TE-fwd max|abs|=7.812e-03  rel_fro=2.851e-05  cos=1.000000
  TE             fwd=0.0255 ms  fwd+bwd=0.2838 ms
  triton-fwd max|abs|=3.906e-03  rel_fro=8.366e-06  cos=1.000000
  triton         fwd=0.0189 ms  fwd+bwd=0.3986 ms
  cute-fwd max|abs|=1.562e-02  rel_fro=2.559e-03  cos=0.999997
  cute           fwd=0.0170 ms  fwd+bwd=0.7950 ms

=== M=65536  d_in=256  d_out=256  dtype=torch.bfloat16 ===
  pytorch        fwd=0.0608 ms  fwd+bwd=0.4405 ms
  TE-fwd max|abs|=7.812e-03  rel_fro=2.529e-05  cos=1.000000
  TE             fwd=0.0692 ms  fwd+bwd=0.3038 ms
  triton-fwd max|abs|=7.812e-03  rel_fro=9.236e-06  cos=1.000000
  triton         fwd=0.0578 ms  fwd+bwd=0.4530 ms
  cute-fwd max|abs|=1.562e-02  rel_fro=2.559e-03  cos=0.999997
  cute           fwd=0.0391 ms  fwd+bwd=0.5656 ms

=== M=262144  d_in=256  d_out=256  dtype=torch.bfloat16 ===
  pytorch        fwd=0.2050 ms  fwd+bwd=0.6724 ms
  TE-fwd max|abs|=7.812e-03  rel_fro=2.716e-05  cos=1.000000
  TE             fwd=0.2278 ms  fwd+bwd=0.7852 ms
  triton-fwd max|abs|=7.812e-03  rel_fro=9.114e-06  cos=1.000000
  triton         fwd=0.1813 ms  fwd+bwd=1.3628 ms
  cute-fwd max|abs|=1.562e-02  rel_fro=2.559e-03  cos=0.999997
  cute           fwd=0.1287 ms  fwd+bwd=0.8904 ms

=== M=16384  d_in=384  d_out=384  dtype=torch.bfloat16 ===
  pytorch        fwd=0.0296 ms  fwd+bwd=0.2582 ms
  TE-fwd max|abs|=7.812e-03  rel_fro=3.418e-05  cos=1.000000
  TE             fwd=0.0346 ms  fwd+bwd=0.2097 ms
  triton-fwd max|abs|=7.812e-03  rel_fro=3.878e-05  cos=1.000000
  triton         fwd=0.0450 ms  fwd+bwd=0.2913 ms
  cute-fwd max|abs|=1.562e-02  rel_fro=2.562e-03  cos=0.999997
  cute           fwd=0.0244 ms  fwd+bwd=0.5414 ms

=== M=65536  d_in=384  d_out=384  dtype=torch.bfloat16 ===
  pytorch        fwd=0.0934 ms  fwd+bwd=0.3515 ms
  TE-fwd max|abs|=1.562e-02  rel_fro=3.319e-05  cos=1.000000
  TE             fwd=0.1023 ms  fwd+bwd=0.3481 ms
  triton-fwd max|abs|=7.812e-03  rel_fro=3.022e-05  cos=1.000000
  triton         fwd=0.1483 ms  fwd+bwd=0.6557 ms
  cute-fwd max|abs|=1.562e-02  rel_fro=2.560e-03  cos=0.999997
  cute           fwd=0.0684 ms  fwd+bwd=0.5550 ms

=== M=262144  d_in=384  d_out=384  dtype=torch.bfloat16 ===
  pytorch        fwd=0.2979 ms  fwd+bwd=1.1567 ms
  TE-fwd max|abs|=7.812e-03  rel_fro=2.716e-05  cos=1.000000
  TE             fwd=0.3387 ms  fwd+bwd=1.1124 ms
  triton-fwd max|abs|=7.812e-03  rel_fro=2.969e-05  cos=1.000000
  triton         fwd=0.5288 ms  fwd+bwd=2.1665 ms
  cute-fwd max|abs|=1.562e-02  rel_fro=2.560e-03  cos=0.999997
  cute           fwd=0.2378 ms  fwd+bwd=1.2542 ms

=== M=16384  d_in=512  d_out=512  dtype=torch.bfloat16 ===
  pytorch        fwd=0.0368 ms  fwd+bwd=0.2561 ms
  TE-fwd max|abs|=7.812e-03  rel_fro=2.228e-05  cos=1.000000
  TE             fwd=0.0414 ms  fwd+bwd=0.2117 ms
  triton-fwd max|abs|=7.812e-03  rel_fro=2.851e-05  cos=1.000000
  triton         fwd=0.0565 ms  fwd+bwd=0.2643 ms
  cute-fwd max|abs|=1.562e-02  rel_fro=2.562e-03  cos=0.999997
  cute           fwd=0.0317 ms  fwd+bwd=0.5421 ms

=== M=65536  d_in=512  d_out=512  dtype=torch.bfloat16 ===
  pytorch        fwd=0.1149 ms  fwd+bwd=0.4188 ms
  TE-fwd max|abs|=7.812e-03  rel_fro=2.673e-05  cos=1.000000
  TE             fwd=0.1255 ms  fwd+bwd=0.4180 ms
  triton-fwd max|abs|=7.812e-03  rel_fro=3.292e-05  cos=1.000000
  triton         fwd=0.1892 ms  fwd+bwd=0.7902 ms
  cute-fwd max|abs|=1.562e-02  rel_fro=2.560e-03  cos=0.999997
  cute           fwd=0.0981 ms  fwd+bwd=0.5616 ms

=== M=262144  d_in=512  d_out=512  dtype=torch.bfloat16 ===
  pytorch        fwd=0.4129 ms  fwd+bwd=1.4483 ms
  TE-fwd max|abs|=7.812e-03  rel_fro=3.077e-05  cos=1.000000
  TE             fwd=0.4499 ms  fwd+bwd=1.3794 ms
  triton-fwd max|abs|=1.562e-02  rel_fro=3.435e-05  cos=1.000000
  triton         fwd=0.6716 ms  fwd+bwd=2.6813 ms
  cute-fwd max|abs|=1.562e-02  rel_fro=2.561e-03  cos=0.999997
  cute           fwd=0.3464 ms  fwd+bwd=1.5393 ms

=== M=16384  d_in=768  d_out=768  dtype=torch.bfloat16 ===
  pytorch        fwd=0.0583 ms  fwd+bwd=0.2636 ms
  TE-fwd max|abs|=7.812e-03  rel_fro=2.729e-05  cos=1.000000
  TE             fwd=0.0589 ms  fwd+bwd=0.2117 ms
  triton-fwd max|abs|=7.812e-03  rel_fro=3.506e-05  cos=1.000000
  triton         fwd=0.1950 ms  fwd+bwd=0.5172 ms
  cute-fwd max|abs|=1.562e-02  rel_fro=2.563e-03  cos=0.999997
  cute           fwd=0.0474 ms  fwd+bwd=0.5431 ms

=== M=65536  d_in=768  d_out=768  dtype=torch.bfloat16 ===
  pytorch        fwd=0.1970 ms  fwd+bwd=0.6638 ms
  TE-fwd max|abs|=1.562e-02  rel_fro=2.969e-05  cos=1.000000
  TE             fwd=0.2007 ms  fwd+bwd=0.5975 ms
  triton-fwd max|abs|=1.562e-02  rel_fro=3.858e-05  cos=1.000000
  triton         fwd=0.7337 ms  fwd+bwd=1.6797 ms
  cute-fwd max|abs|=1.562e-02  rel_fro=2.562e-03  cos=0.999997
  cute           fwd=0.1583 ms  fwd+bwd=0.8401 ms

=== M=262144  d_in=768  d_out=768  dtype=torch.bfloat16 ===
  pytorch        fwd=0.7427 ms  fwd+bwd=2.4241 ms
  TE-fwd max|abs|=1.562e-02  rel_fro=2.961e-05  cos=1.000000
  TE             fwd=0.7647 ms  fwd+bwd=2.2078 ms
  triton-fwd max|abs|=1.562e-02  rel_fro=3.813e-05  cos=1.000000
  triton         fwd=2.8930 ms  fwd+bwd=6.2056 ms
  cute-fwd max|abs|=1.562e-02  rel_fro=2.561e-03  cos=0.999997
  cute           fwd=0.5947 ms  fwd+bwd=2.7149 ms
