torch 2.10.0+cu128  device NVIDIA H100 80GB HBM3
transformer_engine 2.16.0

=== M=16384  d_in=128  d_out=128  dtype=torch.bfloat16 ===
  fwd  max|abs|=7.812e-03  rel_fro=1.829e-05  cos=1.000000
  dx   max|abs|=3.906e-03  rel_fro=7.478e-06  cos=1.000000
  dWl  max|abs|=5.000e-01  rel_fro=4.475e-05  cos=1.000000
  dg   max|abs|=0.000e+00  rel_fro=0.000e+00  cos=1.000000
  torch.compile  fwd=0.0953 ms  fwd+bwd=0.4373 ms
  TE             fwd=0.0853 ms  fwd+bwd=0.3977 ms

=== M=65536  d_in=128  d_out=128  dtype=torch.bfloat16 ===
  fwd  max|abs|=7.812e-03  rel_fro=2.608e-05  cos=1.000000
  dx   max|abs|=7.812e-03  rel_fro=1.529e-05  cos=1.000000
  dWl  max|abs|=2.000e+00  rel_fro=1.042e-04  cos=1.000000
  dg   max|abs|=0.000e+00  rel_fro=0.000e+00  cos=1.000000
  torch.compile  fwd=0.1023 ms  fwd+bwd=0.5360 ms
  TE             fwd=0.0838 ms  fwd+bwd=0.4219 ms

=== M=262144  d_in=128  d_out=128  dtype=torch.bfloat16 ===
  fwd  max|abs|=7.812e-03  rel_fro=2.189e-05  cos=1.000000
  dx   max|abs|=7.812e-03  rel_fro=1.162e-05  cos=1.000000
  dWl  max|abs|=2.000e+00  rel_fro=7.566e-05  cos=1.000000
  dg   max|abs|=0.000e+00  rel_fro=0.000e+00  cos=1.000000
  torch.compile  fwd=0.1740 ms  fwd+bwd=0.6166 ms
  TE             fwd=0.1725 ms  fwd+bwd=0.6575 ms

=== M=16384  d_in=256  d_out=256  dtype=torch.bfloat16 ===
  fwd  max|abs|=7.812e-03  rel_fro=2.946e-05  cos=1.000000
  dx   max|abs|=7.812e-03  rel_fro=1.346e-05  cos=1.000000
  dWl  max|abs|=2.000e+00  rel_fro=1.164e-04  cos=1.000000
  dg   max|abs|=0.000e+00  rel_fro=0.000e+00  cos=1.000000
  torch.compile  fwd=0.1000 ms  fwd+bwd=0.3258 ms
  TE             fwd=0.0834 ms  fwd+bwd=0.2977 ms

=== M=65536  d_in=256  d_out=256  dtype=torch.bfloat16 ===
  fwd  max|abs|=7.812e-03  rel_fro=2.352e-05  cos=1.000000
  dx   max|abs|=7.812e-03  rel_fro=1.195e-05  cos=1.000000
  dWl  max|abs|=2.000e+00  rel_fro=7.950e-05  cos=1.000000
  dg   max|abs|=0.000e+00  rel_fro=0.000e+00  cos=1.000000
  torch.compile  fwd=0.1091 ms  fwd+bwd=0.3651 ms
  TE             fwd=0.1020 ms  fwd+bwd=0.3712 ms

=== M=262144  d_in=256  d_out=256  dtype=torch.bfloat16 ===
  fwd  max|abs|=7.812e-03  rel_fro=2.751e-05  cos=1.000000
  dx   max|abs|=7.812e-03  rel_fro=1.294e-05  cos=1.000000
  dWl  max|abs|=8.000e+00  rel_fro=1.615e-04  cos=1.000000
  dg   max|abs|=0.000e+00  rel_fro=0.000e+00  cos=1.000000
  torch.compile  fwd=0.2537 ms  fwd+bwd=0.7556 ms
  TE             fwd=0.2610 ms  fwd+bwd=0.8455 ms

=== M=16384  d_in=384  d_out=384  dtype=torch.bfloat16 ===
  fwd  max|abs|=7.812e-03  rel_fro=2.588e-05  cos=1.000000
  dx   max|abs|=7.812e-03  rel_fro=1.681e-05  cos=1.000000
  dWl  max|abs|=1.000e+00  rel_fro=5.539e-05  cos=1.000000
  dg   max|abs|=0.000e+00  rel_fro=0.000e+00  cos=1.000000
  torch.compile  fwd=0.1018 ms  fwd+bwd=0.3641 ms
  TE             fwd=0.0845 ms  fwd+bwd=0.3011 ms

=== M=65536  d_in=384  d_out=384  dtype=torch.bfloat16 ===
  fwd  max|abs|=7.812e-03  rel_fro=2.891e-05  cos=1.000000
  dx   max|abs|=1.562e-02  rel_fro=1.898e-05  cos=1.000000
  dWl  max|abs|=4.000e+00  rel_fro=1.028e-04  cos=1.000000
  dg   max|abs|=0.000e+00  rel_fro=0.000e+00  cos=1.000000
  torch.compile  fwd=0.1414 ms  fwd+bwd=0.5729 ms
  TE             fwd=0.1333 ms  fwd+bwd=0.4827 ms

=== M=262144  d_in=384  d_out=384  dtype=torch.bfloat16 ===
  fwd  max|abs|=7.812e-03  rel_fro=3.134e-05  cos=1.000000
  dx   max|abs|=1.562e-02  rel_fro=1.834e-05  cos=1.000000
  dWl  max|abs|=8.000e+00  rel_fro=1.617e-04  cos=1.000000
  dg   max|abs|=0.000e+00  rel_fro=0.000e+00  cos=1.000000
  torch.compile  fwd=0.3470 ms  fwd+bwd=1.2310 ms
  TE             fwd=0.3726 ms  fwd+bwd=1.1707 ms

=== M=16384  d_in=512  d_out=512  dtype=torch.bfloat16 ===
  fwd  max|abs|=7.812e-03  rel_fro=2.766e-05  cos=1.000000
  dx   max|abs|=7.812e-03  rel_fro=1.523e-05  cos=1.000000
  dWl  max|abs|=1.000e+00  rel_fro=6.271e-05  cos=1.000000
  dg   max|abs|=0.000e+00  rel_fro=0.000e+00  cos=1.000000
  torch.compile  fwd=0.0996 ms  fwd+bwd=0.3512 ms
  TE             fwd=0.0841 ms  fwd+bwd=0.3106 ms

=== M=65536  d_in=512  d_out=512  dtype=torch.bfloat16 ===
  fwd  max|abs|=7.812e-03  rel_fro=3.058e-05  cos=1.000000
  dx   max|abs|=7.812e-03  rel_fro=1.264e-05  cos=1.000000
  dWl  max|abs|=4.000e+00  rel_fro=9.633e-05  cos=1.000000
  dg   max|abs|=0.000e+00  rel_fro=0.000e+00  cos=1.000000
  torch.compile  fwd=0.1643 ms  fwd+bwd=0.6260 ms
  TE             fwd=0.1584 ms  fwd+bwd=0.5526 ms

=== M=262144  d_in=512  d_out=512  dtype=torch.bfloat16 ===
  fwd  max|abs|=7.812e-03  rel_fro=2.968e-05  cos=1.000000
  dx   max|abs|=7.812e-03  rel_fro=1.318e-05  cos=1.000000
  dWl  max|abs|=8.000e+00  rel_fro=1.369e-04  cos=1.000000
  dg   max|abs|=0.000e+00  rel_fro=0.000e+00  cos=1.000000
  torch.compile  fwd=0.4636 ms  fwd+bwd=1.5297 ms
  TE             fwd=0.4838 ms  fwd+bwd=1.4430 ms

=== M=16384  d_in=768  d_out=768  dtype=torch.bfloat16 ===
  fwd  max|abs|=7.812e-03  rel_fro=1.920e-05  cos=1.000000
  dx   max|abs|=7.812e-03  rel_fro=1.833e-05  cos=1.000000
  dWl  max|abs|=2.000e+00  rel_fro=4.727e-05  cos=1.000000
  dg   max|abs|=0.000e+00  rel_fro=0.000e+00  cos=1.000000
  torch.compile  fwd=0.1051 ms  fwd+bwd=0.3691 ms
  TE             fwd=0.0918 ms  fwd+bwd=0.3064 ms

=== M=65536  d_in=768  d_out=768  dtype=torch.bfloat16 ===
  fwd  max|abs|=7.812e-03  rel_fro=2.956e-05  cos=1.000000
  dx   max|abs|=7.812e-03  rel_fro=1.757e-05  cos=1.000000
  dWl  max|abs|=4.000e+00  rel_fro=1.021e-04  cos=1.000000
  dg   max|abs|=0.000e+00  rel_fro=0.000e+00  cos=1.000000
  torch.compile  fwd=0.2494 ms  fwd+bwd=0.7506 ms
  TE             fwd=0.2345 ms  fwd+bwd=0.6590 ms

=== M=262144  d_in=768  d_out=768  dtype=torch.bfloat16 ===
  fwd  max|abs|=1.562e-02  rel_fro=3.078e-05  cos=1.000000
  dx   max|abs|=7.812e-03  rel_fro=1.747e-05  cos=1.000000
  dWl  max|abs|=8.000e+00  rel_fro=1.304e-04  cos=1.000000
  dg   max|abs|=0.000e+00  rel_fro=0.000e+00  cos=1.000000
  torch.compile  fwd=0.7951 ms  fwd+bwd=2.5271 ms
  TE             fwd=0.8081 ms  fwd+bwd=2.4198 ms
