torch 2.10.0+cu128  device NVIDIA H100 80GB HBM3
transformer_engine 2.16.0
M1 candidates: 22   M2 candidates: 7

=== M=16384  d_in=128  d_out=128  dtype=torch.bfloat16 ===
  torch.compile  fwd=0.0170 ms
  TE             fwd=0.0173 ms
    --- M1 (cute) sweep ---
      [ok   256x128 cl(1,2) pp=0 dyn=0] cos=0.999997  fwd=0.0148 ms  <= best
      [bad  256x128 cl(2,1) pp=0 dyn=0] cos=0.996063
      [ok   256x160 cl(1,2) pp=0 dyn=0] cos=0.999997  fwd=0.0156 ms
      [bad  256x160 cl(2,1) pp=0 dyn=0] cos=0.997128
      [ok   256x192 cl(1,2) pp=0 dyn=0] cos=0.999997  fwd=0.0164 ms
      [bad  256x192 cl(2,1) pp=0 dyn=0] cos=0.964246
      [ok   256x208 cl(1,2) pp=0 dyn=0] cos=0.999997  fwd=0.0180 ms
      [bad  256x208 cl(2,1) pp=0 dyn=0] cos=0.994571
      [ok   128x224 cl(1,2) pp=0 dyn=0] cos=0.999997  fwd=0.0178 ms
      [ok   128x224 cl(2,1) pp=0 dyn=0] cos=0.999997  fwd=0.0149 ms
      [ok   128x256 cl(1,2) pp=0 dyn=0] cos=0.999997  fwd=0.0185 ms
      [ok   128x256 cl(2,1) pp=0 dyn=0] cos=0.999997  fwd=0.0153 ms
      [ok   128x128 cl(1,2) pp=1 dyn=0] cos=0.999997  fwd=0.0156 ms
      [ok   128x128 cl(2,1) pp=1 dyn=0] cos=0.999997  fwd=0.0141 ms  <= best
      [ok   128x160 cl(1,2) pp=1 dyn=0] cos=0.999997  fwd=0.0163 ms
      [ok   128x160 cl(2,1) pp=1 dyn=0] cos=0.999997  fwd=0.0146 ms
      [ok   128x192 cl(1,2) pp=1 dyn=0] cos=0.999997  fwd=0.0173 ms
      [ok   128x192 cl(2,1) pp=1 dyn=0] cos=0.999997  fwd=0.0152 ms
      [ok   128x208 cl(1,2) pp=1 dyn=0] cos=0.999997  fwd=0.0196 ms
      [ok   128x208 cl(2,1) pp=1 dyn=0] cos=0.999997  fwd=0.0164 ms
      [ok   192x128 cl(1,2) pp=1 dyn=0] cos=0.999997  fwd=0.0172 ms
      [ok   192x128 cl(2,1) pp=1 dyn=0] cos=0.999997  fwd=0.0148 ms
  [tune] M1 best = 128x128 cl(2,1) pp=1 dyn=0  (18 correct)
  cute           fwd=0.0141 ms
    --- M2 (cute-fused) sweep ---
      [ok   128x128 cl(1,1) pp=1] cos=0.999997  fwd=0.0128 ms  <= best
      [ok   128x160 cl(1,1) pp=1] cos=0.999997  fwd=0.0132 ms
      [ok   128x192 cl(1,1) pp=1] cos=0.999997  fwd=0.0132 ms
      [ok   128x208 cl(1,1) pp=1] cos=0.999997  fwd=0.0146 ms
      [ok   64x128 cl(1,1) pp=1] cos=0.999997  fwd=0.0123 ms  <= best
      [ok   64x192 cl(1,1) pp=1] cos=0.999997  fwd=0.0130 ms
      [ok   64x256 cl(1,1) pp=1] cos=0.999997  fwd=0.0136 ms
  [tune] M2 best = 64x128 cl(1,1) pp=1  (7 correct)
  cute-fused     fwd=0.0123 ms

=== M=65536  d_in=128  d_out=128  dtype=torch.bfloat16 ===
  torch.compile  fwd=0.0373 ms
  TE             fwd=0.0423 ms
    --- M1 (cute) sweep ---
      [ok   256x128 cl(1,2) pp=0 dyn=0] cos=0.999009  fwd=0.0316 ms  <= best
      [ok   256x128 cl(2,1) pp=0 dyn=0] cos=0.999997  fwd=0.0247 ms  <= best
      [bad  256x160 cl(1,2) pp=0 dyn=0] cos=0.963268
      [ok   256x160 cl(2,1) pp=0 dyn=0] cos=0.999997  fwd=0.0262 ms
      [ok   256x192 cl(1,2) pp=0 dyn=0] cos=0.999997  fwd=0.0375 ms
      [ok   256x192 cl(2,1) pp=0 dyn=0] cos=0.999997  fwd=0.0281 ms
      [bad  256x208 cl(1,2) pp=0 dyn=0] cos=0.991588
      [ok   256x208 cl(2,1) pp=0 dyn=0] cos=0.999997  fwd=0.0314 ms
      [ok   128x224 cl(1,2) pp=0 dyn=0] cos=0.999980  fwd=0.0428 ms
      [ok   128x224 cl(2,1) pp=0 dyn=0] cos=0.999997  fwd=0.0317 ms
      [ok   128x256 cl(1,2) pp=0 dyn=0] cos=0.999988  fwd=0.0458 ms
      [ok   128x256 cl(2,1) pp=0 dyn=0] cos=0.999997  fwd=0.0326 ms
      [ok   128x128 cl(1,2) pp=1 dyn=0] cos=0.999997  fwd=0.0334 ms
      [ok   128x128 cl(2,1) pp=1 dyn=0] cos=0.999997  fwd=0.0266 ms
      [ok   128x160 cl(1,2) pp=1 dyn=0] cos=0.999997  fwd=0.0372 ms
      [ok   128x160 cl(2,1) pp=1 dyn=0] cos=0.999997  fwd=0.0285 ms
      [ok   128x192 cl(1,2) pp=1 dyn=0] cos=0.999997  fwd=0.0409 ms
      [ok   128x192 cl(2,1) pp=1 dyn=0] cos=0.999997  fwd=0.0308 ms
      [ok   128x208 cl(1,2) pp=1 dyn=0] cos=0.999997  fwd=0.0488 ms
      [ok   128x208 cl(2,1) pp=1 dyn=0] cos=0.999997  fwd=0.0349 ms
      [ok   192x128 cl(1,2) pp=1 dyn=0] cos=0.999997  fwd=0.0348 ms
      [ok   192x128 cl(2,1) pp=1 dyn=0] cos=0.999997  fwd=0.0263 ms
  [tune] M1 best = 256x128 cl(2,1) pp=0 dyn=0  (20 correct)
  cute           fwd=0.0247 ms
    --- M2 (cute-fused) sweep ---
      [ok   128x128 cl(1,1) pp=1] cos=0.999997  fwd=0.0226 ms  <= best
      [ok   128x160 cl(1,1) pp=1] cos=0.999997  fwd=0.0234 ms
      [ok   128x192 cl(1,1) pp=1] cos=0.999992  fwd=0.0251 ms
      [ok   128x208 cl(1,1) pp=1] cos=0.999821  fwd=0.0297 ms
      [ok   64x128 cl(1,1) pp=1] cos=0.999997  fwd=0.0228 ms
      [ok   64x192 cl(1,1) pp=1] cos=0.999929  fwd=0.0252 ms
      [ok   64x256 cl(1,1) pp=1] cos=0.999997  fwd=0.0285 ms
  [tune] M2 best = 128x128 cl(1,1) pp=1  (7 correct)
  cute-fused     fwd=0.0226 ms

=== M=262144  d_in=128  d_out=128  dtype=torch.bfloat16 ===
  torch.compile  fwd=0.1244 ms
  TE             fwd=0.1379 ms
    --- M1 (cute) sweep ---
      [bad  256x128 cl(1,2) pp=0 dyn=0] cos=0.998341
      [ok   256x128 cl(2,1) pp=0 dyn=0] cos=0.999286  fwd=0.0859 ms  <= best
      [ok   256x160 cl(1,2) pp=0 dyn=0] cos=0.999243  fwd=0.1163 ms
      [ok   256x160 cl(2,1) pp=0 dyn=0] cos=0.999997  fwd=0.0877 ms
      [ok   256x192 cl(1,2) pp=0 dyn=0] cos=0.999997  fwd=0.1277 ms
      [ok   256x192 cl(2,1) pp=0 dyn=0] cos=0.999997  fwd=0.0924 ms
      [ok   256x208 cl(1,2) pp=0 dyn=0] cos=0.999841  fwd=0.1503 ms
      [ok   256x208 cl(2,1) pp=0 dyn=0] cos=0.999997  fwd=0.1031 ms
      [ok   128x224 cl(1,2) pp=0 dyn=0] cos=0.999965  fwd=0.1492 ms
      [ok   128x224 cl(2,1) pp=0 dyn=0] cos=0.999990  fwd=0.1031 ms
      [ok   128x256 cl(1,2) pp=0 dyn=0] cos=0.999995  fwd=0.1608 ms
      [ok   128x256 cl(2,1) pp=0 dyn=0] cos=0.999997  fwd=0.1067 ms
      [ok   128x128 cl(1,2) pp=1 dyn=0] cos=0.999997  fwd=0.1077 ms
      [ok   128x128 cl(2,1) pp=1 dyn=0] cos=0.999997  fwd=0.0853 ms  <= best
      [ok   128x160 cl(1,2) pp=1 dyn=0] cos=0.999997  fwd=0.1223 ms
      [ok   128x160 cl(2,1) pp=1 dyn=0] cos=0.999997  fwd=0.0886 ms
      [ok   128x192 cl(1,2) pp=1 dyn=0] cos=0.999997  fwd=0.1362 ms
      [ok   128x192 cl(2,1) pp=1 dyn=0] cos=0.999997  fwd=0.0943 ms
      [ok   128x208 cl(1,2) pp=1 dyn=0] cos=0.999997  fwd=0.1715 ms
      [ok   128x208 cl(2,1) pp=1 dyn=0] cos=0.999997  fwd=0.1094 ms
      [ok   192x128 cl(1,2) pp=1 dyn=0] cos=0.999997  fwd=0.1046 ms
      [ok   192x128 cl(2,1) pp=1 dyn=0] cos=0.999995  fwd=0.0847 ms  <= best
  [tune] M1 best = 192x128 cl(2,1) pp=1 dyn=0  (21 correct)
  cute           fwd=0.0847 ms
    --- M2 (cute-fused) sweep ---
      [ok   128x128 cl(1,1) pp=1] cos=0.999997  fwd=0.0623 ms  <= best
      [ok   128x160 cl(1,1) pp=1] cos=0.999997  fwd=0.0670 ms
      [ok   128x192 cl(1,1) pp=1] cos=0.999994  fwd=0.0732 ms
      [ok   128x208 cl(1,1) pp=1] cos=0.999789  fwd=0.0916 ms
      [ok   64x128 cl(1,1) pp=1] cos=0.999997  fwd=0.0638 ms
      [ok   64x192 cl(1,1) pp=1] cos=0.999915  fwd=0.0731 ms
      [ok   64x256 cl(1,1) pp=1] cos=0.999997  fwd=0.0860 ms
  [tune] M2 best = 128x128 cl(1,1) pp=1  (7 correct)
  cute-fused     fwd=0.0623 ms

=== M=16384  d_in=256  d_out=256  dtype=torch.bfloat16 ===
  torch.compile  fwd=0.0254 ms
  TE             fwd=0.0256 ms
    --- M1 (cute) sweep ---
      [bad  256x128 cl(1,2) pp=0 dyn=0] cos=0.997556
      [ok   256x128 cl(2,1) pp=0 dyn=0] cos=0.999997  fwd=0.0184 ms  <= best
      [ok   256x160 cl(1,2) pp=0 dyn=0] cos=0.999997  fwd=0.0190 ms
      [bad  256x160 cl(2,1) pp=0 dyn=0] cos=0.998793
      [ok   256x192 cl(1,2) pp=0 dyn=0] cos=0.999234  fwd=0.0201 ms
      [ok   256x192 cl(2,1) pp=0 dyn=0] cos=0.999997  fwd=0.0208 ms
      [ok   256x208 cl(1,2) pp=0 dyn=0] cos=0.999997  fwd=0.0216 ms
      [ok   256x208 cl(2,1) pp=0 dyn=0] cos=0.999595  fwd=0.0229 ms
      [ok   128x224 cl(1,2) pp=0 dyn=0] cos=0.999973  fwd=0.0226 ms
      [ok   128x224 cl(2,1) pp=0 dyn=0] cos=0.999997  fwd=0.0252 ms
      [ok   128x256 cl(1,2) pp=0 dyn=0] cos=0.999997  fwd=0.0236 ms
      [ok   128x256 cl(2,1) pp=0 dyn=0] cos=0.999997  fwd=0.0182 ms  <= best
      [ok   128x128 cl(1,2) pp=1 dyn=0] cos=0.999997  fwd=0.0181 ms  <= best
      [ok   128x128 cl(2,1) pp=1 dyn=0] cos=0.999997  fwd=0.0189 ms
      [ok   128x160 cl(1,2) pp=1 dyn=0] cos=0.999997  fwd=0.0196 ms
      [ok   128x160 cl(2,1) pp=1 dyn=0] cos=0.999997  fwd=0.0207 ms
      [ok   128x192 cl(1,2) pp=1 dyn=0] cos=0.999997  fwd=0.0213 ms
      [ok   128x192 cl(2,1) pp=1 dyn=0] cos=0.999997  fwd=0.0231 ms
      [ok   128x208 cl(1,2) pp=1 dyn=0] cos=0.999997  fwd=0.0239 ms
      [ok   128x208 cl(2,1) pp=1 dyn=0] cos=0.999997  fwd=0.0259 ms
      [ok   192x128 cl(1,2) pp=1 dyn=0] cos=0.999997  fwd=0.0203 ms
      [ok   192x128 cl(2,1) pp=1 dyn=0] cos=0.999997  fwd=0.0210 ms
  [tune] M1 best = 128x128 cl(1,2) pp=1 dyn=0  (20 correct)
  cute           fwd=0.0181 ms
    --- M2 (cute-fused) sweep ---
      [ok   128x128 cl(1,1) pp=1] cos=0.999997  fwd=0.0192 ms  <= best
      [ok   128x160 cl(1,1) pp=1] cos=0.999994  fwd=0.0197 ms
      [ok   128x192 cl(1,1) pp=1] cos=0.999997  fwd=0.0199 ms
      [ok   128x208 cl(1,1) pp=1] cos=0.999997  fwd=0.0225 ms
      [ok   64x128 cl(1,1) pp=1] cos=0.999997  fwd=0.0205 ms
      [ok   64x192 cl(1,1) pp=1] cos=0.999994  fwd=0.0219 ms
      [ok   64x256 cl(1,1) pp=1] cos=0.999997  fwd=0.0167 ms  <= best
  [tune] M2 best = 64x256 cl(1,1) pp=1  (7 correct)
  cute-fused     fwd=0.0167 ms

=== M=65536  d_in=256  d_out=256  dtype=torch.bfloat16 ===
  torch.compile  fwd=0.0606 ms
  TE             fwd=0.0692 ms
    --- M1 (cute) sweep ---
      [bad  256x128 cl(1,2) pp=0 dyn=0] cos=0.998554
      [bad  256x128 cl(2,1) pp=0 dyn=0] cos=0.998564
      [ok   256x160 cl(1,2) pp=0 dyn=0] cos=0.999997  fwd=0.0545 ms  <= best
      [ok   256x160 cl(2,1) pp=0 dyn=0] cos=0.999997  fwd=0.0553 ms
      [ok   256x192 cl(1,2) pp=0 dyn=0] cos=0.999997  fwd=0.0573 ms
      [ok   256x192 cl(2,1) pp=0 dyn=0] cos=0.999997  fwd=0.0584 ms
      [ok   256x208 cl(1,2) pp=0 dyn=0] cos=0.999699  fwd=0.0633 ms
      [ok   256x208 cl(2,1) pp=0 dyn=0] cos=0.999997  fwd=0.0646 ms
      [ok   128x224 cl(1,2) pp=0 dyn=0] cos=0.999997  fwd=0.0649 ms
      [ok   128x224 cl(2,1) pp=0 dyn=0] cos=0.999994  fwd=0.0652 ms
      [ok   128x256 cl(1,2) pp=0 dyn=0] cos=0.999997  fwd=0.0696 ms
      [ok   128x256 cl(2,1) pp=0 dyn=0] cos=0.999991  fwd=0.0493 ms  <= best
      [ok   128x128 cl(1,2) pp=1 dyn=0] cos=0.999997  fwd=0.0483 ms  <= best
      [ok   128x128 cl(2,1) pp=1 dyn=0] cos=0.999997  fwd=0.0494 ms
      [ok   128x160 cl(1,2) pp=1 dyn=0] cos=0.999997  fwd=0.0515 ms
      [ok   128x160 cl(2,1) pp=1 dyn=0] cos=0.999997  fwd=0.0523 ms
      [ok   128x192 cl(1,2) pp=1 dyn=0] cos=0.999997  fwd=0.0556 ms
      [ok   128x192 cl(2,1) pp=1 dyn=0] cos=0.999997  fwd=0.0576 ms
      [ok   128x208 cl(1,2) pp=1 dyn=0] cos=0.999997  fwd=0.0646 ms
      [ok   128x208 cl(2,1) pp=1 dyn=0] cos=0.999997  fwd=0.0665 ms
      [ok   192x128 cl(1,2) pp=1 dyn=0] cos=0.999995  fwd=0.0491 ms
      [ok   192x128 cl(2,1) pp=1 dyn=0] cos=0.999996  fwd=0.0510 ms
  [tune] M1 best = 128x128 cl(1,2) pp=1 dyn=0  (20 correct)
  cute           fwd=0.0483 ms
    --- M2 (cute-fused) sweep ---
      [ok   128x128 cl(1,1) pp=1] cos=0.999997  fwd=0.0485 ms  <= best
      [ok   128x160 cl(1,1) pp=1] cos=0.999948  fwd=0.0506 ms
      [ok   128x192 cl(1,1) pp=1] cos=0.999995  fwd=0.0531 ms
      [ok   128x208 cl(1,1) pp=1] cos=0.999873  fwd=0.0627 ms
      [ok   64x128 cl(1,1) pp=1] cos=0.999997  fwd=0.0560 ms
      [ok   64x192 cl(1,1) pp=1] cos=0.999993  fwd=0.0631 ms
      [ok   64x256 cl(1,1) pp=1] cos=0.999997  fwd=0.0394 ms  <= best
  [tune] M2 best = 64x256 cl(1,1) pp=1  (7 correct)
  cute-fused     fwd=0.0394 ms

=== M=262144  d_in=256  d_out=256  dtype=torch.bfloat16 ===
  torch.compile  fwd=0.2045 ms
  TE             fwd=0.2280 ms
    --- M1 (cute) sweep ---
      [bad  256x128 cl(1,2) pp=0 dyn=0] cos=0.998326
      [bad  256x128 cl(2,1) pp=0 dyn=0] cos=0.998718
      [ok   256x160 cl(1,2) pp=0 dyn=0] cos=0.999997  fwd=0.1812 ms  <= best
      [ok   256x160 cl(2,1) pp=0 dyn=0] cos=0.999997  fwd=0.1818 ms
      [ok   256x192 cl(1,2) pp=0 dyn=0] cos=0.999997  fwd=0.1919 ms
      [ok   256x192 cl(2,1) pp=0 dyn=0] cos=0.999997  fwd=0.1933 ms
      [ok   256x208 cl(1,2) pp=0 dyn=0] cos=0.999997  fwd=0.2156 ms
      [ok   256x208 cl(2,1) pp=0 dyn=0] cos=0.999997  fwd=0.2191 ms
      [ok   128x224 cl(1,2) pp=0 dyn=0] cos=0.999996  fwd=0.2121 ms
      [ok   128x224 cl(2,1) pp=0 dyn=0] cos=0.999994  fwd=0.2152 ms
      [ok   128x256 cl(1,2) pp=0 dyn=0] cos=0.999997  fwd=0.2293 ms
      [ok   128x256 cl(2,1) pp=0 dyn=0] cos=0.999985  fwd=0.1628 ms  <= best
      [ok   128x128 cl(1,2) pp=1 dyn=0] cos=0.999997  fwd=0.1568 ms  <= best
      [ok   128x128 cl(2,1) pp=1 dyn=0] cos=0.999997  fwd=0.1596 ms
      [ok   128x160 cl(1,2) pp=1 dyn=0] cos=0.999997  fwd=0.1674 ms
      [ok   128x160 cl(2,1) pp=1 dyn=0] cos=0.999997  fwd=0.1689 ms
      [ok   128x192 cl(1,2) pp=1 dyn=0] cos=0.999997  fwd=0.1816 ms
      [ok   128x192 cl(2,1) pp=1 dyn=0] cos=0.999997  fwd=0.1820 ms
      [ok   128x208 cl(1,2) pp=1 dyn=0] cos=0.999997  fwd=0.2103 ms
      [ok   128x208 cl(2,1) pp=1 dyn=0] cos=0.999997  fwd=0.2156 ms
      [ok   192x128 cl(1,2) pp=1 dyn=0] cos=0.999996  fwd=0.1518 ms  <= best
      [ok   192x128 cl(2,1) pp=1 dyn=0] cos=0.999996  fwd=0.1556 ms
  [tune] M1 best = 192x128 cl(1,2) pp=1 dyn=0  (20 correct)
  cute           fwd=0.1518 ms
    --- M2 (cute-fused) sweep ---
      [ok   128x128 cl(1,1) pp=1] cos=0.999997  fwd=0.1636 ms  <= best
      [ok   128x160 cl(1,1) pp=1] cos=0.999936  fwd=0.1717 ms
      [ok   128x192 cl(1,1) pp=1] cos=0.999992  fwd=0.1809 ms
      [ok   128x208 cl(1,1) pp=1] cos=0.999865  fwd=0.2180 ms
      [ok   64x128 cl(1,1) pp=1] cos=0.999997  fwd=0.1941 ms
      [ok   64x192 cl(1,1) pp=1] cos=0.999991  fwd=0.2189 ms
      [ok   64x256 cl(1,1) pp=1] cos=0.999997  fwd=0.1300 ms  <= best
  [tune] M2 best = 64x256 cl(1,1) pp=1  (7 correct)
  cute-fused     fwd=0.1300 ms

=== M=16384  d_in=384  d_out=384  dtype=torch.bfloat16 ===
  torch.compile  fwd=0.0293 ms
  TE             fwd=0.0342 ms
    --- M1 (cute) sweep ---
      [ok   256x128 cl(1,2) pp=0 dyn=0] cos=0.999661  fwd=0.0272 ms  <= best
      [ok   256x128 cl(2,1) pp=0 dyn=0] cos=0.999743  fwd=0.0274 ms
      [bad  256x160 cl(1,2) pp=0 dyn=0] cos=0.993674
      [ok   256x160 cl(2,1) pp=0 dyn=0] cos=0.999997  fwd=0.0301 ms
      [ok   256x192 cl(1,2) pp=0 dyn=0] cos=0.999051  fwd=0.0241 ms  <= best
      [ok   256x192 cl(2,1) pp=0 dyn=0] cos=0.999997  fwd=0.0244 ms
      [ok   256x208 cl(1,2) pp=0 dyn=0] cos=0.999997  fwd=0.0261 ms
      [ok   256x208 cl(2,1) pp=0 dyn=0] cos=0.999997  fwd=0.0262 ms
      [ok   128x224 cl(1,2) pp=0 dyn=0] cos=0.999997  fwd=0.0255 ms
      [ok   128x224 cl(2,1) pp=0 dyn=0] cos=0.999997  fwd=0.0271 ms
      [ok   128x256 cl(1,2) pp=0 dyn=0] cos=0.999994  fwd=0.0267 ms
      [ok   128x256 cl(2,1) pp=0 dyn=0] cos=0.999997  fwd=0.0298 ms
      [ok   128x128 cl(1,2) pp=1 dyn=0] cos=0.999997  fwd=0.0288 ms
      [ok   128x128 cl(2,1) pp=1 dyn=0] cos=0.999997  fwd=0.0260 ms
      [ok   128x160 cl(1,2) pp=1 dyn=0] cos=0.999997  fwd=0.0300 ms
      [ok   128x160 cl(2,1) pp=1 dyn=0] cos=0.999997  fwd=0.0288 ms
      [ok   128x192 cl(1,2) pp=1 dyn=0] cos=0.999997  fwd=0.0237 ms  <= best
      [ok   128x192 cl(2,1) pp=1 dyn=0] cos=0.999997  fwd=0.0246 ms
      [ok   128x208 cl(1,2) pp=1 dyn=0] cos=0.999997  fwd=0.0261 ms
      [ok   128x208 cl(2,1) pp=1 dyn=0] cos=0.999997  fwd=0.0271 ms
      [ok   192x128 cl(1,2) pp=1 dyn=0] cos=0.999997  fwd=0.0285 ms
      [ok   192x128 cl(2,1) pp=1 dyn=0] cos=0.999997  fwd=0.0252 ms
  [tune] M1 best = 128x192 cl(1,2) pp=1 dyn=0  (21 correct)
  cute           fwd=0.0237 ms
    --- M2 (cute-fused) sweep ---
      [ok   128x128 cl(1,1) pp=1] cos=0.999997  fwd=0.0292 ms  <= best
      [ok   128x160 cl(1,1) pp=1] cos=0.999984  fwd=0.0303 ms
      [ok   128x192 cl(1,1) pp=1] cos=0.999997  fwd=0.0238 ms  <= best
      [ok   128x208 cl(1,1) pp=1] cos=0.999997  fwd=0.0261 ms
      [ok   64x128 cl(1,1) pp=1] cos=0.999997  fwd=0.0333 ms
      [ok   64x192 cl(1,1) pp=1] cos=0.999995  fwd=0.0273 ms
      [ok   64x256 cl(1,1) pp=1] cos=0.999997  fwd=0.0296 ms
  [tune] M2 best = 128x192 cl(1,1) pp=1  (7 correct)
  cute-fused     fwd=0.0238 ms

=== M=65536  d_in=384  d_out=384  dtype=torch.bfloat16 ===
  torch.compile  fwd=0.0932 ms
  TE             fwd=0.1057 ms
    --- M1 (cute) sweep ---
      [ok   256x128 cl(1,2) pp=0 dyn=0] cos=0.999477  fwd=0.0870 ms  <= best
      [ok   256x128 cl(2,1) pp=0 dyn=0] cos=0.999544  fwd=0.0787 ms  <= best
      [ok   256x160 cl(1,2) pp=0 dyn=0] cos=0.999997  fwd=0.0984 ms
      [ok   256x160 cl(2,1) pp=0 dyn=0] cos=0.999997  fwd=0.0865 ms
      [ok   256x192 cl(1,2) pp=0 dyn=0] cos=0.999997  fwd=0.0742 ms  <= best
      [ok   256x192 cl(2,1) pp=0 dyn=0] cos=0.999997  fwd=0.0752 ms
      [ok   256x208 cl(1,2) pp=0 dyn=0] cos=0.999997  fwd=0.0803 ms
      [ok   256x208 cl(2,1) pp=0 dyn=0] cos=0.999997  fwd=0.0816 ms
      [ok   128x224 cl(1,2) pp=0 dyn=0] cos=0.999911  fwd=0.0807 ms
      [ok   128x224 cl(2,1) pp=0 dyn=0] cos=0.999756  fwd=0.0829 ms
      [ok   128x256 cl(1,2) pp=0 dyn=0] cos=0.999910  fwd=0.0874 ms
      [ok   128x256 cl(2,1) pp=0 dyn=0] cos=0.999898  fwd=0.0876 ms
      [ok   128x128 cl(1,2) pp=1 dyn=0] cos=0.999997  fwd=0.0816 ms
      [ok   128x128 cl(2,1) pp=1 dyn=0] cos=0.999997  fwd=0.0727 ms  <= best
      [ok   128x160 cl(1,2) pp=1 dyn=0] cos=0.999997  fwd=0.0909 ms
      [ok   128x160 cl(2,1) pp=1 dyn=0] cos=0.999997  fwd=0.0779 ms
      [ok   128x192 cl(1,2) pp=1 dyn=0] cos=0.999997  fwd=0.0685 ms  <= best
      [ok   128x192 cl(2,1) pp=1 dyn=0] cos=0.999997  fwd=0.0700 ms
      [ok   128x208 cl(1,2) pp=1 dyn=0] cos=0.999997  fwd=0.0771 ms
      [ok   128x208 cl(2,1) pp=1 dyn=0] cos=0.999997  fwd=0.0772 ms
      [ok   192x128 cl(1,2) pp=1 dyn=0] cos=0.999997  fwd=0.0811 ms
      [ok   192x128 cl(2,1) pp=1 dyn=0] cos=0.999996  fwd=0.0718 ms
  [tune] M1 best = 128x192 cl(1,2) pp=1 dyn=0  (22 correct)
  cute           fwd=0.0685 ms
    --- M2 (cute-fused) sweep ---
      [ok   128x128 cl(1,1) pp=1] cos=0.999997  fwd=0.0904 ms  <= best
      [ok   128x160 cl(1,1) pp=1] cos=0.999954  fwd=0.0942 ms
      [ok   128x192 cl(1,1) pp=1] cos=0.999982  fwd=0.0672 ms  <= best
      [ok   128x208 cl(1,1) pp=1] cos=0.999977  fwd=0.0749 ms
      [ok   64x128 cl(1,1) pp=1] cos=0.999997  fwd=0.1090 ms
      [ok   64x192 cl(1,1) pp=1] cos=0.999996  fwd=0.0830 ms
      [ok   64x256 cl(1,1) pp=1] cos=0.999997  fwd=0.0922 ms
  [tune] M2 best = 128x192 cl(1,1) pp=1  (7 correct)
  cute-fused     fwd=0.0672 ms

=== M=262144  d_in=384  d_out=384  dtype=torch.bfloat16 ===
  torch.compile  fwd=0.2974 ms
  TE             fwd=0.3404 ms
    --- M1 (cute) sweep ---
      [ok   256x128 cl(1,2) pp=0 dyn=0] cos=0.999346  fwd=0.3084 ms  <= best
      [ok   256x128 cl(2,1) pp=0 dyn=0] cos=0.999373  fwd=0.2707 ms  <= best
      [ok   256x160 cl(1,2) pp=0 dyn=0] cos=0.999997  fwd=0.3516 ms
      [ok   256x160 cl(2,1) pp=0 dyn=0] cos=0.999997  fwd=0.3022 ms
      [ok   256x192 cl(1,2) pp=0 dyn=0] cos=0.999997  fwd=0.2661 ms  <= best
      [ok   256x192 cl(2,1) pp=0 dyn=0] cos=0.999997  fwd=0.2666 ms
      [ok   256x208 cl(1,2) pp=0 dyn=0] cos=0.999997  fwd=0.2858 ms
      [ok   256x208 cl(2,1) pp=0 dyn=0] cos=0.999997  fwd=0.2890 ms
      [ok   128x224 cl(1,2) pp=0 dyn=0] cos=0.999753  fwd=0.2858 ms
      [ok   128x224 cl(2,1) pp=0 dyn=0] cos=0.999609  fwd=0.2876 ms
      [ok   128x256 cl(1,2) pp=0 dyn=0] cos=0.999835  fwd=0.3005 ms
      [ok   128x256 cl(2,1) pp=0 dyn=0] cos=0.999777  fwd=0.3056 ms
      [ok   128x128 cl(1,2) pp=1 dyn=0] cos=0.999997  fwd=0.2912 ms
      [ok   128x128 cl(2,1) pp=1 dyn=0] cos=0.999997  fwd=0.2627 ms  <= best
      [ok   128x160 cl(1,2) pp=1 dyn=0] cos=0.999997  fwd=0.3313 ms
      [ok   128x160 cl(2,1) pp=1 dyn=0] cos=0.999997  fwd=0.2723 ms
      [ok   128x192 cl(1,2) pp=1 dyn=0] cos=0.999997  fwd=0.2414 ms  <= best
      [ok   128x192 cl(2,1) pp=1 dyn=0] cos=0.999997  fwd=0.2488 ms
      [ok   128x208 cl(1,2) pp=1 dyn=0] cos=0.999997  fwd=0.2685 ms
      [ok   128x208 cl(2,1) pp=1 dyn=0] cos=0.999997  fwd=0.2686 ms
      [ok   192x128 cl(1,2) pp=1 dyn=0] cos=0.999997  fwd=0.2816 ms
      [ok   192x128 cl(2,1) pp=1 dyn=0] cos=0.999996  fwd=0.2524 ms
  [tune] M1 best = 128x192 cl(1,2) pp=1 dyn=0  (22 correct)
  cute           fwd=0.2414 ms
    --- M2 (cute-fused) sweep ---
      [ok   128x128 cl(1,1) pp=1] cos=0.999997  fwd=0.3331 ms  <= best
      [ok   128x160 cl(1,1) pp=1] cos=0.999942  fwd=0.3435 ms
      [ok   128x192 cl(1,1) pp=1] cos=0.999978  fwd=0.2411 ms  <= best
      [ok   128x208 cl(1,1) pp=1] cos=0.999971  fwd=0.2707 ms
      [ok   64x128 cl(1,1) pp=1] cos=0.999997  fwd=0.4071 ms
      [ok   64x192 cl(1,1) pp=1] cos=0.999993  fwd=0.3009 ms
      [ok   64x256 cl(1,1) pp=1] cos=0.999997  fwd=0.3361 ms
  [tune] M2 best = 128x192 cl(1,1) pp=1  (7 correct)
  cute-fused     fwd=0.2411 ms

=== M=16384  d_in=512  d_out=512  dtype=torch.bfloat16 ===
  torch.compile  fwd=0.0366 ms
  TE             fwd=0.0410 ms
    --- M1 (cute) sweep ---
      [ok   256x128 cl(1,2) pp=0 dyn=0] cos=0.999523  fwd=0.0316 ms  <= best
      [ok   256x128 cl(2,1) pp=0 dyn=0] cos=0.999523  fwd=0.0329 ms
      [bad  256x160 cl(1,2) pp=0 dyn=0] cos=0.998084
      [bad  256x160 cl(2,1) pp=0 dyn=0] cos=0.998400
      [ok   256x192 cl(1,2) pp=0 dyn=0] cos=0.999516  fwd=0.0386 ms
      [ok   256x192 cl(2,1) pp=0 dyn=0] cos=0.999997  fwd=0.0378 ms
      [bad  256x208 cl(1,2) pp=0 dyn=0] cos=0.997259
      [ok   256x208 cl(2,1) pp=0 dyn=0] cos=0.999997  fwd=0.0418 ms
      [ok   128x224 cl(1,2) pp=0 dyn=0] cos=0.999804  fwd=0.0524 ms
      [ok   128x224 cl(2,1) pp=0 dyn=0] cos=0.999980  fwd=0.0389 ms
      [ok   128x256 cl(1,2) pp=0 dyn=0] cos=0.999996  fwd=0.0312 ms  <= best
      [ok   128x256 cl(2,1) pp=0 dyn=0] cos=0.999995  fwd=0.0315 ms
      [ok   128x128 cl(1,2) pp=1 dyn=0] cos=0.999997  fwd=0.0308 ms  <= best
      [ok   128x128 cl(2,1) pp=1 dyn=0] cos=0.999997  fwd=0.0328 ms
      [ok   128x160 cl(1,2) pp=1 dyn=0] cos=0.999997  fwd=0.0380 ms
      [ok   128x160 cl(2,1) pp=1 dyn=0] cos=0.999997  fwd=0.0390 ms
      [ok   128x192 cl(1,2) pp=1 dyn=0] cos=0.999997  fwd=0.0439 ms
      [ok   128x192 cl(2,1) pp=1 dyn=0] cos=0.999997  fwd=0.0341 ms
      [ok   128x208 cl(1,2) pp=1 dyn=0] cos=0.999997  fwd=0.0501 ms
      [ok   128x208 cl(2,1) pp=1 dyn=0] cos=0.999997  fwd=0.0382 ms
      [ok   192x128 cl(1,2) pp=1 dyn=0] cos=0.999997  fwd=0.0320 ms
      [ok   192x128 cl(2,1) pp=1 dyn=0] cos=0.999997  fwd=0.0335 ms
  [tune] M1 best = 128x128 cl(1,2) pp=1 dyn=0  (19 correct)
  cute           fwd=0.0308 ms
    --- M2 (cute-fused) sweep ---
      [ok   128x128 cl(1,1) pp=1] cos=0.999997  fwd=0.0433 ms  <= best
      [ok   128x160 cl(1,1) pp=1] cos=0.999977  fwd=0.0450 ms
      [ok   128x192 cl(1,1) pp=1] cos=0.999989  fwd=0.0364 ms  <= best
      [ok   128x208 cl(1,1) pp=1] cos=0.999989  fwd=0.0403 ms
      [ok   64x128 cl(1,1) pp=1] cos=0.999997  fwd=0.0507 ms
      [ok   64x192 cl(1,1) pp=1] cos=0.999993  fwd=0.0440 ms
      [ok   64x256 cl(1,1) pp=1] cos=0.999997  fwd=0.0353 ms  <= best
  [tune] M2 best = 64x256 cl(1,1) pp=1  (7 correct)
  cute-fused     fwd=0.0353 ms

=== M=65536  d_in=512  d_out=512  dtype=torch.bfloat16 ===
  torch.compile  fwd=0.1146 ms
  TE             fwd=0.1254 ms
    --- M1 (cute) sweep ---
      [ok   256x128 cl(1,2) pp=0 dyn=0] cos=0.999161  fwd=0.1047 ms  <= best
      [ok   256x128 cl(2,1) pp=0 dyn=0] cos=0.999161  fwd=0.1074 ms
      [ok   256x160 cl(1,2) pp=0 dyn=0] cos=0.999845  fwd=0.1187 ms
      [ok   256x160 cl(2,1) pp=0 dyn=0] cos=0.999919  fwd=0.1197 ms
      [ok   256x192 cl(1,2) pp=0 dyn=0] cos=0.999997  fwd=0.1309 ms
      [ok   256x192 cl(2,1) pp=0 dyn=0] cos=0.999997  fwd=0.1099 ms
      [ok   256x208 cl(1,2) pp=0 dyn=0] cos=0.999431  fwd=0.1466 ms
      [ok   256x208 cl(2,1) pp=0 dyn=0] cos=0.999997  fwd=0.1203 ms
      [ok   128x224 cl(1,2) pp=0 dyn=0] cos=0.999734  fwd=0.1860 ms
      [ok   128x224 cl(2,1) pp=0 dyn=0] cos=0.999854  fwd=0.1235 ms
      [ok   128x256 cl(1,2) pp=0 dyn=0] cos=0.999990  fwd=0.1019 ms  <= best
      [ok   128x256 cl(2,1) pp=0 dyn=0] cos=0.999882  fwd=0.1029 ms
      [ok   128x128 cl(1,2) pp=1 dyn=0] cos=0.999997  fwd=0.0981 ms  <= best
      [ok   128x128 cl(2,1) pp=1 dyn=0] cos=0.999997  fwd=0.1004 ms
      [ok   128x160 cl(1,2) pp=1 dyn=0] cos=0.999997  fwd=0.1273 ms
      [ok   128x160 cl(2,1) pp=1 dyn=0] cos=0.999997  fwd=0.1234 ms
      [ok   128x192 cl(1,2) pp=1 dyn=0] cos=0.999997  fwd=0.1457 ms
      [ok   128x192 cl(2,1) pp=1 dyn=0] cos=0.999997  fwd=0.1024 ms
      [ok   128x208 cl(1,2) pp=1 dyn=0] cos=0.999997  fwd=0.1698 ms
      [ok   128x208 cl(2,1) pp=1 dyn=0] cos=0.999997  fwd=0.1138 ms
      [ok   192x128 cl(1,2) pp=1 dyn=0] cos=0.999997  fwd=0.0968 ms  <= best
      [ok   192x128 cl(2,1) pp=1 dyn=0] cos=0.999996  fwd=0.0987 ms
  [tune] M1 best = 192x128 cl(1,2) pp=1 dyn=0  (22 correct)
  cute           fwd=0.0968 ms
    --- M2 (cute-fused) sweep ---
      [ok   128x128 cl(1,1) pp=1] cos=0.999997  fwd=0.1483 ms  <= best
      [ok   128x160 cl(1,1) pp=1] cos=0.999960  fwd=0.1541 ms
      [ok   128x192 cl(1,1) pp=1] cos=0.999984  fwd=0.1191 ms  <= best
      [ok   128x208 cl(1,1) pp=1] cos=0.999976  fwd=0.1306 ms
      [ok   64x128 cl(1,1) pp=1] cos=0.999997  fwd=0.1807 ms
      [ok   64x192 cl(1,1) pp=1] cos=0.999991  fwd=0.1528 ms
      [ok   64x256 cl(1,1) pp=1] cos=0.999997  fwd=0.1163 ms  <= best
  [tune] M2 best = 64x256 cl(1,1) pp=1  (7 correct)
  cute-fused     fwd=0.1163 ms

=== M=262144  d_in=512  d_out=512  dtype=torch.bfloat16 ===
  torch.compile  fwd=0.4155 ms
  TE             fwd=0.4519 ms
    --- M1 (cute) sweep ---
      [ok   256x128 cl(1,2) pp=0 dyn=0] cos=0.999051  fwd=0.3758 ms  <= best
      [ok   256x128 cl(2,1) pp=0 dyn=0] cos=0.999024  fwd=0.3749 ms  <= best
      [ok   256x160 cl(1,2) pp=0 dyn=0] cos=0.999997  fwd=0.4260 ms
      [ok   256x160 cl(2,1) pp=0 dyn=0] cos=0.999835  fwd=0.4263 ms
      [ok   256x192 cl(1,2) pp=0 dyn=0] cos=0.999951  fwd=0.4860 ms
      [ok   256x192 cl(2,1) pp=0 dyn=0] cos=0.999997  fwd=0.4137 ms
      [ok   256x208 cl(1,2) pp=0 dyn=0] cos=0.999778  fwd=0.5172 ms
      [ok   256x208 cl(2,1) pp=0 dyn=0] cos=0.999997  fwd=0.4388 ms
      [ok   128x224 cl(1,2) pp=0 dyn=0] cos=0.999740  fwd=0.6940 ms
      [ok   128x224 cl(2,1) pp=0 dyn=0] cos=0.999813  fwd=0.4358 ms
      [ok   128x256 cl(1,2) pp=0 dyn=0] cos=0.999904  fwd=0.3668 ms  <= best
      [ok   128x256 cl(2,1) pp=0 dyn=0] cos=0.999880  fwd=0.3698 ms
      [ok   128x128 cl(1,2) pp=1 dyn=0] cos=0.999997  fwd=0.3724 ms
      [ok   128x128 cl(2,1) pp=1 dyn=0] cos=0.999997  fwd=0.3916 ms
      [ok   128x160 cl(1,2) pp=1 dyn=0] cos=0.999997  fwd=0.4568 ms
      [ok   128x160 cl(2,1) pp=1 dyn=0] cos=0.999997  fwd=0.4302 ms
      [ok   128x192 cl(1,2) pp=1 dyn=0] cos=0.999997  fwd=0.5299 ms
      [ok   128x192 cl(2,1) pp=1 dyn=0] cos=0.999997  fwd=0.3616 ms  <= best
      [ok   128x208 cl(1,2) pp=1 dyn=0] cos=0.999997  fwd=0.6246 ms
      [ok   128x208 cl(2,1) pp=1 dyn=0] cos=0.999997  fwd=0.3994 ms
      [ok   192x128 cl(1,2) pp=1 dyn=0] cos=0.999996  fwd=0.3444 ms  <= best
      [ok   192x128 cl(2,1) pp=1 dyn=0] cos=0.999996  fwd=0.3619 ms
  [tune] M1 best = 192x128 cl(1,2) pp=1 dyn=0  (22 correct)
  cute           fwd=0.3444 ms
    --- M2 (cute-fused) sweep ---
      [ok   128x128 cl(1,1) pp=1] cos=0.999997  fwd=0.5804 ms  <= best
      [ok   128x160 cl(1,1) pp=1] cos=0.999960  fwd=0.5760 ms  <= best
      [ok   128x192 cl(1,1) pp=1] cos=0.999986  fwd=0.4432 ms  <= best
      [ok   128x208 cl(1,1) pp=1] cos=0.999976  fwd=0.4858 ms
      [ok   64x128 cl(1,1) pp=1] cos=0.999997  fwd=0.6817 ms
      [ok   64x192 cl(1,1) pp=1] cos=0.999993  fwd=0.5708 ms
      [ok   64x256 cl(1,1) pp=1] cos=0.999997  fwd=0.4377 ms  <= best
  [tune] M2 best = 64x256 cl(1,1) pp=1  (7 correct)
  cute-fused     fwd=0.4377 ms

=== M=16384  d_in=768  d_out=768  dtype=torch.bfloat16 ===
  torch.compile  fwd=0.0577 ms
  TE             fwd=0.0583 ms
    --- M1 (cute) sweep ---
      [ok   256x128 cl(1,2) pp=0 dyn=0] cos=0.999568  fwd=0.0515 ms  <= best
      [bad  256x128 cl(2,1) pp=0 dyn=0] cos=0.998913
      [ok   256x160 cl(1,2) pp=0 dyn=0] cos=0.999997  fwd=0.0585 ms
      [ok   256x160 cl(2,1) pp=0 dyn=0] cos=0.999594  fwd=0.0594 ms
      [ok   256x192 cl(1,2) pp=0 dyn=0] cos=0.999997  fwd=0.0503 ms  <= best
      [bad  256x192 cl(2,1) pp=0 dyn=0] cos=0.998522
      [ok   256x208 cl(1,2) pp=0 dyn=0] cos=0.999599  fwd=0.0546 ms
      [ok   256x208 cl(2,1) pp=0 dyn=0] cos=0.999997  fwd=0.0551 ms
      [ok   128x224 cl(1,2) pp=0 dyn=0] cos=0.999914  fwd=0.0561 ms
      [ok   128x224 cl(2,1) pp=0 dyn=0] cos=0.999948  fwd=0.0586 ms
      [ok   128x256 cl(1,2) pp=0 dyn=0] cos=0.999930  fwd=0.0636 ms
      [ok   128x256 cl(2,1) pp=0 dyn=0] cos=0.999992  fwd=0.0506 ms
      [ok   128x128 cl(1,2) pp=1 dyn=0] cos=0.999997  fwd=0.0485 ms  <= best
      [ok   128x128 cl(2,1) pp=1 dyn=0] cos=0.999997  fwd=0.0521 ms
      [ok   128x160 cl(1,2) pp=1 dyn=0] cos=0.999997  fwd=0.0606 ms
      [ok   128x160 cl(2,1) pp=1 dyn=0] cos=0.999997  fwd=0.0510 ms
      [ok   128x192 cl(1,2) pp=1 dyn=0] cos=0.999997  fwd=0.0470 ms  <= best
      [ok   128x192 cl(2,1) pp=1 dyn=0] cos=0.999997  fwd=0.0475 ms
      [ok   128x208 cl(1,2) pp=1 dyn=0] cos=0.999997  fwd=0.0515 ms
      [ok   128x208 cl(2,1) pp=1 dyn=0] cos=0.999997  fwd=0.0524 ms
      [ok   192x128 cl(1,2) pp=1 dyn=0] cos=0.999997  fwd=0.0478 ms
      [ok   192x128 cl(2,1) pp=1 dyn=0] cos=0.999995  fwd=0.0499 ms
  [tune] M1 best = 128x192 cl(1,2) pp=1 dyn=0  (20 correct)
  cute           fwd=0.0470 ms
    --- M2 (cute-fused) sweep ---
      [ok   128x128 cl(1,1) pp=1] cos=0.999997  fwd=0.0845 ms  <= best
      [ok   128x160 cl(1,1) pp=1] cos=0.999997  fwd=0.0749 ms  <= best
      [ok   128x192 cl(1,1) pp=1] cos=0.999993  fwd=0.0615 ms  <= best
      [ok   128x208 cl(1,1) pp=1] cos=0.999988  fwd=0.0664 ms
      [ok   64x128 cl(1,1) pp=1] cos=0.999997  fwd=0.1033 ms
      [ok   64x192 cl(1,1) pp=1] cos=0.999994  fwd=0.0778 ms
      [ok   64x256 cl(1,1) pp=1] cos=0.999997  fwd=0.0664 ms
  [tune] M2 best = 128x192 cl(1,1) pp=1  (7 correct)
  cute-fused     fwd=0.0615 ms

=== M=65536  d_in=768  d_out=768  dtype=torch.bfloat16 ===
  torch.compile  fwd=0.1987 ms
  TE             fwd=0.2007 ms
    --- M1 (cute) sweep ---
      [ok   256x128 cl(1,2) pp=0 dyn=0] cos=0.999402  fwd=0.1796 ms  <= best
      [ok   256x128 cl(2,1) pp=0 dyn=0] cos=0.999402  fwd=0.1853 ms
      [ok   256x160 cl(1,2) pp=0 dyn=0] cos=0.999997  fwd=0.2067 ms
      [ok   256x160 cl(2,1) pp=0 dyn=0] cos=0.999934  fwd=0.1860 ms
      [ok   256x192 cl(1,2) pp=0 dyn=0] cos=0.999997  fwd=0.1728 ms  <= best
      [ok   256x192 cl(2,1) pp=0 dyn=0] cos=0.999997  fwd=0.1747 ms
      [ok   256x208 cl(1,2) pp=0 dyn=0] cos=0.999896  fwd=0.1899 ms
      [ok   256x208 cl(2,1) pp=0 dyn=0] cos=0.999997  fwd=0.1919 ms
      [ok   128x224 cl(1,2) pp=0 dyn=0] cos=0.999852  fwd=0.2092 ms
      [ok   128x224 cl(2,1) pp=0 dyn=0] cos=0.999883  fwd=0.1996 ms
      [ok   128x256 cl(1,2) pp=0 dyn=0] cos=0.999879  fwd=0.2359 ms
      [ok   128x256 cl(2,1) pp=0 dyn=0] cos=0.999970  fwd=0.1770 ms
      [ok   128x128 cl(1,2) pp=1 dyn=0] cos=0.999997  fwd=0.1671 ms  <= best
      [ok   128x128 cl(2,1) pp=1 dyn=0] cos=0.999997  fwd=0.1771 ms
      [ok   128x160 cl(1,2) pp=1 dyn=0] cos=0.999997  fwd=0.2232 ms
      [ok   128x160 cl(2,1) pp=1 dyn=0] cos=0.999997  fwd=0.1707 ms
      [ok   128x192 cl(1,2) pp=1 dyn=0] cos=0.999997  fwd=0.1603 ms  <= best
      [ok   128x192 cl(2,1) pp=1 dyn=0] cos=0.999997  fwd=0.1607 ms
      [ok   128x208 cl(1,2) pp=1 dyn=0] cos=0.999997  fwd=0.1750 ms
      [ok   128x208 cl(2,1) pp=1 dyn=0] cos=0.999997  fwd=0.1757 ms
      [ok   192x128 cl(1,2) pp=1 dyn=0] cos=0.999996  fwd=0.1631 ms
      [ok   192x128 cl(2,1) pp=1 dyn=0] cos=0.999995  fwd=0.1666 ms
  [tune] M1 best = 128x192 cl(1,2) pp=1 dyn=0  (22 correct)
  cute           fwd=0.1603 ms
    --- M2 (cute-fused) sweep ---
      [ok   128x128 cl(1,1) pp=1] cos=0.999997  fwd=0.3121 ms  <= best
      [ok   128x160 cl(1,1) pp=1] cos=0.999979  fwd=0.2712 ms  <= best
      [ok   128x192 cl(1,1) pp=1] cos=0.999991  fwd=0.2180 ms  <= best
      [ok   128x208 cl(1,1) pp=1] cos=0.999981  fwd=0.2342 ms
      [ok   64x128 cl(1,1) pp=1] cos=0.999997  fwd=0.3765 ms
      [ok   64x192 cl(1,1) pp=1] cos=0.999993  fwd=0.2833 ms
      [ok   64x256 cl(1,1) pp=1] cos=0.999997  fwd=0.2375 ms
  [tune] M2 best = 128x192 cl(1,1) pp=1  (7 correct)
  cute-fused     fwd=0.2180 ms

=== M=262144  d_in=768  d_out=768  dtype=torch.bfloat16 ===
  torch.compile  fwd=0.7695 ms
  TE             fwd=0.7700 ms
    --- M1 (cute) sweep ---
      [ok   256x128 cl(1,2) pp=0 dyn=0] cos=0.999361  fwd=0.6919 ms  <= best
      [ok   256x128 cl(2,1) pp=0 dyn=0] cos=0.999361  fwd=0.7062 ms
      [ok   256x160 cl(1,2) pp=0 dyn=0] cos=0.999997  fwd=0.8243 ms
      [ok   256x160 cl(2,1) pp=0 dyn=0] cos=0.999831  fwd=0.7421 ms
      [ok   256x192 cl(1,2) pp=0 dyn=0] cos=0.999997  fwd=0.7103 ms
      [ok   256x192 cl(2,1) pp=0 dyn=0] cos=0.999966  fwd=0.6910 ms  <= best
      [ok   256x208 cl(1,2) pp=0 dyn=0] cos=0.999634  fwd=0.7345 ms
      [ok   256x208 cl(2,1) pp=0 dyn=0] cos=0.999973  fwd=0.7497 ms
      [ok   128x224 cl(1,2) pp=0 dyn=0] cos=0.999854  fwd=0.7977 ms
      [ok   128x224 cl(2,1) pp=0 dyn=0] cos=0.999817  fwd=0.8075 ms
      [ok   128x256 cl(1,2) pp=0 dyn=0] cos=0.999894  fwd=0.8998 ms
      [ok   128x256 cl(2,1) pp=0 dyn=0] cos=0.999977  fwd=0.7194 ms
      [ok   128x128 cl(1,2) pp=1 dyn=0] cos=0.999997  fwd=0.7073 ms
      [ok   128x128 cl(2,1) pp=1 dyn=0] cos=0.999997  fwd=0.7033 ms
      [ok   128x160 cl(1,2) pp=1 dyn=0] cos=0.999997  fwd=0.8876 ms
      [ok   128x160 cl(2,1) pp=1 dyn=0] cos=0.999997  fwd=0.6640 ms  <= best
      [ok   128x192 cl(1,2) pp=1 dyn=0] cos=0.999997  fwd=0.6302 ms  <= best
      [ok   128x192 cl(2,1) pp=1 dyn=0] cos=0.999997  fwd=0.6477 ms
      [ok   128x208 cl(1,2) pp=1 dyn=0] cos=0.999997  fwd=0.7374 ms
      [ok   128x208 cl(2,1) pp=1 dyn=0] cos=0.999997  fwd=0.6962 ms
      [ok   192x128 cl(1,2) pp=1 dyn=0] cos=0.999996  fwd=0.6625 ms
      [ok   192x128 cl(2,1) pp=1 dyn=0] cos=0.999995  fwd=0.6723 ms
  [tune] M1 best = 128x192 cl(1,2) pp=1 dyn=0  (22 correct)
  cute           fwd=0.6302 ms
    --- M2 (cute-fused) sweep ---
      [ok   128x128 cl(1,1) pp=1] cos=0.999997  fwd=1.2192 ms  <= best
      [ok   128x160 cl(1,1) pp=1] cos=0.999975  fwd=1.0393 ms  <= best
      [ok   128x192 cl(1,1) pp=1] cos=0.999989  fwd=0.8828 ms  <= best
      [ok   128x208 cl(1,1) pp=1] cos=0.999974  fwd=0.9628 ms
      [ok   64x128 cl(1,1) pp=1] cos=0.999997  fwd=1.4655 ms
      [ok   64x192 cl(1,1) pp=1] cos=0.999992  fwd=1.0847 ms
      [ok   64x256 cl(1,1) pp=1] cos=0.999997  fwd=0.9848 ms
  [tune] M2 best = 128x192 cl(1,1) pp=1  (7 correct)
  cute-fused     fwd=0.8828 ms

wrote /home/psk6950/miniworld-kernels/src/miniworld_kernels/kernels/layernorm_linear/benchmark/tuned_configs.json
