host=NVIDIA H100 80GB HBM3 torch=2.10.0+cu128 dtype=torch.bfloat16
implementations=pytorch,triton  inference: pytorch=torch.compile / triton=CUDA-graph ; train: both torch.compile  use_self_attention=False

=== M=65536  d_in=128  d_out=128 ===
# L=256 D=128
pytorch fwd=0.157 ms fwd+bwd=0.609 ms
triton fwd=0.216 ms fwd+bwd=0.603 ms

=== M=147456  d_in=128  d_out=128 ===
# L=384 D=128
pytorch fwd=0.309 ms fwd+bwd=0.925 ms
triton fwd=0.337 ms fwd+bwd=2.014 ms

=== M=262144  d_in=128  d_out=128 ===
# L=512 D=128
pytorch fwd=0.872 ms fwd+bwd=2.284 ms
triton fwd=0.572 ms fwd+bwd=2.210 ms

=== M=589824  d_in=128  d_out=128 ===
# L=768 D=128
pytorch fwd=1.940 ms fwd+bwd=5.033 ms
triton fwd=1.294 ms fwd+bwd=4.833 ms

=== M=1048576  d_in=128  d_out=128 ===
# L=1024 D=128
pytorch fwd=3.492 ms fwd+bwd=9.041 ms
triton fwd=2.372 ms fwd+bwd=8.782 ms

=== M=65536  d_in=256  d_out=256 ===
# L=256 D=256
pytorch fwd=0.729 ms fwd+bwd=1.605 ms
triton fwd=0.380 ms fwd+bwd=1.608 ms

=== M=147456  d_in=256  d_out=256 ===
# L=384 D=256
pytorch fwd=0.984 ms fwd+bwd=2.552 ms
triton fwd=0.726 ms fwd+bwd=2.559 ms

=== M=262144  d_in=256  d_out=256 ===
# L=512 D=256
pytorch fwd=1.683 ms fwd+bwd=4.423 ms
triton fwd=1.265 ms fwd+bwd=4.406 ms

=== M=589824  d_in=256  d_out=256 ===
# L=768 D=256
pytorch fwd=3.809 ms fwd+bwd=9.816 ms
triton fwd=2.856 ms fwd+bwd=9.874 ms

=== M=65536  d_in=512  d_out=512 ===
# L=256 D=512
pytorch fwd=0.964 ms fwd+bwd=2.646 ms
triton fwd=0.701 ms fwd+bwd=2.651 ms

=== M=147456  d_in=512  d_out=512 ===
# L=384 D=512
pytorch fwd=2.094 ms fwd+bwd=5.254 ms
triton fwd=1.267 ms fwd+bwd=4.923 ms

=== M=262144  d_in=512  d_out=512 ===
# L=512 D=512
pytorch fwd=3.681 ms fwd+bwd=9.219 ms
triton fwd=2.226 ms fwd+bwd=8.578 ms
