# bias_only micro-bench  B=1 H=4 D=32
# device=NVIDIA H100 80GB HBM3  torch=2.10.0+cu128
# columns: dtype L impl cosine fwd_ms fwdbwd_ms
bf16 128 torch_einsum 1.00000 0.0221 0.1354
bf16 128 torch_bmm 1.00000 0.0356 0.0893
bf16 128 triton_flash 0.99999 0.0144 0.2567

bf16 256 torch_einsum 1.00000 0.0505 0.1469
bf16 256 torch_bmm 1.00000 0.2011 0.3916
bf16 256 triton_flash 0.99999 0.0612 0.4076

bf16 384 torch_einsum 1.00000 0.0998 0.3023
bf16 384 torch_bmm 1.00000 0.6249 1.1658
bf16 384 triton_flash 0.99999 0.1760 1.2330

bf16 512 torch_einsum 1.00000 0.1681 0.5037
bf16 512 torch_bmm 1.00000 1.4418 2.6458
bf16 512 triton_flash 0.99999 0.4019 2.8091

bf16 768 torch_einsum 1.00000 0.3940 1.1745
bf16 768 torch_bmm 1.00000 4.7921 8.6626
bf16 768 triton_flash 0.99999 1.2778 9.2683

bf16 1024 torch_einsum 1.00000 0.7732 2.2958
bf16 1024 torch_bmm 1.00000 9.5886 18.5520
bf16 1024 triton_flash 0.99999 2.9659 19.9848

fp32 128 torch_einsum 1.00000 0.0260 0.1351
fp32 128 torch_bmm 1.00000 0.0490 0.1151
fp32 128 triton_flash 1.00000 0.0220 0.2635

fp32 256 torch_einsum 1.00000 0.0712 0.2223
fp32 256 torch_bmm 1.00000 0.2946 0.6484
fp32 256 triton_flash 1.00000 0.1126 0.6340

fp32 384 torch_einsum 1.00000 0.1787 0.5108
fp32 384 torch_bmm 1.00000 0.9066 1.9556
fp32 384 triton_flash 1.00000 0.3435 1.9692

fp32 512 torch_einsum 1.00000 0.2586 0.8962
fp32 512 torch_bmm 1.00000 2.0956 4.4780
fp32 512 triton_flash 1.00000 0.7856 4.5197

fp32 768 torch_einsum 1.00000 0.6437 2.1872
fp32 768 torch_bmm 1.00000 6.9703 14.7352
fp32 768 triton_flash 1.00000 2.5635 14.8893

fp32 1024 torch_einsum 1.00000 1.3180 4.2450
fp32 1024 torch_bmm 1.00000 16.3914 34.5266
fp32 1024 triton_flash 1.00000 5.9844 34.8306

