/home/psk6950/miniworld-kernels/.pixi/envs/default/lib/python3.12/site-packages/torch/jit/_script.py:1480: DeprecationWarning: `torch.jit.script` is deprecated. Please switch to `torch.compile` or `torch.export`.
  warnings.warn(
torch 2.10.0+cu128  device NVIDIA H100 80GB HBM3

=== M=65536  d_in=128  d_out=128  L=256  dtype=torch.bfloat16 ===
/home/psk6950/miniworld-kernels/.pixi/envs/default/lib/python3.12/site-packages/torch/jit/_script.py:362: DeprecationWarning: `torch.jit.script_method` is deprecated. Please switch to `torch.compile` or `torch.export`.
  warnings.warn(
  pytorch       fwd=0.5930 ms  fwd+bwd=1.8275 ms
/home/psk6950/miniworld-kernels/.pixi/envs/default/lib/python3.12/site-packages/quack/autotuner.py:395: ResourceWarning: unclosed file <_io.BufferedReader name=63>
  self._precompile(*args, configs=pruned_configs, **kwargs)
ResourceWarning: Enable tracemalloc to get the object allocation traceback
/home/psk6950/miniworld-kernels/.pixi/envs/default/lib/python3.12/site-packages/quack/autotuner.py:395: ResourceWarning: unclosed file <_io.BufferedReader name=61>
  self._precompile(*args, configs=pruned_configs, **kwargs)
ResourceWarning: Enable tracemalloc to get the object allocation traceback
/home/psk6950/miniworld-kernels/.pixi/envs/default/lib/python3.12/site-packages/quack/autotuner.py:395: ResourceWarning: unclosed file <_io.BufferedReader name=59>
  self._precompile(*args, configs=pruned_configs, **kwargs)
ResourceWarning: Enable tracemalloc to get the object allocation traceback
/home/psk6950/miniworld-kernels/.pixi/envs/default/lib/python3.12/site-packages/quack/autotuner.py:395: ResourceWarning: unclosed file <_io.BufferedReader name=57>
  self._precompile(*args, configs=pruned_configs, **kwargs)
ResourceWarning: Enable tracemalloc to get the object allocation traceback
/home/psk6950/miniworld-kernels/.pixi/envs/default/lib/python3.12/site-packages/quack/autotuner.py:395: ResourceWarning: unclosed file <_io.BufferedReader name=55>
  self._precompile(*args, configs=pruned_configs, **kwargs)
ResourceWarning: Enable tracemalloc to get the object allocation traceback
/home/psk6950/miniworld-kernels/.pixi/envs/default/lib/python3.12/site-packages/quack/autotuner.py:395: ResourceWarning: unclosed file <_io.BufferedReader name=53>
  self._precompile(*args, configs=pruned_configs, **kwargs)
ResourceWarning: Enable tracemalloc to get the object allocation traceback
/home/psk6950/miniworld-kernels/.pixi/envs/default/lib/python3.12/site-packages/quack/autotuner.py:395: ResourceWarning: unclosed file <_io.BufferedReader name=51>
  self._precompile(*args, configs=pruned_configs, **kwargs)
ResourceWarning: Enable tracemalloc to get the object allocation traceback
/home/psk6950/miniworld-kernels/.pixi/envs/default/lib/python3.12/site-packages/quack/autotuner.py:395: ResourceWarning: unclosed file <_io.BufferedReader name=65>
  self._precompile(*args, configs=pruned_configs, **kwargs)
ResourceWarning: Enable tracemalloc to get the object allocation traceback
  ours-fwd cos=0.999984
  ours          fwd=0.7098 ms  fwd+bwd=2.0918 ms
  dtv1-fwd cos=0.999981
  dtv1          fwd=0.4315 ms  fwd+bwd=1.4163 ms
  cuequivariance fwd=1.3337 ms  fwd+bwd=3.4481 ms

=== M=147456  d_in=128  d_out=128  L=384  dtype=torch.bfloat16 ===
  pytorch       fwd=1.3380 ms  fwd+bwd=4.4511 ms
  ours-fwd cos=0.999983
  ours          fwd=0.5836 ms  fwd+bwd=1.8833 ms
  dtv1-fwd cos=0.999981
  dtv1          fwd=0.6612 ms  fwd+bwd=2.5592 ms
  cuequivariance fwd=1.3257 ms  fwd+bwd=3.4610 ms

=== M=262144  d_in=128  d_out=128  L=512  dtype=torch.bfloat16 ===
  pytorch       fwd=2.7154 ms  fwd+bwd=8.9259 ms
  ours-fwd cos=0.999984
  ours          fwd=0.9800 ms  fwd+bwd=3.1992 ms
  dtv1-fwd cos=0.999981
  dtv1          fwd=1.1294 ms  fwd+bwd=4.3263 ms
  cuequivariance fwd=1.3510 ms  fwd+bwd=4.8952 ms

=== M=589824  d_in=128  d_out=128  L=768  dtype=torch.bfloat16 ===
  pytorch       fwd=11.7145 ms  fwd+bwd=36.7218 ms
  ours-fwd cos=0.999984
  ours          fwd=2.1504 ms  fwd+bwd=6.9615 ms
  dtv1-fwd cos=0.999982
  dtv1          fwd=2.4984 ms  fwd+bwd=9.4803 ms
  cuequivariance fwd=2.2253 ms  fwd+bwd=10.5451 ms

=== M=1048576  d_in=128  d_out=128  L=1024  dtype=torch.bfloat16 ===
  pytorch       fwd=22.6909 ms  fwd+bwd=70.2565 ms
  ours-fwd cos=0.999984
  ours          fwd=3.9569 ms  fwd+bwd=12.6353 ms
  dtv1-fwd cos=0.999981
  dtv1          fwd=4.9789 ms  fwd+bwd=16.9908 ms
  cuequivariance fwd=4.0195 ms  fwd+bwd=18.8187 ms

=== M=65536  d_in=256  d_out=256  L=256  dtype=torch.bfloat16 ===
  pytorch       fwd=1.1821 ms  fwd+bwd=3.8770 ms
  ours-fwd cos=0.999984
  ours          fwd=0.7244 ms  fwd+bwd=2.1546 ms
  dtv1-fwd cos=0.999981
  dtv1          fwd=0.6775 ms  fwd+bwd=2.4307 ms
  cuequivariance fwd=1.3807 ms  fwd+bwd=4.0051 ms

=== M=147456  d_in=256  d_out=256  L=384  dtype=torch.bfloat16 ===
  pytorch       fwd=2.6626 ms  fwd+bwd=8.6745 ms
  ours-fwd cos=0.999984
  ours          fwd=1.1055 ms  fwd+bwd=3.5901 ms
  dtv1-fwd cos=0.999981
  dtv1          fwd=1.4527 ms  fwd+bwd=5.1138 ms
  cuequivariance fwd=2.7798 ms  fwd+bwd=8.7866 ms

=== M=262144  d_in=256  d_out=256  L=512  dtype=torch.bfloat16 ===
  pytorch       fwd=5.6572 ms  fwd+bwd=18.1807 ms
  ours-fwd cos=0.999984
  ours          fwd=1.9106 ms  fwd+bwd=6.2252 ms
  dtv1-fwd cos=0.999981
  dtv1          fwd=2.5520 ms  fwd+bwd=8.8304 ms
  cuequivariance fwd=4.7209 ms  fwd+bwd=15.0471 ms

=== M=589824  d_in=256  d_out=256  L=768  dtype=torch.bfloat16 ===
  pytorch       fwd=24.4177 ms  fwd+bwd=76.2412 ms
  ours-fwd cos=0.999985
  ours          fwd=4.3819 ms  fwd+bwd=14.0859 ms
  dtv1-fwd cos=0.999982
  dtv1          fwd=5.7771 ms  fwd+bwd=19.6798 ms
  cuequivariance fwd=10.8498 ms  fwd+bwd=34.0418 ms

=== M=1048576  d_in=256  d_out=256  L=1024  dtype=torch.bfloat16 ===
  pytorch       fwd=46.9785 ms  fwd+bwd=144.3336 ms
  ours-fwd cos=0.999984
  ours          fwd=7.9888 ms  fwd+bwd=25.5534 ms
  dtv1-fwd cos=0.999981
  dtv1          fwd=10.8372 ms  fwd+bwd=35.6639 ms
  cuequivariance fwd=19.5754 ms  fwd+bwd=60.6001 ms

=== M=65536  d_in=512  d_out=512  L=256  dtype=torch.bfloat16 ===
  pytorch       fwd=2.5369 ms  fwd+bwd=7.9609 ms
  ours-fwd cos=0.999984
  ours          fwd=1.1524 ms  fwd+bwd=3.6871 ms
  dtv1-fwd cos=0.999981
  dtv1          fwd=1.5591 ms  fwd+bwd=5.1715 ms
  cuequivariance fwd=4.7618 ms  fwd+bwd=12.4646 ms

=== M=147456  d_in=512  d_out=512  L=384  dtype=torch.bfloat16 ===
  pytorch       fwd=5.8264 ms  fwd+bwd=18.2985 ms
  ours-fwd cos=0.999984
  ours          fwd=2.4942 ms  fwd+bwd=8.0356 ms
  dtv1-fwd cos=0.999981
  dtv1          fwd=3.7056 ms  fwd+bwd=11.5553 ms
  cuequivariance fwd=10.6402 ms  fwd+bwd=27.4040 ms

=== M=262144  d_in=512  d_out=512  L=512  dtype=torch.bfloat16 ===
  pytorch       fwd=12.1601 ms  fwd+bwd=38.6305 ms
  ours-fwd cos=0.999984
  ours          fwd=4.4842 ms  fwd+bwd=14.2804 ms
  dtv1-fwd cos=0.999981
  dtv1          fwd=6.5869 ms  fwd+bwd=19.8254 ms
  cuequivariance fwd=18.8865 ms  fwd+bwd=48.3695 ms
