##### d_pair=128 #####
/home/psk6950/miniworld-kernels/.pixi/envs/default/lib/python3.12/site-packages/torch/jit/_script.py:1480: DeprecationWarning: `torch.jit.script` is deprecated. Please switch to `torch.compile` or `torch.export`.
  warnings.warn(
bidir trimul INFERENCE (fwd) d_pair=128 (back K=256) on NVIDIA H100 80GB HBM3
regime: pytorch=torch.compile; dtv1/cuequiv/ours=CUDA-graph; forward, no_grad
/home/psk6950/miniworld-kernels/.pixi/envs/default/lib/python3.12/site-packages/torch/jit/_script.py:362: DeprecationWarning: `torch.jit.script_method` is deprecated. Please switch to `torch.compile` or `torch.export`.
  warnings.warn(
/home/psk6950/miniworld-kernels/.pixi/envs/default/lib/python3.12/site-packages/quack/autotuner.py:395: ResourceWarning: unclosed file <_io.BufferedReader name=58>
  self._precompile(*args, configs=pruned_configs, **kwargs)
ResourceWarning: Enable tracemalloc to get the object allocation traceback
/home/psk6950/miniworld-kernels/.pixi/envs/default/lib/python3.12/site-packages/quack/autotuner.py:395: ResourceWarning: unclosed file <_io.BufferedReader name=56>
  self._precompile(*args, configs=pruned_configs, **kwargs)
ResourceWarning: Enable tracemalloc to get the object allocation traceback
/home/psk6950/miniworld-kernels/.pixi/envs/default/lib/python3.12/site-packages/quack/autotuner.py:395: ResourceWarning: unclosed file <_io.BufferedReader name=54>
  self._precompile(*args, configs=pruned_configs, **kwargs)
ResourceWarning: Enable tracemalloc to get the object allocation traceback
/home/psk6950/miniworld-kernels/.pixi/envs/default/lib/python3.12/site-packages/quack/autotuner.py:395: ResourceWarning: unclosed file <_io.BufferedReader name=52>
  self._precompile(*args, configs=pruned_configs, **kwargs)
ResourceWarning: Enable tracemalloc to get the object allocation traceback
/home/psk6950/miniworld-kernels/.pixi/envs/default/lib/python3.12/site-packages/quack/autotuner.py:395: ResourceWarning: unclosed file <_io.BufferedReader name=50>
  self._precompile(*args, configs=pruned_configs, **kwargs)
ResourceWarning: Enable tracemalloc to get the object allocation traceback
/home/psk6950/miniworld-kernels/.pixi/envs/default/lib/python3.12/site-packages/quack/autotuner.py:395: ResourceWarning: unclosed file <_io.BufferedReader name=48>
  self._precompile(*args, configs=pruned_configs, **kwargs)
ResourceWarning: Enable tracemalloc to get the object allocation traceback
/home/psk6950/miniworld-kernels/.pixi/envs/default/lib/python3.12/site-packages/quack/autotuner.py:395: ResourceWarning: unclosed file <_io.BufferedReader name=46>
  self._precompile(*args, configs=pruned_configs, **kwargs)
ResourceWarning: Enable tracemalloc to get the object allocation traceback
/home/psk6950/miniworld-kernels/.pixi/envs/default/lib/python3.12/site-packages/quack/autotuner.py:395: ResourceWarning: unclosed file <_io.BufferedReader name=60>
  self._precompile(*args, configs=pruned_configs, **kwargs)
ResourceWarning: Enable tracemalloc to get the object allocation traceback
  [L=256] cos vs fp32 ref: ours=0.99998  dtv1_bidir=0.99998
[L=256] pytorch=3.434 dtv1_bidir=0.301 cuequiv_x2=0.282 ours=0.202
  [L=384] cos vs fp32 ref: ours=0.99998  dtv1_bidir=0.99998
[L=384] pytorch=2.878 dtv1_bidir=0.646 cuequiv_x2=0.563 ours=0.404
  [L=512] cos vs fp32 ref: ours=0.99998  dtv1_bidir=0.99998
[L=512] pytorch=5.491 dtv1_bidir=1.114 cuequiv_x2=1.001 ours=0.680
  [L=768] cos vs fp32 ref: ours=0.99998  dtv1_bidir=0.99998
[L=768] pytorch=14.836 dtv1_bidir=2.473 cuequiv_x2=2.211 ours=1.511
  [L=1024] cos vs fp32 ref: ours=0.99998  dtv1_bidir=0.99998
[L=1024] pytorch=26.483 dtv1_bidir=4.480 cuequiv_x2=4.018 ours=2.807

=== bidir trimul INFERENCE (fwd) d_pair=128, ms/layer ===
    L |      pytorch |   dtv1_bidir |   cuequiv_x2 |         ours | vs dtv1 | vs cueq
------------------------------------------------------------------------------------
  256 |        3.434 |        0.301 |        0.282 |        0.202 | 1.49x | 1.40x
  384 |        2.878 |        0.646 |        0.563 |        0.404 | 1.60x | 1.39x
  512 |        5.491 |        1.114 |        1.001 |        0.680 | 1.64x | 1.47x
  768 |       14.836 |        2.473 |        2.211 |        1.511 | 1.64x | 1.46x
 1024 |       26.483 |        4.480 |        4.018 |        2.807 | 1.60x | 1.43x
DATA d128 pytorch 256:3.4336,384:2.8778,512:5.4909,768:14.8364,1024:26.4834
DATA d128 dtv1_bidir 256:0.3011,384:0.6464,512:1.1145,768:2.4727,1024:4.4800
DATA d128 cuequiv_x2 256:0.2817,384:0.5631,512:1.0010,768:2.2113,1024:4.0184
DATA d128 ours 256:0.2016,384:0.4042,512:0.6802,768:1.5114,1024:2.8067
##### d_pair=256 #####
/home/psk6950/miniworld-kernels/.pixi/envs/default/lib/python3.12/site-packages/torch/jit/_script.py:1480: DeprecationWarning: `torch.jit.script` is deprecated. Please switch to `torch.compile` or `torch.export`.
  warnings.warn(
bidir trimul INFERENCE (fwd) d_pair=256 (back K=512) on NVIDIA H100 80GB HBM3
regime: pytorch=torch.compile; dtv1/cuequiv/ours=CUDA-graph; forward, no_grad
/home/psk6950/miniworld-kernels/.pixi/envs/default/lib/python3.12/site-packages/torch/jit/_script.py:362: DeprecationWarning: `torch.jit.script_method` is deprecated. Please switch to `torch.compile` or `torch.export`.
  warnings.warn(
  [L=256] cos vs fp32 ref: ours=0.99998  dtv1_bidir=0.99998
[L=256] pytorch=2.744 dtv1_bidir=0.661 cuequiv_x2=1.100 ours=0.409
  [L=384] cos vs fp32 ref: ours=0.99998  dtv1_bidir=0.99998
[L=384] pytorch=4.113 dtv1_bidir=1.433 cuequiv_x2=2.625 ours=0.853
  [L=512] cos vs fp32 ref: ours=0.99998  dtv1_bidir=0.99998
[L=512] pytorch=7.253 dtv1_bidir=2.498 cuequiv_x2=4.635 ours=1.496
  [L=768] cos vs fp32 ref: ours=0.99998  dtv1_bidir=0.99998
[L=768] pytorch=27.853 dtv1_bidir=5.607 cuequiv_x2=10.447 ours=3.439
  [L=1024] cos vs fp32 ref: ours=0.99998  dtv1_bidir=0.99998
[L=1024] pytorch=49.338 dtv1_bidir=10.405 cuequiv_x2=18.864 ours=6.408

=== bidir trimul INFERENCE (fwd) d_pair=256, ms/layer ===
    L |      pytorch |   dtv1_bidir |   cuequiv_x2 |         ours | vs dtv1 | vs cueq
------------------------------------------------------------------------------------
  256 |        2.744 |        0.661 |        1.100 |        0.409 | 1.62x | 2.69x
  384 |        4.113 |        1.433 |        2.625 |        0.853 | 1.68x | 3.08x
  512 |        7.253 |        2.498 |        4.635 |        1.496 | 1.67x | 3.10x
  768 |       27.853 |        5.607 |       10.447 |        3.439 | 1.63x | 3.04x
 1024 |       49.338 |       10.405 |       18.864 |        6.408 | 1.62x | 2.94x
DATA d256 pytorch 256:2.7437,384:4.1126,512:7.2526,768:27.8533,1024:49.3380
DATA d256 dtv1_bidir 256:0.6612,384:1.4334,512:2.4981,768:5.6069,1024:10.4046
DATA d256 cuequiv_x2 256:1.0995,384:2.6246,512:4.6351,768:10.4469,1024:18.8636
DATA d256 ours 256:0.4094,384:0.8534,512:1.4963,768:3.4387,1024:6.4084
##### d_pair=512 #####
/home/psk6950/miniworld-kernels/.pixi/envs/default/lib/python3.12/site-packages/torch/jit/_script.py:1480: DeprecationWarning: `torch.jit.script` is deprecated. Please switch to `torch.compile` or `torch.export`.
  warnings.warn(
bidir trimul INFERENCE (fwd) d_pair=512 (back K=1024) on NVIDIA H100 80GB HBM3
regime: pytorch=torch.compile; dtv1/cuequiv/ours=CUDA-graph; forward, no_grad
/home/psk6950/miniworld-kernels/.pixi/envs/default/lib/python3.12/site-packages/torch/jit/_script.py:362: DeprecationWarning: `torch.jit.script_method` is deprecated. Please switch to `torch.compile` or `torch.export`.
  warnings.warn(
  [L=256] cos vs fp32 ref: ours=0.99998  dtv1_bidir=0.99998
[L=256] pytorch=4.342 dtv1_bidir=1.551 cuequiv_x2=4.755 ours=0.989
  [L=384] cos vs fp32 ref: ours=0.99998  dtv1_bidir=0.99998
[L=384] pytorch=7.547 dtv1_bidir=3.446 cuequiv_x2=10.626 ours=2.192
  [L=512] cos vs fp32 ref: ours=0.99998  dtv1_bidir=0.99998
[L=512] pytorch=13.784 dtv1_bidir=6.144 cuequiv_x2=18.864 ours=4.044
  [L=768] cos vs fp32 ref: ours=0.99998  dtv1_bidir=0.99998
[L=768] pytorch=55.866 dtv1_bidir=14.061 cuequiv_x2=42.603 ours=9.296
  [L=1024] cos vs fp32 ref: ours=0.99998  dtv1_bidir=0.99998
   compiled fail: OutOfMemoryError: CUDA out of memory. Tried to allocate 2.00 GiB. GPU 0 has a total capacity of 79
[L=1024] pytorch=nan dtv1_bidir=25.558 cuequiv_x2=76.615 ours=16.764

=== bidir trimul INFERENCE (fwd) d_pair=512, ms/layer ===
    L |      pytorch |   dtv1_bidir |   cuequiv_x2 |         ours | vs dtv1 | vs cueq
------------------------------------------------------------------------------------
  256 |        4.342 |        1.551 |        4.755 |        0.989 | 1.57x | 4.81x
  384 |        7.547 |        3.446 |       10.626 |        2.192 | 1.57x | 4.85x
  512 |       13.784 |        6.144 |       18.864 |        4.044 | 1.52x | 4.67x
  768 |       55.866 |       14.061 |       42.603 |        9.296 | 1.51x | 4.58x
 1024 |          nan |       25.558 |       76.615 |       16.764 | 1.52x | 4.57x
DATA d512 pytorch 256:4.3417,384:7.5466,512:13.7837,768:55.8660,1024:nan
DATA d512 dtv1_bidir 256:1.5508,384:3.4459,512:6.1440,768:14.0610,1024:25.5577
DATA d512 cuequiv_x2 256:4.7552,384:10.6259,512:18.8636,768:42.6030,1024:76.6154
DATA d512 ours 256:0.9893,384:2.1924,512:4.0436,768:9.2962,1024:16.7641
