##### d_pair=128 #####
/home/psk6950/miniworld-kernels/.pixi/envs/default/lib/python3.12/site-packages/torch/jit/_script.py:1480: DeprecationWarning: `torch.jit.script` is deprecated. Please switch to `torch.compile` or `torch.export`.
  warnings.warn(
bidir trimul fwd+bwd d_pair=128 (back K=256) on NVIDIA H100 80GB HBM3
regime: both methods torch.compile (default) fwd+bwd, params require grad, event-timed
/home/psk6950/miniworld-kernels/.pixi/envs/default/lib/python3.12/site-packages/quack/autotuner.py:395: ResourceWarning: unclosed file <_io.BufferedReader name=58>
  self._precompile(*args, configs=pruned_configs, **kwargs)
ResourceWarning: Enable tracemalloc to get the object allocation traceback
/home/psk6950/miniworld-kernels/.pixi/envs/default/lib/python3.12/site-packages/quack/autotuner.py:395: ResourceWarning: unclosed file <_io.BufferedReader name=56>
  self._precompile(*args, configs=pruned_configs, **kwargs)
ResourceWarning: Enable tracemalloc to get the object allocation traceback
/home/psk6950/miniworld-kernels/.pixi/envs/default/lib/python3.12/site-packages/quack/autotuner.py:395: ResourceWarning: unclosed file <_io.BufferedReader name=54>
  self._precompile(*args, configs=pruned_configs, **kwargs)
ResourceWarning: Enable tracemalloc to get the object allocation traceback
/home/psk6950/miniworld-kernels/.pixi/envs/default/lib/python3.12/site-packages/quack/autotuner.py:395: ResourceWarning: unclosed file <_io.BufferedReader name=52>
  self._precompile(*args, configs=pruned_configs, **kwargs)
ResourceWarning: Enable tracemalloc to get the object allocation traceback
/home/psk6950/miniworld-kernels/.pixi/envs/default/lib/python3.12/site-packages/quack/autotuner.py:395: ResourceWarning: unclosed file <_io.BufferedReader name=50>
  self._precompile(*args, configs=pruned_configs, **kwargs)
ResourceWarning: Enable tracemalloc to get the object allocation traceback
/home/psk6950/miniworld-kernels/.pixi/envs/default/lib/python3.12/site-packages/quack/autotuner.py:395: ResourceWarning: unclosed file <_io.BufferedReader name=48>
  self._precompile(*args, configs=pruned_configs, **kwargs)
ResourceWarning: Enable tracemalloc to get the object allocation traceback
/home/psk6950/miniworld-kernels/.pixi/envs/default/lib/python3.12/site-packages/quack/autotuner.py:395: ResourceWarning: unclosed file <_io.BufferedReader name=46>
  self._precompile(*args, configs=pruned_configs, **kwargs)
ResourceWarning: Enable tracemalloc to get the object allocation traceback
/home/psk6950/miniworld-kernels/.pixi/envs/default/lib/python3.12/site-packages/quack/autotuner.py:395: ResourceWarning: unclosed file <_io.BufferedReader name=60>
  self._precompile(*args, configs=pruned_configs, **kwargs)
ResourceWarning: Enable tracemalloc to get the object allocation traceback
  correctness L=256: fwd cos=0.99998  grad_x cos=0.99997 -> PASS
  correctness L=384: fwd cos=0.99998  grad_x cos=0.99997 -> PASS
  correctness L=512: fwd cos=0.99998  grad_x cos=0.99997 -> PASS
  correctness L=768: fwd cos=0.99998  grad_x cos=0.99997 -> PASS
  correctness L=1024: fwd cos=0.99998  grad_x cos=0.99997 -> PASS
  -> correctness ALL L: PASS
  dtv1_bidir L=512 correctness: fwd cos=0.99998 grad_x cos=0.99997
/home/psk6950/miniworld-kernels/.pixi/envs/default/lib/python3.12/site-packages/torch/jit/_script.py:362: DeprecationWarning: `torch.jit.script_method` is deprecated. Please switch to `torch.compile` or `torch.export`.
  warnings.warn(
[L=256] pytorch_bmm=1.829 dtv1_bidir=1.608 cuequiv_x2=2.802 ours_bidir=1.717
[L=384] pytorch_bmm=4.453 dtv1_bidir=2.780 cuequiv_x2=3.194 ours_bidir=2.538
[L=512] pytorch_bmm=8.911 dtv1_bidir=4.790 cuequiv_x2=5.538 ours_bidir=4.315
[L=768] pytorch_bmm=36.686 dtv1_bidir=10.562 cuequiv_x2=12.055 ours_bidir=9.451
[L=1024] pytorch_bmm=70.241 dtv1_bidir=18.944 cuequiv_x2=21.436 ours_bidir=16.947

=== bidir trimul fwd+bwd d_pair=128, ms/layer (both torch.compile, event-timed) ===
    L |    pytorch_bmm |     dtv1_bidir |     cuequiv_x2 |     ours_bidir | vs dtv1 | vs cueq
----------------------------------------------------------------------------------------------------
  256 |          1.829 |          1.608 |          2.802 |          1.717 | 0.94x | 1.63x
  384 |          4.453 |          2.780 |          3.194 |          2.538 | 1.10x | 1.26x
  512 |          8.911 |          4.790 |          5.538 |          4.315 | 1.11x | 1.28x
  768 |         36.686 |         10.562 |         12.055 |          9.451 | 1.12x | 1.28x
 1024 |         70.241 |         18.944 |         21.436 |         16.947 | 1.12x | 1.26x
DATA d128 pytorch_bmm 256:1.8291,384:4.4532,512:8.9105,768:36.6857,1024:70.2412
DATA d128 dtv1_bidir 256:1.6082,384:2.7798,512:4.7898,768:10.5622,1024:18.9445
DATA d128 cuequiv_x2 256:2.8016,384:3.1943,512:5.5376,768:12.0555,1024:21.4356
DATA d128 ours_bidir 256:1.7168,384:2.5378,512:4.3153,768:9.4507,1024:16.9473
##### d_pair=256 #####
/home/psk6950/miniworld-kernels/.pixi/envs/default/lib/python3.12/site-packages/torch/jit/_script.py:1480: DeprecationWarning: `torch.jit.script` is deprecated. Please switch to `torch.compile` or `torch.export`.
  warnings.warn(
bidir trimul fwd+bwd d_pair=256 (back K=512) on NVIDIA H100 80GB HBM3
regime: both methods torch.compile (default) fwd+bwd, params require grad, event-timed
  correctness L=256: fwd cos=0.99998  grad_x cos=0.99997 -> PASS
  correctness L=384: fwd cos=0.99998  grad_x cos=0.99997 -> PASS
  correctness L=512: fwd cos=0.99998  grad_x cos=0.99997 -> PASS
  correctness L=768: fwd cos=0.99998  grad_x cos=0.99997 -> PASS
  correctness L=1024: fwd cos=0.99998  grad_x cos=0.99997 -> PASS
  -> correctness ALL L: PASS
  dtv1_bidir L=512 correctness: fwd cos=0.99998 grad_x cos=0.99997
/home/psk6950/miniworld-kernels/.pixi/envs/default/lib/python3.12/site-packages/torch/jit/_script.py:362: DeprecationWarning: `torch.jit.script_method` is deprecated. Please switch to `torch.compile` or `torch.export`.
  warnings.warn(
[L=256] pytorch_bmm=3.477 dtv1_bidir=1.977 cuequiv_x2=3.788 ours_bidir=2.374
[L=384] pytorch_bmm=8.666 dtv1_bidir=5.639 cuequiv_x2=9.292 ours_bidir=4.536
[L=512] pytorch_bmm=18.133 dtv1_bidir=9.815 cuequiv_x2=16.551 ours_bidir=7.863
[L=768] pytorch_bmm=76.226 dtv1_bidir=22.036 cuequiv_x2=36.437 ours_bidir=17.688
[L=1024] pytorch_bmm=144.860 dtv1_bidir=39.545 cuequiv_x2=65.648 ours_bidir=32.127

=== bidir trimul fwd+bwd d_pair=256, ms/layer (both torch.compile, event-timed) ===
    L |    pytorch_bmm |     dtv1_bidir |     cuequiv_x2 |     ours_bidir | vs dtv1 | vs cueq
----------------------------------------------------------------------------------------------------
  256 |          3.477 |          1.977 |          3.788 |          2.374 | 0.83x | 1.60x
  384 |          8.666 |          5.639 |          9.292 |          4.536 | 1.24x | 2.05x
  512 |         18.133 |          9.815 |         16.551 |          7.863 | 1.25x | 2.10x
  768 |         76.226 |         22.036 |         36.437 |         17.688 | 1.25x | 2.06x
 1024 |        144.860 |         39.545 |         65.648 |         32.127 | 1.23x | 2.04x
DATA d256 pytorch_bmm 256:3.4766,384:8.6657,512:18.1329,768:76.2258,1024:144.8602
DATA d256 dtv1_bidir 256:1.9768,384:5.6389,512:9.8151,768:22.0358,1024:39.5446
DATA d256 cuequiv_x2 256:3.7877,384:9.2916,512:16.5505,768:36.4370,1024:65.6480
DATA d256 ours_bidir 256:2.3742,384:4.5358,512:7.8628,768:17.6877,1024:32.1270
