/home/psk6950/miniworld-kernels/.pixi/envs/default/lib/python3.12/site-packages/torch/jit/_script.py:1480: DeprecationWarning: `torch.jit.script` is deprecated. Please switch to `torch.compile` or `torch.export`.
  warnings.warn(
trimul D-sweep on NVIDIA H100 80GB HBM3 | D=[128, 256]
regime: pytorch=torch.compile(reduce-overhead); others=CUDA-graph (no eager)
/home/psk6950/miniworld-kernels/.pixi/envs/default/lib/python3.12/site-packages/torch/jit/_script.py:362: DeprecationWarning: `torch.jit.script_method` is deprecated. Please switch to `torch.compile` or `torch.export`.
  warnings.warn(
/home/psk6950/miniworld-kernels/.pixi/envs/default/lib/python3.12/site-packages/quack/autotuner.py:395: ResourceWarning: unclosed file <_io.BufferedReader name=58>
  self._precompile(*args, configs=pruned_configs, **kwargs)
ResourceWarning: Enable tracemalloc to get the object allocation traceback
/home/psk6950/miniworld-kernels/.pixi/envs/default/lib/python3.12/site-packages/quack/autotuner.py:395: ResourceWarning: unclosed file <_io.BufferedReader name=56>
  self._precompile(*args, configs=pruned_configs, **kwargs)
ResourceWarning: Enable tracemalloc to get the object allocation traceback
/home/psk6950/miniworld-kernels/.pixi/envs/default/lib/python3.12/site-packages/quack/autotuner.py:395: ResourceWarning: unclosed file <_io.BufferedReader name=54>
  self._precompile(*args, configs=pruned_configs, **kwargs)
ResourceWarning: Enable tracemalloc to get the object allocation traceback
/home/psk6950/miniworld-kernels/.pixi/envs/default/lib/python3.12/site-packages/quack/autotuner.py:395: ResourceWarning: unclosed file <_io.BufferedReader name=52>
  self._precompile(*args, configs=pruned_configs, **kwargs)
ResourceWarning: Enable tracemalloc to get the object allocation traceback
/home/psk6950/miniworld-kernels/.pixi/envs/default/lib/python3.12/site-packages/quack/autotuner.py:395: ResourceWarning: unclosed file <_io.BufferedReader name=50>
  self._precompile(*args, configs=pruned_configs, **kwargs)
ResourceWarning: Enable tracemalloc to get the object allocation traceback
/home/psk6950/miniworld-kernels/.pixi/envs/default/lib/python3.12/site-packages/quack/autotuner.py:395: ResourceWarning: unclosed file <_io.BufferedReader name=48>
  self._precompile(*args, configs=pruned_configs, **kwargs)
ResourceWarning: Enable tracemalloc to get the object allocation traceback
/home/psk6950/miniworld-kernels/.pixi/envs/default/lib/python3.12/site-packages/quack/autotuner.py:395: ResourceWarning: unclosed file <_io.BufferedReader name=46>
  self._precompile(*args, configs=pruned_configs, **kwargs)
ResourceWarning: Enable tracemalloc to get the object allocation traceback
/home/psk6950/miniworld-kernels/.pixi/envs/default/lib/python3.12/site-packages/quack/autotuner.py:395: ResourceWarning: unclosed file <_io.BufferedReader name=60>
  self._precompile(*args, configs=pruned_configs, **kwargs)
ResourceWarning: Enable tracemalloc to get the object allocation traceback
   [D=128 L=128] cos vs pytorch: ours_v4=0.99998 ours_v6=0.99998 nvidia(dtv1)=0.99998
[D=128 L=128] pytorch=1.606 nvidia(dtv1)=0.049 cuequivariance=0.053 ours_v4=0.037 ours_v6=0.059
   [D=128 L=256] cos vs pytorch: ours_v4=0.99998 ours_v6=0.99998 nvidia(dtv1)=0.99998
[D=128 L=256] pytorch=1.734 nvidia(dtv1)=0.162 cuequivariance=0.137 ours_v4=0.102 ours_v6=0.118
   [D=128 L=384] cos vs pytorch: ours_v4=0.99998 ours_v6=0.99998 nvidia(dtv1)=0.99998
[D=128 L=384] pytorch=2.161 nvidia(dtv1)=0.334 cuequivariance=0.266 ours_v4=0.206 ours_v6=0.219
   [D=128 L=512] cos vs pytorch: ours_v4=0.99998 ours_v6=0.99998 nvidia(dtv1)=0.99998
[D=128 L=512] pytorch=4.188 nvidia(dtv1)=0.574 cuequivariance=0.470 ours_v4=0.354 ours_v6=0.361
   [D=128 L=768] cos vs pytorch: ours_v4=0.99998 ours_v6=0.99998 nvidia(dtv1)=0.99998
[D=128 L=768] pytorch=7.786 nvidia(dtv1)=1.276 cuequivariance=1.040 ours_v4=0.791 ours_v6=0.780
   [D=128 L=1024] cos vs pytorch: ours_v4=0.99998 ours_v6=0.99998 nvidia(dtv1)=0.99998
[D=128 L=1024] pytorch=14.450 nvidia(dtv1)=2.381 cuequivariance=1.930 ours_v4=1.478 ours_v6=1.454
   [D=256 L=128] cos vs pytorch: ours_v4=FAIL(OutOfResources) ours_v6=0.99998 nvidia(dtv1)=0.99998
   cudagraph fail: OutOfResources: out of resource: shared memory, Required: 294912, Hardware limit: 232448. Reduci
[D=256 L=128] pytorch=3.124 nvidia(dtv1)=0.093 cuequivariance=0.110 ours_v4=nan ours_v6=0.090
   [D=256 L=256] cos vs pytorch: ours_v4=FAIL(OutOfResources) ours_v6=0.99998 nvidia(dtv1)=0.99998
   cudagraph fail: OutOfResources: out of resource: shared memory, Required: 294912, Hardware limit: 232448. Reduci
[D=256 L=256] pytorch=3.443 nvidia(dtv1)=0.350 cuequivariance=0.543 ours_v4=nan ours_v6=0.256
   [D=256 L=384] cos vs pytorch: ours_v4=FAIL(OutOfResources) ours_v6=0.99998 nvidia(dtv1)=0.99998
   cudagraph fail: OutOfResources: out of resource: shared memory, Required: 294912, Hardware limit: 232448. Reduci
[D=256 L=384] pytorch=2.977 nvidia(dtv1)=0.741 cuequivariance=1.287 ours_v4=nan ours_v6=0.516
   [D=256 L=512] cos vs pytorch: ours_v4=FAIL(OutOfResources) ours_v6=0.99998 nvidia(dtv1)=0.99998
   cudagraph fail: OutOfResources: out of resource: shared memory, Required: 294912, Hardware limit: 232448. Reduci
[D=256 L=512] pytorch=4.496 nvidia(dtv1)=1.286 cuequivariance=2.266 ours_v4=nan ours_v6=0.895
   [D=256 L=768] cos vs pytorch: ours_v4=FAIL(OutOfResources) ours_v6=0.99998 nvidia(dtv1)=0.99998
   cudagraph fail: OutOfResources: out of resource: shared memory, Required: 294912, Hardware limit: 232448. Reduci
[D=256 L=768] pytorch=14.225 nvidia(dtv1)=2.941 cuequivariance=5.103 ours_v4=nan ours_v6=2.009
   [D=256 L=1024] cos vs pytorch: ours_v4=FAIL(OutOfResources) ours_v6=0.99998 nvidia(dtv1)=0.99998
   cudagraph fail: OutOfResources: out of resource: shared memory, Required: 294912, Hardware limit: 232448. Reduci
[D=256 L=1024] pytorch=26.676 nvidia(dtv1)=5.420 cuequivariance=9.243 ours_v4=nan ours_v6=3.713

=== ms/layer (pytorch=compiled, others=CUDA-graph) ===
    D     L |        pytorch |   nvidia(dtv1) | cuequivariance |        ours_v4 |        ours_v6
--------------------------------------------------------------------------------------------------
  128   128 |          1.606 |          0.049 |          0.053 |          0.037 |          0.059
  128   256 |          1.734 |          0.162 |          0.137 |          0.102 |          0.118
  128   384 |          2.161 |          0.334 |          0.266 |          0.206 |          0.219
  128   512 |          4.188 |          0.574 |          0.470 |          0.354 |          0.361
  128   768 |          7.786 |          1.276 |          1.040 |          0.791 |          0.780
  128  1024 |         14.450 |          2.381 |          1.930 |          1.478 |          1.454
  256   128 |          3.124 |          0.093 |          0.110 |            nan |          0.090
  256   256 |          3.443 |          0.350 |          0.543 |            nan |          0.256
  256   384 |          2.977 |          0.741 |          1.287 |            nan |          0.516
  256   512 |          4.496 |          1.286 |          2.266 |            nan |          0.895
  256   768 |         14.225 |          2.941 |          5.103 |            nan |          2.009
  256  1024 |         26.676 |          5.420 |          9.243 |            nan |          3.713
DATA 128:128=1.6056,0.0492,0.0528,0.0368,0.0587;128:256=1.7342,0.1625,0.1371,0.1018,0.1177;128:384=2.1611,0.3342,0.2658,0.2059,0.2187;128:512=4.1884,0.5737,0.4700,0.3536,0.3606;128:768=7.7864,1.2759,1.0404,0.7906,0.7800;128:1024=14.4500,2.3812,1.9304,1.4780,1.4538;256:128=3.1241,0.0934,0.1099,nan,0.0900;256:256=3.4426,0.3504,0.5427,nan,0.2560;256:384=2.9772,0.7414,1.2870,nan,0.5160;256:512=4.4964,1.2858,2.2665,nan,0.8950;256:768=14.2252,2.9411,5.1031,nan,2.0090;256:1024=26.6763,5.4203,9.2428,nan,3.7125
