########## D=256 DIR=out ours_v6 ##########
/home/psk6950/miniworld-kernels/.pixi/envs/default/lib/python3.12/site-packages/torch/jit/_script.py:1480: DeprecationWarning: `torch.jit.script` is deprecated. Please switch to `torch.compile` or `torch.export`.
  warnings.warn(
v6 single-dir [outgoing] D=256 fwd+bwd on NVIDIA H100 80GB HBM3
regime: ALL methods torch.compile (default) fwd+bwd, params require grad, event-timed
/home/psk6950/miniworld-kernels/.pixi/envs/default/lib/python3.12/site-packages/quack/autotuner.py:395: ResourceWarning: unclosed file <_io.BufferedReader name=58>
  self._precompile(*args, configs=pruned_configs, **kwargs)
ResourceWarning: Enable tracemalloc to get the object allocation traceback
/home/psk6950/miniworld-kernels/.pixi/envs/default/lib/python3.12/site-packages/quack/autotuner.py:395: ResourceWarning: unclosed file <_io.BufferedReader name=56>
  self._precompile(*args, configs=pruned_configs, **kwargs)
ResourceWarning: Enable tracemalloc to get the object allocation traceback
/home/psk6950/miniworld-kernels/.pixi/envs/default/lib/python3.12/site-packages/quack/autotuner.py:395: ResourceWarning: unclosed file <_io.BufferedReader name=54>
  self._precompile(*args, configs=pruned_configs, **kwargs)
ResourceWarning: Enable tracemalloc to get the object allocation traceback
/home/psk6950/miniworld-kernels/.pixi/envs/default/lib/python3.12/site-packages/quack/autotuner.py:395: ResourceWarning: unclosed file <_io.BufferedReader name=52>
  self._precompile(*args, configs=pruned_configs, **kwargs)
ResourceWarning: Enable tracemalloc to get the object allocation traceback
/home/psk6950/miniworld-kernels/.pixi/envs/default/lib/python3.12/site-packages/quack/autotuner.py:395: ResourceWarning: unclosed file <_io.BufferedReader name=50>
  self._precompile(*args, configs=pruned_configs, **kwargs)
ResourceWarning: Enable tracemalloc to get the object allocation traceback
/home/psk6950/miniworld-kernels/.pixi/envs/default/lib/python3.12/site-packages/quack/autotuner.py:395: ResourceWarning: unclosed file <_io.BufferedReader name=48>
  self._precompile(*args, configs=pruned_configs, **kwargs)
ResourceWarning: Enable tracemalloc to get the object allocation traceback
/home/psk6950/miniworld-kernels/.pixi/envs/default/lib/python3.12/site-packages/quack/autotuner.py:395: ResourceWarning: unclosed file <_io.BufferedReader name=46>
  self._precompile(*args, configs=pruned_configs, **kwargs)
ResourceWarning: Enable tracemalloc to get the object allocation traceback
/home/psk6950/miniworld-kernels/.pixi/envs/default/lib/python3.12/site-packages/quack/autotuner.py:395: ResourceWarning: unclosed file <_io.BufferedReader name=60>
  self._precompile(*args, configs=pruned_configs, **kwargs)
ResourceWarning: Enable tracemalloc to get the object allocation traceback
  correctness L=256: fwd cos=0.99998  grad_x cos=0.99997 -> PASS
  correctness L=512: fwd cos=0.99998  grad_x cos=0.99997 -> PASS
  correctness L=1024: fwd cos=0.99998  grad_x cos=0.99997 -> PASS
  -> correctness ALL L: PASS
/home/psk6950/miniworld-kernels/.pixi/envs/default/lib/python3.12/site-packages/torch/jit/_script.py:362: DeprecationWarning: `torch.jit.script_method` is deprecated. Please switch to `torch.compile` or `torch.export`.
  warnings.warn(
[L=256] ours_v6=1.123
[L=512] ours_v6=8.686
[L=1024] ours_v6=35.049

=== single-dir trimul fwd+bwd, ms/layer (ALL torch.compile default, event-timed) ===
    L |        ours_v6
--------------------------------------------------------------------------------------------
  256 |          1.123
  512 |          8.686
 1024 |         35.049
DATA ours_v6 256:1.1230,512:8.6865,1024:35.0490
########## D=256 DIR=out nvidia(dtv1) ##########
/home/psk6950/miniworld-kernels/.pixi/envs/default/lib/python3.12/site-packages/torch/jit/_script.py:1480: DeprecationWarning: `torch.jit.script` is deprecated. Please switch to `torch.compile` or `torch.export`.
  warnings.warn(
v6 single-dir [outgoing] D=256 fwd+bwd on NVIDIA H100 80GB HBM3
regime: ALL methods torch.compile (default) fwd+bwd, params require grad, event-timed
  correctness L=256: fwd cos=0.99998  grad_x cos=0.99997 -> PASS
  correctness L=512: fwd cos=0.99998  grad_x cos=0.99997 -> PASS
  correctness L=1024: fwd cos=0.99998  grad_x cos=0.99997 -> PASS
  -> correctness ALL L: PASS
/home/psk6950/miniworld-kernels/.pixi/envs/default/lib/python3.12/site-packages/torch/jit/_script.py:362: DeprecationWarning: `torch.jit.script_method` is deprecated. Please switch to `torch.compile` or `torch.export`.
  warnings.warn(
[L=256] nvidia(dtv1)=1.768
[L=512] nvidia(dtv1)=4.889
[L=1024] nvidia(dtv1)=19.618

=== single-dir trimul fwd+bwd, ms/layer (ALL torch.compile default, event-timed) ===
    L |   nvidia(dtv1)
--------------------------------------------------------------------------------------------
  256 |          1.768
  512 |          4.889
 1024 |         19.618
DATA nvidia(dtv1) 256:1.7678,512:4.8889,1024:19.6175
########## D=256 DIR=out cuequivariance ##########
/home/psk6950/miniworld-kernels/.pixi/envs/default/lib/python3.12/site-packages/torch/jit/_script.py:1480: DeprecationWarning: `torch.jit.script` is deprecated. Please switch to `torch.compile` or `torch.export`.
  warnings.warn(
v6 single-dir [outgoing] D=256 fwd+bwd on NVIDIA H100 80GB HBM3
regime: ALL methods torch.compile (default) fwd+bwd, params require grad, event-timed
  correctness L=256: fwd cos=0.99998  grad_x cos=0.99997 -> PASS
  correctness L=512: fwd cos=0.99998  grad_x cos=0.99997 -> PASS
  correctness L=1024: fwd cos=0.99998  grad_x cos=0.99997 -> PASS
  -> correctness ALL L: PASS
/home/psk6950/miniworld-kernels/.pixi/envs/default/lib/python3.12/site-packages/torch/jit/_script.py:362: DeprecationWarning: `torch.jit.script_method` is deprecated. Please switch to `torch.compile` or `torch.export`.
  warnings.warn(
[L=256] cuequivariance=1.834
[L=512] cuequivariance=8.302
[L=1024] cuequivariance=33.306

=== single-dir trimul fwd+bwd, ms/layer (ALL torch.compile default, event-timed) ===
    L | cuequivariance
--------------------------------------------------------------------------------------------
  256 |          1.834
  512 |          8.302
 1024 |         33.306
DATA cuequivariance 256:1.8339,512:8.3016,1024:33.3057
########## D=256 DIR=in ours_v6 ##########
/home/psk6950/miniworld-kernels/.pixi/envs/default/lib/python3.12/site-packages/torch/jit/_script.py:1480: DeprecationWarning: `torch.jit.script` is deprecated. Please switch to `torch.compile` or `torch.export`.
  warnings.warn(
v6 single-dir [incoming] D=256 fwd+bwd on NVIDIA H100 80GB HBM3
regime: ALL methods torch.compile (default) fwd+bwd, params require grad, event-timed
  correctness L=256: fwd cos=0.99998  grad_x cos=0.99997 -> PASS
  correctness L=512: fwd cos=0.99998  grad_x cos=0.99997 -> PASS
  correctness L=1024: fwd cos=0.99998  grad_x cos=0.99997 -> PASS
  -> correctness ALL L: PASS
/home/psk6950/miniworld-kernels/.pixi/envs/default/lib/python3.12/site-packages/torch/jit/_script.py:362: DeprecationWarning: `torch.jit.script_method` is deprecated. Please switch to `torch.compile` or `torch.export`.
  warnings.warn(
[L=256] ours_v6=1.015
[L=512] ours_v6=8.692
[L=1024] ours_v6=35.048

=== single-dir trimul fwd+bwd, ms/layer (ALL torch.compile default, event-timed) ===
    L |        ours_v6
--------------------------------------------------------------------------------------------
  256 |          1.015
  512 |          8.692
 1024 |         35.048
DATA ours_v6 256:1.0155,512:8.6917,1024:35.0477
########## D=256 DIR=in nvidia(dtv1) ##########
/home/psk6950/miniworld-kernels/.pixi/envs/default/lib/python3.12/site-packages/torch/jit/_script.py:1480: DeprecationWarning: `torch.jit.script` is deprecated. Please switch to `torch.compile` or `torch.export`.
  warnings.warn(
v6 single-dir [incoming] D=256 fwd+bwd on NVIDIA H100 80GB HBM3
regime: ALL methods torch.compile (default) fwd+bwd, params require grad, event-timed
  correctness L=256: fwd cos=0.99998  grad_x cos=0.99997 -> PASS
  correctness L=512: fwd cos=0.99998  grad_x cos=0.99997 -> PASS
  correctness L=1024: fwd cos=0.99998  grad_x cos=0.99997 -> PASS
  -> correctness ALL L: PASS
/home/psk6950/miniworld-kernels/.pixi/envs/default/lib/python3.12/site-packages/torch/jit/_script.py:362: DeprecationWarning: `torch.jit.script_method` is deprecated. Please switch to `torch.compile` or `torch.export`.
  warnings.warn(
[L=256] nvidia(dtv1)=1.514
[L=512] nvidia(dtv1)=4.879
[L=1024] nvidia(dtv1)=19.610

=== single-dir trimul fwd+bwd, ms/layer (ALL torch.compile default, event-timed) ===
    L |   nvidia(dtv1)
--------------------------------------------------------------------------------------------
  256 |          1.514
  512 |          4.879
 1024 |         19.610
DATA nvidia(dtv1) 256:1.5143,512:4.8793,1024:19.6104
########## D=256 DIR=in cuequivariance ##########
/home/psk6950/miniworld-kernels/.pixi/envs/default/lib/python3.12/site-packages/torch/jit/_script.py:1480: DeprecationWarning: `torch.jit.script` is deprecated. Please switch to `torch.compile` or `torch.export`.
  warnings.warn(
v6 single-dir [incoming] D=256 fwd+bwd on NVIDIA H100 80GB HBM3
regime: ALL methods torch.compile (default) fwd+bwd, params require grad, event-timed
  correctness L=256: fwd cos=0.99998  grad_x cos=0.99997 -> PASS
  correctness L=512: fwd cos=0.99998  grad_x cos=0.99997 -> PASS
  correctness L=1024: fwd cos=0.99998  grad_x cos=0.99997 -> PASS
  -> correctness ALL L: PASS
/home/psk6950/miniworld-kernels/.pixi/envs/default/lib/python3.12/site-packages/torch/jit/_script.py:362: DeprecationWarning: `torch.jit.script_method` is deprecated. Please switch to `torch.compile` or `torch.export`.
  warnings.warn(
[L=256] cuequivariance=1.840
[L=512] cuequivariance=8.169
[L=1024] cuequivariance=32.810

=== single-dir trimul fwd+bwd, ms/layer (ALL torch.compile default, event-timed) ===
    L | cuequivariance
--------------------------------------------------------------------------------------------
  256 |          1.840
  512 |          8.169
 1024 |         32.810
DATA cuequivariance 256:1.8402,512:8.1686,1024:32.8102
########## D=512 DIR=out ours_v6 ##########
/home/psk6950/miniworld-kernels/.pixi/envs/default/lib/python3.12/site-packages/torch/jit/_script.py:1480: DeprecationWarning: `torch.jit.script` is deprecated. Please switch to `torch.compile` or `torch.export`.
  warnings.warn(
v6 single-dir [outgoing] D=512 fwd+bwd on NVIDIA H100 80GB HBM3
regime: ALL methods torch.compile (default) fwd+bwd, params require grad, event-timed
  correctness L=256: fwd cos=0.99998  grad_x cos=0.99997 -> PASS
  correctness L=512: fwd cos=0.99998  grad_x cos=0.99997 -> PASS
  correctness L=1024: fwd cos=0.99998  grad_x cos=0.99997 -> PASS
  -> correctness ALL L: PASS
/home/psk6950/miniworld-kernels/.pixi/envs/default/lib/python3.12/site-packages/torch/jit/_script.py:362: DeprecationWarning: `torch.jit.script_method` is deprecated. Please switch to `torch.compile` or `torch.export`.
  warnings.warn(
[L=256] ours_v6=3.703
srun: Job step aborted: Waiting up to 32 seconds for job step to finish.
slurmstepd-node02: error: *** STEP 9684.0 ON node02 CANCELLED AT 2026-06-26T23:13:27 ***
srun: error: node02: task 0: Terminated
