########## DIR=out METHOD=ours_v6 ##########
/home/psk6950/miniworld-kernels/.pixi/envs/default/lib/python3.12/site-packages/torch/jit/_script.py:1480: DeprecationWarning: `torch.jit.script` is deprecated. Please switch to `torch.compile` or `torch.export`.
  warnings.warn(
v6 single-dir [outgoing] fwd+bwd on NVIDIA H100 80GB HBM3
regime: ALL methods torch.compile (default) fwd+bwd, params require grad, event-timed
/home/psk6950/miniworld-kernels/.pixi/envs/default/lib/python3.12/site-packages/quack/autotuner.py:395: ResourceWarning: unclosed file <_io.BufferedReader name=58>
  self._precompile(*args, configs=pruned_configs, **kwargs)
ResourceWarning: Enable tracemalloc to get the object allocation traceback
/home/psk6950/miniworld-kernels/.pixi/envs/default/lib/python3.12/site-packages/quack/autotuner.py:395: ResourceWarning: unclosed file <_io.BufferedReader name=56>
  self._precompile(*args, configs=pruned_configs, **kwargs)
ResourceWarning: Enable tracemalloc to get the object allocation traceback
/home/psk6950/miniworld-kernels/.pixi/envs/default/lib/python3.12/site-packages/quack/autotuner.py:395: ResourceWarning: unclosed file <_io.BufferedReader name=54>
  self._precompile(*args, configs=pruned_configs, **kwargs)
ResourceWarning: Enable tracemalloc to get the object allocation traceback
/home/psk6950/miniworld-kernels/.pixi/envs/default/lib/python3.12/site-packages/quack/autotuner.py:395: ResourceWarning: unclosed file <_io.BufferedReader name=52>
  self._precompile(*args, configs=pruned_configs, **kwargs)
ResourceWarning: Enable tracemalloc to get the object allocation traceback
/home/psk6950/miniworld-kernels/.pixi/envs/default/lib/python3.12/site-packages/quack/autotuner.py:395: ResourceWarning: unclosed file <_io.BufferedReader name=50>
  self._precompile(*args, configs=pruned_configs, **kwargs)
ResourceWarning: Enable tracemalloc to get the object allocation traceback
/home/psk6950/miniworld-kernels/.pixi/envs/default/lib/python3.12/site-packages/quack/autotuner.py:395: ResourceWarning: unclosed file <_io.BufferedReader name=48>
  self._precompile(*args, configs=pruned_configs, **kwargs)
ResourceWarning: Enable tracemalloc to get the object allocation traceback
/home/psk6950/miniworld-kernels/.pixi/envs/default/lib/python3.12/site-packages/quack/autotuner.py:395: ResourceWarning: unclosed file <_io.BufferedReader name=46>
  self._precompile(*args, configs=pruned_configs, **kwargs)
ResourceWarning: Enable tracemalloc to get the object allocation traceback
/home/psk6950/miniworld-kernels/.pixi/envs/default/lib/python3.12/site-packages/quack/autotuner.py:395: ResourceWarning: unclosed file <_io.BufferedReader name=60>
  self._precompile(*args, configs=pruned_configs, **kwargs)
ResourceWarning: Enable tracemalloc to get the object allocation traceback
  correctness L=256: fwd cos=0.99998  grad_x cos=0.99997 -> PASS
  correctness L=384: fwd cos=0.99998  grad_x cos=0.99997 -> PASS
  correctness L=512: fwd cos=0.99998  grad_x cos=0.99997 -> PASS
  correctness L=768: fwd cos=0.99998  grad_x cos=0.99997 -> PASS
  correctness L=1024: fwd cos=0.99998  grad_x cos=0.99997 -> PASS
  -> correctness ALL L: PASS
/home/psk6950/miniworld-kernels/.pixi/envs/default/lib/python3.12/site-packages/torch/jit/_script.py:362: DeprecationWarning: `torch.jit.script_method` is deprecated. Please switch to `torch.compile` or `torch.export`.
  warnings.warn(
[L=256] ours_v6=0.922
[L=384] ours_v6=1.114
[L=512] ours_v6=1.885
[L=768] ours_v6=4.133
[L=1024] ours_v6=7.380

=== single-dir trimul fwd+bwd, ms/layer (ALL torch.compile default, event-timed) ===
    L |        ours_v6
--------------------------------------------------------------------------------------------
  256 |          0.922
  384 |          1.114
  512 |          1.885
  768 |          4.133
 1024 |          7.380
DATA ours_v6 256:0.9223,384:1.1144,512:1.8851,768:4.1326,1024:7.3804
########## DIR=out METHOD=nvidia(dtv1) ##########
/home/psk6950/miniworld-kernels/.pixi/envs/default/lib/python3.12/site-packages/torch/jit/_script.py:1480: DeprecationWarning: `torch.jit.script` is deprecated. Please switch to `torch.compile` or `torch.export`.
  warnings.warn(
v6 single-dir [outgoing] fwd+bwd on NVIDIA H100 80GB HBM3
regime: ALL methods torch.compile (default) fwd+bwd, params require grad, event-timed
  correctness L=256: fwd cos=0.99998  grad_x cos=0.99997 -> PASS
  correctness L=384: fwd cos=0.99998  grad_x cos=0.99997 -> PASS
  correctness L=512: fwd cos=0.99998  grad_x cos=0.99997 -> PASS
  correctness L=768: fwd cos=0.99998  grad_x cos=0.99997 -> PASS
  correctness L=1024: fwd cos=0.99998  grad_x cos=0.99997 -> PASS
  -> correctness ALL L: PASS
/home/psk6950/miniworld-kernels/.pixi/envs/default/lib/python3.12/site-packages/torch/jit/_script.py:362: DeprecationWarning: `torch.jit.script_method` is deprecated. Please switch to `torch.compile` or `torch.export`.
  warnings.warn(
[L=256] nvidia(dtv1)=1.427
[L=384] nvidia(dtv1)=1.600
[L=512] nvidia(dtv1)=2.441
[L=768] nvidia(dtv1)=5.326
[L=1024] nvidia(dtv1)=9.478

=== single-dir trimul fwd+bwd, ms/layer (ALL torch.compile default, event-timed) ===
    L |   nvidia(dtv1)
--------------------------------------------------------------------------------------------
  256 |          1.427
  384 |          1.600
  512 |          2.441
  768 |          5.326
 1024 |          9.478
DATA nvidia(dtv1) 256:1.4265,384:1.5998,512:2.4413,768:5.3262,1024:9.4780
########## DIR=in METHOD=ours_v6 ##########
/home/psk6950/miniworld-kernels/.pixi/envs/default/lib/python3.12/site-packages/torch/jit/_script.py:1480: DeprecationWarning: `torch.jit.script` is deprecated. Please switch to `torch.compile` or `torch.export`.
  warnings.warn(
v6 single-dir [incoming] fwd+bwd on NVIDIA H100 80GB HBM3
regime: ALL methods torch.compile (default) fwd+bwd, params require grad, event-timed
  correctness L=256: fwd cos=0.99998  grad_x cos=0.99997 -> PASS
  correctness L=384: fwd cos=0.99998  grad_x cos=0.99997 -> PASS
  correctness L=512: fwd cos=0.99998  grad_x cos=0.99997 -> PASS
  correctness L=768: fwd cos=0.99998  grad_x cos=0.99997 -> PASS
  correctness L=1024: fwd cos=0.99998  grad_x cos=0.99997 -> PASS
  -> correctness ALL L: PASS
/home/psk6950/miniworld-kernels/.pixi/envs/default/lib/python3.12/site-packages/torch/jit/_script.py:362: DeprecationWarning: `torch.jit.script_method` is deprecated. Please switch to `torch.compile` or `torch.export`.
  warnings.warn(
[L=256] ours_v6=0.859
[L=384] ours_v6=1.106
[L=512] ours_v6=1.868
[L=768] ours_v6=4.131
[L=1024] ours_v6=7.374

=== single-dir trimul fwd+bwd, ms/layer (ALL torch.compile default, event-timed) ===
    L |        ours_v6
--------------------------------------------------------------------------------------------
  256 |          0.859
  384 |          1.106
  512 |          1.868
  768 |          4.131
 1024 |          7.374
DATA ours_v6 256:0.8589,384:1.1064,512:1.8683,768:4.1307,1024:7.3742
########## DIR=in METHOD=nvidia(dtv1) ##########
/home/psk6950/miniworld-kernels/.pixi/envs/default/lib/python3.12/site-packages/torch/jit/_script.py:1480: DeprecationWarning: `torch.jit.script` is deprecated. Please switch to `torch.compile` or `torch.export`.
  warnings.warn(
v6 single-dir [incoming] fwd+bwd on NVIDIA H100 80GB HBM3
regime: ALL methods torch.compile (default) fwd+bwd, params require grad, event-timed
  correctness L=256: fwd cos=0.99998  grad_x cos=0.99997 -> PASS
  correctness L=384: fwd cos=0.99998  grad_x cos=0.99997 -> PASS
  correctness L=512: fwd cos=0.99998  grad_x cos=0.99997 -> PASS
  correctness L=768: fwd cos=0.99998  grad_x cos=0.99997 -> PASS
  correctness L=1024: fwd cos=0.99998  grad_x cos=0.99997 -> PASS
  -> correctness ALL L: PASS
/home/psk6950/miniworld-kernels/.pixi/envs/default/lib/python3.12/site-packages/torch/jit/_script.py:362: DeprecationWarning: `torch.jit.script_method` is deprecated. Please switch to `torch.compile` or `torch.export`.
  warnings.warn(
[L=256] nvidia(dtv1)=1.511
[L=384] nvidia(dtv1)=1.663
[L=512] nvidia(dtv1)=2.444
[L=768] nvidia(dtv1)=5.335
[L=1024] nvidia(dtv1)=9.484

=== single-dir trimul fwd+bwd, ms/layer (ALL torch.compile default, event-timed) ===
    L |   nvidia(dtv1)
--------------------------------------------------------------------------------------------
  256 |          1.511
  384 |          1.663
  512 |          2.444
  768 |          5.335
 1024 |          9.484
DATA nvidia(dtv1) 256:1.5111,384:1.6633,512:2.4443,768:5.3348,1024:9.4839
