########## DIR=out cuequivariance ##########
/home/psk6950/miniworld-kernels/.pixi/envs/default/lib/python3.12/site-packages/torch/jit/_script.py:1480: DeprecationWarning: `torch.jit.script` is deprecated. Please switch to `torch.compile` or `torch.export`.
  warnings.warn(
v6 single-dir [outgoing] fwd+bwd on NVIDIA H100 80GB HBM3
regime: ALL methods torch.compile (default) fwd+bwd, params require grad, event-timed
/home/psk6950/miniworld-kernels/.pixi/envs/default/lib/python3.12/site-packages/quack/autotuner.py:395: ResourceWarning: unclosed file <_io.BufferedReader name=58>
  self._precompile(*args, configs=pruned_configs, **kwargs)
ResourceWarning: Enable tracemalloc to get the object allocation traceback
/home/psk6950/miniworld-kernels/.pixi/envs/default/lib/python3.12/site-packages/quack/autotuner.py:395: ResourceWarning: unclosed file <_io.BufferedReader name=56>
  self._precompile(*args, configs=pruned_configs, **kwargs)
ResourceWarning: Enable tracemalloc to get the object allocation traceback
/home/psk6950/miniworld-kernels/.pixi/envs/default/lib/python3.12/site-packages/quack/autotuner.py:395: ResourceWarning: unclosed file <_io.BufferedReader name=54>
  self._precompile(*args, configs=pruned_configs, **kwargs)
ResourceWarning: Enable tracemalloc to get the object allocation traceback
/home/psk6950/miniworld-kernels/.pixi/envs/default/lib/python3.12/site-packages/quack/autotuner.py:395: ResourceWarning: unclosed file <_io.BufferedReader name=52>
  self._precompile(*args, configs=pruned_configs, **kwargs)
ResourceWarning: Enable tracemalloc to get the object allocation traceback
/home/psk6950/miniworld-kernels/.pixi/envs/default/lib/python3.12/site-packages/quack/autotuner.py:395: ResourceWarning: unclosed file <_io.BufferedReader name=50>
  self._precompile(*args, configs=pruned_configs, **kwargs)
ResourceWarning: Enable tracemalloc to get the object allocation traceback
/home/psk6950/miniworld-kernels/.pixi/envs/default/lib/python3.12/site-packages/quack/autotuner.py:395: ResourceWarning: unclosed file <_io.BufferedReader name=48>
  self._precompile(*args, configs=pruned_configs, **kwargs)
ResourceWarning: Enable tracemalloc to get the object allocation traceback
/home/psk6950/miniworld-kernels/.pixi/envs/default/lib/python3.12/site-packages/quack/autotuner.py:395: ResourceWarning: unclosed file <_io.BufferedReader name=46>
  self._precompile(*args, configs=pruned_configs, **kwargs)
ResourceWarning: Enable tracemalloc to get the object allocation traceback
/home/psk6950/miniworld-kernels/.pixi/envs/default/lib/python3.12/site-packages/quack/autotuner.py:395: ResourceWarning: unclosed file <_io.BufferedReader name=60>
  self._precompile(*args, configs=pruned_configs, **kwargs)
ResourceWarning: Enable tracemalloc to get the object allocation traceback
  correctness L=256: fwd cos=0.99998  grad_x cos=0.99997 -> PASS
  correctness L=384: fwd cos=0.99998  grad_x cos=0.99997 -> PASS
  correctness L=512: fwd cos=0.99998  grad_x cos=0.99997 -> PASS
  correctness L=768: fwd cos=0.99998  grad_x cos=0.99997 -> PASS
  correctness L=1024: fwd cos=0.99998  grad_x cos=0.99997 -> PASS
  -> correctness ALL L: PASS
/home/psk6950/miniworld-kernels/.pixi/envs/default/lib/python3.12/site-packages/torch/jit/_script.py:362: DeprecationWarning: `torch.jit.script_method` is deprecated. Please switch to `torch.compile` or `torch.export`.
  warnings.warn(
[L=256] cuequivariance=1.398
[L=384] cuequivariance=1.549
[L=512] cuequivariance=2.636
[L=768] cuequivariance=5.756
[L=1024] cuequivariance=10.295

=== single-dir trimul fwd+bwd, ms/layer (ALL torch.compile default, event-timed) ===
    L | cuequivariance
--------------------------------------------------------------------------------------------
  256 |          1.398
  384 |          1.549
  512 |          2.636
  768 |          5.756
 1024 |         10.295
DATA cuequivariance 256:1.3976,384:1.5492,512:2.6362,768:5.7558,1024:10.2949
########## DIR=in cuequivariance ##########
/home/psk6950/miniworld-kernels/.pixi/envs/default/lib/python3.12/site-packages/torch/jit/_script.py:1480: DeprecationWarning: `torch.jit.script` is deprecated. Please switch to `torch.compile` or `torch.export`.
  warnings.warn(
v6 single-dir [incoming] fwd+bwd on NVIDIA H100 80GB HBM3
regime: ALL methods torch.compile (default) fwd+bwd, params require grad, event-timed
  correctness L=256: fwd cos=0.99998  grad_x cos=0.99997 -> PASS
  correctness L=384: fwd cos=0.99998  grad_x cos=0.99997 -> PASS
  correctness L=512: fwd cos=0.99998  grad_x cos=0.99997 -> PASS
  correctness L=768: fwd cos=0.99998  grad_x cos=0.99997 -> PASS
  correctness L=1024: fwd cos=0.99998  grad_x cos=0.99997 -> PASS
  -> correctness ALL L: PASS
/home/psk6950/miniworld-kernels/.pixi/envs/default/lib/python3.12/site-packages/torch/jit/_script.py:362: DeprecationWarning: `torch.jit.script_method` is deprecated. Please switch to `torch.compile` or `torch.export`.
  warnings.warn(
[L=256] cuequivariance=1.436
[L=384] cuequivariance=1.586
[L=512] cuequivariance=2.705
[L=768] cuequivariance=5.909
[L=1024] cuequivariance=10.569

=== single-dir trimul fwd+bwd, ms/layer (ALL torch.compile default, event-timed) ===
    L | cuequivariance
--------------------------------------------------------------------------------------------
  256 |          1.436
  384 |          1.586
  512 |          2.705
  768 |          5.909
 1024 |         10.569
DATA cuequivariance 256:1.4355,384:1.5861,512:2.7046,768:5.9089,1024:10.5693
