host=node01 date=Sat Jun 27 12:17:27 KST 2026
torch 2.10.0+cu128  NVIDIA H100 80GB HBM3
=== INFERENCE ===
stream      M     d |       cos    maxerr |   ours_us  eager_us compile_us | vs_eager  vs_comp
----------------------------------------------------------------------------------------------------
  atom   2048   128 |  0.999999  5.52e-03 |      35.6      56.7       67.1 |    1.59x    1.89x
  atom   4096   128 |  0.999999  6.62e-03 |      35.7      56.9       73.5 |    1.59x    2.06x
  atom   8192   128 |  0.999999  5.47e-03 |      35.3      67.6       72.4 |    1.92x    2.05x
 token    384   768 |  0.999999  4.83e-03 |     101.2     108.2       92.6 |    1.07x    0.91x
 token    512   768 |  0.999999  4.83e-03 |      58.5      68.7       92.0 |    1.18x    1.57x
 token    768   768 |  0.999999  6.24e-03 |      58.2      71.6       94.5 |    1.23x    1.62x
 token   1024   768 |  0.999999  6.24e-03 |      62.0      79.7       95.0 |    1.29x    1.53x

=== TRAINING (fwd+bwd) ===
stream      M     d |    cos_y   cos_dx cos_dcond  cos_dWa  cos_dWs cos_dWsc cos_dbsc |   ours_us  eager_us compile_us | vs_eager  vs_comp
------------------------------------------------------------------------------------------------------------------------------------------------------
  atom   2048   128 |  1.00000  1.00000   1.00000  1.00000  1.00000  1.00000  1.00000 |     463.7     448.3      393.5 |    0.97x    0.85x
  atom   4096   128 |  1.00000  1.00000   1.00000  1.00000  1.00000  1.00000  1.00000 |     338.4     327.8      395.0 |    0.97x    1.17x
  atom   8192   128 |  1.00000  1.00000   1.00000  1.00000  1.00000  1.00000  1.00000 |     354.6     323.3      391.2 |    0.91x    1.10x
 token    384   768 |  1.00000  1.00000   1.00000  1.00000  1.00000  1.00000  1.00000 |     361.3     333.1      422.1 |    0.92x    1.17x
 token    512   768 |  1.00000  1.00000   1.00000  1.00000  1.00000  1.00000  1.00000 |     363.2     342.7      434.6 |    0.94x    1.20x
 token    768   768 |  1.00000  1.00000   1.00000  1.00000  1.00000  1.00000  1.00000 |     370.5     342.0      425.5 |    0.92x    1.15x
 token   1024   768 |  1.00000  1.00000   1.00000  1.00000  1.00000  1.00000  1.00000 |     360.5     346.0      421.1 |    0.96x    1.17x
DONE
[exit=0] CT BENCH DONE
