host=node01 date=Sat Jun 27 13:46:12 KST 2026
torch 2.10.0+cu128  NVIDIA H100 80GB HBM3
=== CORRECTNESS (fused-prologue dgrad) ===
   atom M= 2048 d=128 cos_y=1.00000 dx=1.00000 dcond=1.00000 dWa=1.00000 dWb=1.00000 dWs=1.00000 dWsc=1.00000 dbsc=1.00000 worst=1.00000 OK
   atom M= 8192 d=128 cos_y=1.00000 dx=1.00000 dcond=1.00000 dWa=1.00000 dWb=1.00000 dWs=1.00000 dWsc=1.00000 dbsc=1.00000 worst=1.00000 OK
  token M=  384 d=768 cos_y=1.00000 dx=1.00000 dcond=1.00000 dWa=1.00000 dWb=1.00000 dWs=1.00000 dWsc=1.00000 dbsc=1.00000 worst=1.00000 OK
  token M= 1024 d=768 cos_y=1.00000 dx=1.00000 dcond=1.00000 dWa=1.00000 dWb=1.00000 dWs=1.00000 dWsc=1.00000 dbsc=1.00000 worst=1.00000 OK

=== EAGER fwd+bwd (us) ===
stream      M    d |    fused  cublasTr    eager  compile | vs_eager  vs_cTr
  atom   2048  128 |    397.3     348.5    335.6    378.7 |    0.84x   0.88x
  atom   4096  128 |    390.1     351.3    342.3    615.6 |    0.88x   0.90x
  atom   8192  128 |    410.1     374.5    339.1    396.6 |    0.83x   0.91x
 token    384  768 |    383.6     373.0    350.9    455.6 |    0.91x   0.97x
 token    512  768 |    413.2     389.1    365.6    442.2 |    0.88x   0.94x
 token    768  768 |    591.3     367.7    366.2    441.2 |    0.62x   0.62x
 token   1024  768 |    621.5     372.4    362.3    434.5 |    0.58x   0.60x

=== CUDA-GRAPH fwd+bwd (us) — true kernel cost, no launch floor ===
stream      M    d |    fused  cublasTr    eager | vs_eager  vs_cTr
  atom   2048  128 |    106.9      89.3    110.6 |    1.03x   0.84x
  atom   4096  128 |    147.8     116.8    142.8 |    0.97x   0.79x
  atom   8192  128 |    243.5     163.7    200.2 |    0.82x   0.67x
 token    384  768 |    356.5     147.2    174.3 |    0.49x   0.41x
 token    512  768 |    368.0     166.3    196.2 |    0.53x   0.45x
 token    768  768 |    568.5     211.4    234.9 |    0.41x   0.37x
 token   1024  768 |    600.7     232.8    266.8 |    0.44x   0.39x
DONE
[exit=0] CT VF2 DONE
