host=node01 date=Sat Jun 27 17:37:03 KST 2026
torch 2.10.0+cu128  NVIDIA H100 80GB HBM3
=== CORRECTNESS: cond_transition_train_12_345 vs autograd-through-torch ref ===
stream      M    d |    cos_y       dx    dcond      dWa      dWb      dWs     dWsc     dbsc | worst
  atom   2048  128 |  1.00000  1.00000  1.00000  1.00000  1.00000  1.00000  1.00000  1.00000 | 1.00000 OK
  atom   4096  128 |  1.00000  1.00000  1.00000  1.00000  1.00000  1.00000  1.00000  1.00000 | 1.00000 OK
  atom   8192  128 |  1.00000  1.00000  1.00000  1.00000  1.00000  1.00000  1.00000  1.00000 | 1.00000 OK
 token    384  768 |  1.00000  1.00000  1.00000  1.00000  1.00000  1.00000  1.00000  1.00000 | 1.00000 OK
 token    512  768 |  1.00000  1.00000  1.00000  1.00000  1.00000  1.00000  1.00000  1.00000 | 1.00000 OK
 token    768  768 |  1.00000  1.00000  1.00000  1.00000  1.00000  1.00000  1.00000  1.00000 | 1.00000 OK
 token   1024  768 |  1.00000  1.00000  1.00000  1.00000  1.00000  1.00000  1.00000  1.00000 | 1.00000 OK

=== TRAINING fwd+bwd (1+2|3+4+5 mirror): ours vs compile vs eager (CUDA graph, us) ===
stream      M    d |  cos_min |  ours_us compile_us eager_us | vs_compile vs_eager
  atom   2048  128 |  1.00000 |    108.1      261.6    113.4 |      2.42x    1.05x
  atom   4096  128 |  1.00000 |    148.4      269.8    141.3 |      1.82x    0.95x
  atom   8192  128 |  1.00000 |    243.2      271.3    197.3 |      1.12x    0.81x
 token    384  768 |  1.00000 |    345.8      273.7    173.8 |      0.79x    0.50x
 token    512  768 |  1.00000 |    360.6      274.2    193.3 |      0.76x    0.54x
 token    768  768 |  1.00000 |    572.1      272.1    241.2 |      0.48x    0.42x
 token   1024  768 |  1.00000 |    615.1      282.0    268.0 |      0.46x    0.44x
DONE
[exit=0] CT T5 DONE
