host=node01 date=Sat Jun 27 11:59:18 KST 2026
torch 2.10.0+cu128 NVIDIA H100 80GB HBM3
=== correctness (fp32) ===
  verify d=768 M=16384 torch.float32: materialize cos=1.000000 maxabs=5.718e-04 | fused cos=1.000000 maxabs=5.633e-03
  verify d=128 M=131072 torch.float32: materialize cos=1.000000 maxabs=1.071e-03 | fused cos=1.000000 maxabs=6.527e-03
=== correctness (bf16) ===
  verify d=768 M=16384 torch.bfloat16: materialize cos=0.999997 maxabs=3.125e-02 | fused cos=0.999995 maxabs=3.125e-02

## TOKEN fp32  d=768 dtype=torch.float32
   seq        M |  pt_eager  pt_compile  cur_triton  ours_mat  ours_fused | best_vs_comp  best_vs_cur
   384    12288 |    0.2899      0.2185      0.3790    0.1704      0.3597 |        1.28x        2.22x
   512    16384 |    0.3783      0.2798      0.5004    0.2188      0.3842 |        1.28x        2.29x
   640    20480 |    0.4509      0.3404      0.6211    0.2687      0.6411 |        1.27x        2.31x
   768    24576 |    0.5407      0.4004      0.7430    0.3193      0.6665 |        1.25x        2.33x
   896    28672 |    0.6187      0.4628      0.8673    0.3706      0.7165 |        1.25x        2.34x
  1024    32768 |    0.7001      0.5201      0.9819    0.4215      0.7618 |        1.23x        2.33x

## ATOM fp32  d=128 dtype=torch.float32
   seq        M |  pt_eager  pt_compile  cur_triton  ours_mat  ours_fused | best_vs_comp  best_vs_cur
  2048    65536 |    0.3578      0.1827      0.1188    0.1179      0.0817 |        2.24x        1.46x
  4096   131072 |    0.6871      0.3426      0.2212    0.2235      0.1492 |        2.30x        1.48x
  6144   196608 |    1.0127      0.5004      0.3230    0.3247      0.2116 |        2.36x        1.53x
  8192   262144 |    1.3362      0.6560      0.4194    0.4258      0.2719 |        2.41x        1.54x
[exit=0]
DONE
