host=node01
building sweep3 (K=128 tiles)...
build OK

## M=32768 K=768 N=768 (39GF) cuBLAS=116.8us (331TF/s) cos=1.00000
   cfg0:   244.8us (158TF/s) cuBLAS/ct=0.48x
   cfg1:   249.3us (155TF/s) cuBLAS/ct=0.47x
   cfg2:   194.2us (199TF/s) cuBLAS/ct=0.60x
   cfg3:   194.1us (199TF/s) cuBLAS/ct=0.60x
   cfg4:   256.4us (151TF/s) cuBLAS/ct=0.46x
   cfg5:   227.3us (170TF/s) cuBLAS/ct=0.51x
   cfg6:   228.5us (169TF/s) cuBLAS/ct=0.51x
   cfg7:   204.0us (189TF/s) cuBLAS/ct=0.57x
   => BEST cfg3 194.1us  cuBLAS/ours=0.60x

## M=32768 K=768 N=1536 (77GF) cuBLAS=214.1us (361TF/s) cos=1.00000
   cfg0:   513.9us (150TF/s) cuBLAS/ct=0.42x
   cfg1:   513.3us (151TF/s) cuBLAS/ct=0.42x
   cfg2:   356.4us (217TF/s) cuBLAS/ct=0.60x
   cfg3:   360.6us (214TF/s) cuBLAS/ct=0.59x
   cfg4:   419.2us (184TF/s) cuBLAS/ct=0.51x
   cfg5:   433.4us (178TF/s) cuBLAS/ct=0.49x
   cfg6:   431.3us (179TF/s) cuBLAS/ct=0.50x
   cfg7:   413.6us (187TF/s) cuBLAS/ct=0.52x
   => BEST cfg2 356.4us  cuBLAS/ours=0.60x

## M=262144 K=128 N=256 (17GF) cuBLAS=154.6us (111TF/s) cos=1.00000
   cfg0:   322.1us ( 53TF/s) cuBLAS/ct=0.48x
   cfg1:   313.2us ( 55TF/s) cuBLAS/ct=0.49x
   cfg2:   309.1us ( 56TF/s) cuBLAS/ct=0.50x
   cfg3:   306.5us ( 56TF/s) cuBLAS/ct=0.50x
   cfg4:   358.5us ( 48TF/s) cuBLAS/ct=0.43x
   cfg5:   318.9us ( 54TF/s) cuBLAS/ct=0.48x
   cfg6:   312.8us ( 55TF/s) cuBLAS/ct=0.49x
   cfg7:   311.4us ( 55TF/s) cuBLAS/ct=0.50x
   => BEST cfg3 306.5us  cuBLAS/ours=0.50x
DONE
EXIT=0
