host=node01 date=Sat Jun 27 11:52:23 KST 2026
/home/psk6950/miniworld-kernels/.pixi/envs/default/lib/python3.12/site-packages/torch/_inductor/compile_fx.py:321: UserWarning: TensorFloat32 tensor cores for float32 matrix multiplication available but not enabled. Consider setting `torch.set_float32_matmul_precision('high')` for better performance.
  warnings.warn(
torch 2.10.0+cu128 NVIDIA H100 80GB HBM3
=== correctness (fp32) ===
  verify d=768 M=16384 torch.float32: cos=1.000000 maxabs=1.852e-03
  verify d=128 M=131072 torch.float32: cos=1.000000 maxabs=2.732e-03
=== correctness (bf16) ===
  verify d=768 M=16384 torch.bfloat16: cos=0.999997 maxabs=3.125e-02

## TOKEN fp32  d=768 dtype=torch.float32
   seq        M |  pt_eager  pt_compile  cur_triton  ours_inf | spd_vs_compile
   384    12288 |    0.9516      0.8723      0.3747    0.1718 |          5.08x
   512    16384 |    1.0365      0.9359      0.4954    0.2203 |          4.25x
   640    20480 |    1.3517      1.2288      0.6158    0.2712 |          4.53x
   768    24576 |    1.6590      1.5152      0.7405    0.3266 |          4.64x
   896    28672 |    1.9873      1.8160      0.8660    0.3719 |          4.88x
  1024    32768 |    2.0462      1.8583      0.9828    0.4250 |          4.37x

## ATOM fp32  d=128 dtype=torch.float32
   seq        M |  pt_eager  pt_compile  cur_triton  ours_inf | spd_vs_compile
  2048    65536 |    0.4419      0.2648      0.1181    0.1175 |          2.25x
  4096   131072 |    0.8408      0.4854      0.2214    0.2230 |          2.18x
  6144   196608 |    1.2287      0.7266      0.3215    0.3242 |          2.24x
  8192   262144 |    1.5832      0.9199      0.4154    0.4232 |          2.17x
[exit=0]
DONE
