host=node01
torch 2.10.0+cu128 NVIDIA H100 80GB HBM3
HBM=3.35TB/s  TF32=494.0TFLOP/s

#### d=768 seq=1024 M=32768 torch.float32  (el=4B)
FWD
  cond_aff LN  :    72.9us  bytes=   202MB  roof=  60.2us    83%ofpeak
  GEMM s|b     :   217.7us    77.3GF  roof= 156.5us    72%ofpeak
  epilogue     :   171.1us  bytes=   504MB  roof= 150.3us    88%ofpeak
  cfg cond_aff : BLOCK_M: 8, num_warps: 4, num_ctas: 1, num_stages: 4, maxnreg: None
  cfg epilogue : BLOCK_M: 4, num_warps: 8, num_ctas: 1, num_stages: 4, maxnreg: None
BWD
  bwd_x        :   218.2us  bytes=   604MB  roof= 180.4us    83%ofpeak
  wgrad D@aff  :   251.1us    77.3GF  roof= 156.5us    62%ofpeak
  dgrad Dt@W   :   333.6us    77.3GF  roof= 156.5us    47%ofpeak
  dsb sum      :    49.8us  bytes=   101MB  roof=  30.0us    60%ofpeak
  cond LN bwd  :   141.2us  bytes=   302MB  roof=  90.1us    64%ofpeak
  cfg bwd_x    : BLOCK_M: 8, num_warps: 8, num_ctas: 1, num_stages: 3, maxnreg: None

#### d=128 seq=8192 M=262144 torch.float32  (el=4B)
FWD
  cond_aff LN  :    94.9us  bytes=   271MB  roof=  80.8us    85%ofpeak
  GEMM s|b     :   154.7us    17.2GF  roof=  34.8us    22%ofpeak
  epilogue     :   225.6us  bytes=   673MB  roof= 201.0us    89%ofpeak
  cfg cond_aff : BLOCK_M: 32, num_warps: 4, num_ctas: 1, num_stages: 3, maxnreg: None
  cfg epilogue : BLOCK_M: 16, num_warps: 16, num_ctas: 1, num_stages: 2, maxnreg: None
BWD
  bwd_x        :   285.2us  bytes=   807MB  roof= 241.0us    84%ofpeak
  wgrad D@aff  :   161.0us    17.2GF  roof=  34.8us    22%ofpeak
  dgrad Dt@W   :   148.6us    17.2GF  roof=  34.8us    23%ofpeak
  dsb sum      :    69.4us  bytes=   134MB  roof=  40.1us    58%ofpeak
  cond LN bwd  :   151.2us  bytes=   403MB  roof= 120.2us    79%ofpeak
  cfg bwd_x    : BLOCK_M: 32, num_warps: 4, num_ctas: 1, num_stages: 3, maxnreg: None
DONE
