host=node01 date=Sat Jun 27 11:58:30 KST 2026
torch 2.10.0+cu128 NVIDIA H100 80GB HBM3
=== correctness (fp32) ===
Traceback (most recent call last):
  File "/home/psk6950/miniworld-kernels/src/miniworld_kernels/kernels/adaln/benchmark/bench_inference.py", line 134, in <module>
    main()
  File "/home/psk6950/miniworld-kernels/src/miniworld_kernels/kernels/adaln/benchmark/bench_inference.py", line 122, in main
    verify(768, 768, 32 * 512, torch.float32)
  File "/home/psk6950/miniworld-kernels/src/miniworld_kernels/kernels/adaln/benchmark/bench_inference.py", line 63, in verify
    out_f = adaln_inference_fused(x, cond, lnw, scale_w, scale_b, bias_w, eps, eps)
            ^^^^^^^^^^^^^^^^^^^^^^^^^^^^^^^^^^^^^^^^^^^^^^^^^^^^^^^^^^^^^^^^^^^^^^^
  File "/home/psk6950/miniworld-kernels/src/miniworld_kernels/kernels/adaln/triton/inference.py", line 301, in adaln_inference_fused
    _adaln_fused_kernel[grid](
  File "/home/psk6950/miniworld-kernels/.pixi/envs/default/lib/python3.12/site-packages/triton/runtime/jit.py", line 370, in <lambda>
    return lambda *args, **kwargs: self.run(grid=grid, warmup=False, *args, **kwargs)
                                   ^^^^^^^^^^^^^^^^^^^^^^^^^^^^^^^^^^^^^^^^^^^^^^^^^^
  File "/home/psk6950/miniworld-kernels/.pixi/envs/default/lib/python3.12/site-packages/triton/runtime/autotuner.py", line 240, in run
    benchmark()
  File "/home/psk6950/miniworld-kernels/.pixi/envs/default/lib/python3.12/site-packages/triton/runtime/autotuner.py", line 229, in benchmark
    timings = {config: self._bench(*args, config=config, **kwargs) for config in pruned_configs}
                       ^^^^^^^^^^^^^^^^^^^^^^^^^^^^^^^^^^^^^^^^^^^
  File "/home/psk6950/miniworld-kernels/.pixi/envs/default/lib/python3.12/site-packages/triton/runtime/autotuner.py", line 164, in _bench
    return self.do_bench(kernel_call, quantiles=(0.5, 0.2, 0.8))
           ^^^^^^^^^^^^^^^^^^^^^^^^^^^^^^^^^^^^^^^^^^^^^^^^^^^^^
  File "/home/psk6950/miniworld-kernels/.pixi/envs/default/lib/python3.12/site-packages/triton/testing.py", line 149, in do_bench
    fn()
  File "/home/psk6950/miniworld-kernels/.pixi/envs/default/lib/python3.12/site-packages/triton/runtime/autotuner.py", line 150, in kernel_call
    self.fn.run(
  File "/home/psk6950/miniworld-kernels/.pixi/envs/default/lib/python3.12/site-packages/triton/runtime/jit.py", line 717, in run
    options, signature, constexprs, attrs = self._pack_args(backend, kwargs, bound_args, specialization,
                                            ^^^^^^^^^^^^^^^^^^^^^^^^^^^^^^^^^^^^^^^^^^^^^^^^^^^^^^^^^^^^
  File "/home/psk6950/miniworld-kernels/.pixi/envs/default/lib/python3.12/site-packages/triton/runtime/jit.py", line 684, in _pack_args
    raise KeyError("Keyword argument %s was specified but unrecognised" % k)
KeyError: 'Keyword argument DT was specified but unrecognised'
[exit=1]
DONE
