host=node01
building sweep (8 kernels — slow)...
build OK

## M=32768 K=768 N=768  (39 GF)   cuBLAS=121.5us (318 TF/s)
   cfg0:   201.7us  (192 TF/s)  cuBLAS/ct=0.60x  cos=1.00000 <-- best
   cfg1:   201.4us  (192 TF/s)  cuBLAS/ct=0.60x  cos=1.00000 <-- best
   cfg2:   226.0us  (171 TF/s)  cuBLAS/ct=0.54x  cos=1.00000
   cfg3:   245.4us  (157 TF/s)  cuBLAS/ct=0.49x  cos=1.00000
   cfg4:   192.0us  (201 TF/s)  cuBLAS/ct=0.63x  cos=1.00000 <-- best
   cfg5:   191.3us  (202 TF/s)  cuBLAS/ct=0.63x  cos=1.00000 <-- best
   cfg6:   214.7us  (180 TF/s)  cuBLAS/ct=0.57x  cos=1.00000
   cfg7:   231.2us  (167 TF/s)  cuBLAS/ct=0.53x  cos=1.00000
   => BEST cfg5 191.3us (cuBLAS 121.5us)

## M=32768 K=768 N=1536  (77 GF)   cuBLAS=223.1us (347 TF/s)
   cfg0:   401.8us  (192 TF/s)  cuBLAS/ct=0.56x  cos=1.00000 <-- best
   cfg1:   369.7us  (209 TF/s)  cuBLAS/ct=0.60x  cos=1.00000 <-- best
   cfg2:   421.8us  (183 TF/s)  cuBLAS/ct=0.53x  cos=1.00000
   cfg3:   448.7us  (172 TF/s)  cuBLAS/ct=0.50x  cos=1.00000
   cfg4:   382.5us  (202 TF/s)  cuBLAS/ct=0.58x  cos=1.00000
   cfg5:   361.9us  (214 TF/s)  cuBLAS/ct=0.62x  cos=1.00000 <-- best
   cfg6:   451.2us  (171 TF/s)  cuBLAS/ct=0.49x  cos=1.00000
   cfg7:   439.6us  (176 TF/s)  cuBLAS/ct=0.51x  cos=1.00000
   => BEST cfg5 361.9us (cuBLAS 223.1us)

## M=262144 K=128 N=128  (9 GF)   cuBLAS=103.0us (83 TF/s)
   cfg0:   162.9us  ( 53 TF/s)  cuBLAS/ct=0.63x  cos=1.00000 <-- best
   cfg1:   165.2us  ( 52 TF/s)  cuBLAS/ct=0.62x  cos=1.00000
   cfg2:   184.4us  ( 47 TF/s)  cuBLAS/ct=0.56x  cos=1.00000
   cfg3:   178.8us  ( 48 TF/s)  cuBLAS/ct=0.58x  cos=1.00000
   cfg4:   189.1us  ( 45 TF/s)  cuBLAS/ct=0.54x  cos=1.00000
   cfg5:   181.7us  ( 47 TF/s)  cuBLAS/ct=0.57x  cos=1.00000
   cfg6:   160.0us  ( 54 TF/s)  cuBLAS/ct=0.64x  cos=1.00000 <-- best
   cfg7:   153.9us  ( 56 TF/s)  cuBLAS/ct=0.67x  cos=1.00000 <-- best
   => BEST cfg7 153.9us (cuBLAS 103.0us)

## M=262144 K=128 N=256  (17 GF)   cuBLAS=157.6us (109 TF/s)
   cfg0:   300.2us  ( 57 TF/s)  cuBLAS/ct=0.52x  cos=1.00000 <-- best
   cfg1:   305.1us  ( 56 TF/s)  cuBLAS/ct=0.52x  cos=1.00000
   cfg2:   311.6us  ( 55 TF/s)  cuBLAS/ct=0.51x  cos=1.00000
   cfg3:   319.7us  ( 54 TF/s)  cuBLAS/ct=0.49x  cos=1.00000
   cfg4:   305.4us  ( 56 TF/s)  cuBLAS/ct=0.52x  cos=1.00000
   cfg5:   305.6us  ( 56 TF/s)  cuBLAS/ct=0.52x  cos=1.00000
   cfg6:   300.9us  ( 57 TF/s)  cuBLAS/ct=0.52x  cos=1.00000
   cfg7:   281.2us  ( 61 TF/s)  cuBLAS/ct=0.56x  cos=1.00000 <-- best
   => BEST cfg7 281.2us (cuBLAS 157.6us)
DONE
EXIT=0
