host=node01
/home/psk6950/miniworld-kernels/.pixi/envs/default/bin/nvcc
Build cuda_12.8.r12.8/compiler.35583870_0
building (nvcc, CUTLASS templates — slow)...
[1/2] /home/psk6950/miniworld-kernels/.pixi/envs/default/bin/nvcc --generate-dependencies-with-compile --dependency-output gemm_tf32.cuda.o.d -DTORCH_EXTENSION_NAME=adaln_cutlass_tf32 -DTORCH_API_INCLUDE_EXTENSION_H -I/home/psk6950/miniworld-kernels/_ct_cutlass/cutlass/include -I/home/psk6950/miniworld-kernels/_ct_cutlass/cutlass/tools/util/include -isystem /home/psk6950/miniworld-kernels/.pixi/envs/default/lib/python3.12/site-packages/torch/include -isystem /home/psk6950/miniworld-kernels/.pixi/envs/default/lib/python3.12/site-packages/torch/include/torch/csrc/api/include -isystem /home/psk6950/miniworld-kernels/.pixi/envs/default/include -isystem /home/psk6950/miniworld-kernels/.pixi/envs/default/include/python3.12 -D__CUDA_NO_HALF_OPERATORS__ -D__CUDA_NO_HALF_CONVERSIONS__ -D__CUDA_NO_BFLOAT16_CONVERSIONS__ -D__CUDA_NO_HALF2_OPERATORS__ --expt-relaxed-constexpr --compiler-options '-fPIC' -O3 -std=c++17 -arch=sm_90a --expt-relaxed-constexpr --expt-extended-lambda -DCUTLASS_ENABLE_TENSOR_CORE_MMA=1 -DNDEBUG -c /home/psk6950/miniworld-kernels/src/miniworld_kernels/kernels/adaln/cutlass/gemm_tf32.cu -o gemm_tf32.cuda.o 
FAILED: [code=2] gemm_tf32.cuda.o 
/home/psk6950/miniworld-kernels/.pixi/envs/default/bin/nvcc --generate-dependencies-with-compile --dependency-output gemm_tf32.cuda.o.d -DTORCH_EXTENSION_NAME=adaln_cutlass_tf32 -DTORCH_API_INCLUDE_EXTENSION_H -I/home/psk6950/miniworld-kernels/_ct_cutlass/cutlass/include -I/home/psk6950/miniworld-kernels/_ct_cutlass/cutlass/tools/util/include -isystem /home/psk6950/miniworld-kernels/.pixi/envs/default/lib/python3.12/site-packages/torch/include -isystem /home/psk6950/miniworld-kernels/.pixi/envs/default/lib/python3.12/site-packages/torch/include/torch/csrc/api/include -isystem /home/psk6950/miniworld-kernels/.pixi/envs/default/include -isystem /home/psk6950/miniworld-kernels/.pixi/envs/default/include/python3.12 -D__CUDA_NO_HALF_OPERATORS__ -D__CUDA_NO_HALF_CONVERSIONS__ -D__CUDA_NO_BFLOAT16_CONVERSIONS__ -D__CUDA_NO_HALF2_OPERATORS__ --expt-relaxed-constexpr --compiler-options '-fPIC' -O3 -std=c++17 -arch=sm_90a --expt-relaxed-constexpr --expt-extended-lambda -DCUTLASS_ENABLE_TENSOR_CORE_MMA=1 -DNDEBUG -c /home/psk6950/miniworld-kernels/src/miniworld_kernels/kernels/adaln/cutlass/gemm_tf32.cu -o gemm_tf32.cuda.o 
/home/psk6950/miniworld-kernels/src/miniworld_kernels/kernels/adaln/cutlass/gemm_tf32.cu(68): error: namespace "cutlass" has no member "make_cute_packed_stride"
    StrideA sA = cutlass::make_cute_packed_stride(StrideA{}, cute::make_shape(M, K, 1));
                          ^

/home/psk6950/miniworld-kernels/src/miniworld_kernels/kernels/adaln/cutlass/gemm_tf32.cu(69): error: namespace "cutlass" has no member "make_cute_packed_stride"
    StrideB sB = cutlass::make_cute_packed_stride(StrideB{}, cute::make_shape(N, K, 1));
                          ^

/home/psk6950/miniworld-kernels/src/miniworld_kernels/kernels/adaln/cutlass/gemm_tf32.cu(70): error: namespace "cutlass" has no member "make_cute_packed_stride"
    StrideC sC = cutlass::make_cute_packed_stride(StrideC{}, cute::make_shape(M, N, 1));
                          ^

/home/psk6950/miniworld-kernels/src/miniworld_kernels/kernels/adaln/cutlass/gemm_tf32.cu(71): error: namespace "cutlass" has no member "make_cute_packed_stride"
    StrideD sD = cutlass::make_cute_packed_stride(StrideD{}, cute::make_shape(M, N, 1));
                          ^

/home/psk6950/miniworld-kernels/src/miniworld_kernels/kernels/adaln/cutlass/gemm_tf32.cu(75): error: no instance of constructor "cute::tuple<T...>::tuple [with T=<int32_t, int32_t, int32_t>]" matches the argument list
            argument types are: (int, int, int, int)
        {M, N, K, 1},
        ^
/home/psk6950/miniworld-kernels/_ct_cutlass/cutlass/include/cute/container/tuple.hpp(182): note #3322-D: number of parameters of function "cute::tuple<T...>::tuple(const cute::tuple<int32_t, int32_t, int32_t> &) noexcept [with T=<int32_t, int32_t, int32_t>]" does not match the call
  struct tuple : detail::TupleBase<make_index_sequence<sizeof...(T)>, T...>
         ^
/home/psk6950/miniworld-kernels/_ct_cutlass/cutlass/include/cute/container/tuple.hpp(182): note #3322-D: number of parameters of function "cute::tuple<T...>::tuple(cute::tuple<int32_t, int32_t, int32_t> &&) noexcept [with T=<int32_t, int32_t, int32_t>]" does not match the call
  struct tuple : detail::TupleBase<make_index_sequence<sizeof...(T)>, T...>
         ^
/home/psk6950/miniworld-kernels/_ct_cutlass/cutlass/include/cute/container/tuple.hpp(188): note #3322-D: number of parameters of function "cute::tuple<T...>::tuple(const T &...) [with T=<int32_t, int32_t, int32_t>]" does not match the call
    tuple(T const&... t) : detail::TupleBase<make_index_sequence<sizeof...(T)>, T...>(t...) {}
    ^
/home/psk6950/miniworld-kernels/_ct_cutlass/cutlass/include/cute/container/tuple.hpp(185): note #3322-D: number of parameters of function "cute::tuple<T...>::tuple() [with T=<int32_t, int32_t, int32_t>]" does not match the call
    tuple() {}
    ^

5 errors detected in the compilation of "/home/psk6950/miniworld-kernels/src/miniworld_kernels/kernels/adaln/cutlass/gemm_tf32.cu".
ninja: build stopped: subcommand failed.
Traceback (most recent call last):
  File "/home/psk6950/miniworld-kernels/.pixi/envs/default/lib/python3.12/site-packages/torch/utils/cpp_extension.py", line 2693, in _run_ninja_build
    subprocess.run(
  File "/home/psk6950/miniworld-kernels/.pixi/envs/default/lib/python3.12/subprocess.py", line 571, in run
    raise CalledProcessError(retcode, process.args,
subprocess.CalledProcessError: Command '['ninja', '-v']' returned non-zero exit status 2.

The above exception was the direct cause of the following exception:

Traceback (most recent call last):
  File "/home/psk6950/miniworld-kernels/src/miniworld_kernels/kernels/adaln/cutlass/build_test.py", line 13, in <module>
    mod = load(
          ^^^^^
  File "/home/psk6950/miniworld-kernels/.pixi/envs/default/lib/python3.12/site-packages/torch/utils/cpp_extension.py", line 1767, in load
    return _jit_compile(
           ^^^^^^^^^^^^^
  File "/home/psk6950/miniworld-kernels/.pixi/envs/default/lib/python3.12/site-packages/torch/utils/cpp_extension.py", line 2207, in _jit_compile
    _write_ninja_file_and_build_library(
  File "/home/psk6950/miniworld-kernels/.pixi/envs/default/lib/python3.12/site-packages/torch/utils/cpp_extension.py", line 2362, in _write_ninja_file_and_build_library
    _run_ninja_build(
  File "/home/psk6950/miniworld-kernels/.pixi/envs/default/lib/python3.12/site-packages/torch/utils/cpp_extension.py", line 2710, in _run_ninja_build
    raise RuntimeError(message) from e
RuntimeError: Error building extension 'adaln_cutlass_tf32'
EXIT=1
