host=node01  date=Sat Jun 27 11:48:14 KST 2026
torch 2.10.0+cu128 NVIDIA H100 80GB HBM3

############################################################
# token fp32 fwd eager :: scripts/bench.py kernel=adaptive_layernorm d_single_token=768 min_seq_len=384 max_seq_len=1024 seq_len_step=128 compile=false
############################################################
/home/psk6950/miniworld-kernels/.pixi/envs/default/lib/python3.12/site-packages/torch/jit/_script.py:1480: DeprecationWarning: `torch.jit.script` is deprecated. Please switch to `torch.compile` or `torch.export`.
  warnings.warn(
/home/psk6950/miniworld-kernels/.pixi/envs/default/lib/python3.12/site-packages/lightning/fabric/plugins/environments/slurm.py:204: The `srun` command is available on your system but is not used. HINT: If your intention is to run Lightning on SLURM, prepend your python command with `srun` like so: srun python scripts/bench.py kernel=adaptive_layernorm implement ...
adaptive_layernorm_n_layers=1_forward_time_32:
   seq_len  pytorch (Time (ms))  triton (Time (ms))
0    384.0             0.288672            0.371200
1    512.0             0.370944            0.486720
2    640.0             0.443072            0.607360
3    768.0             0.533152            0.723936
4    896.0             0.610048            0.856272
5   1024.0             0.693648            0.971488

Triton autotune summary
miniworld_kernels.kernels.adaln.triton.main.adaln_bwd_input_kernel
  no cache entries captured

miniworld_kernels.kernels.adaln.triton.main.adaln_bwd_lnw_kernel
  no cache entries captured

miniworld_kernels.kernels.adaln.triton.main.adaln_bwd_weight_kernel
  no cache entries captured

miniworld_kernels.kernels.adaln.triton.main.adaln_fwd_kernel
  key=(768, 768, float32, float32, float32, float32, float32, float32, float32, float32, float32, float32, float32, float32) -> BLOCK_M=32, BLOCK_NC=64, BLOCK_NX=128, num_warps=8, num_stages=3
[exit=0]

############################################################
# token fp32 fwd compile :: scripts/bench.py kernel=adaptive_layernorm d_single_token=768 min_seq_len=384 max_seq_len=1024 seq_len_step=128 compile=true
############################################################
/home/psk6950/miniworld-kernels/.pixi/envs/default/lib/python3.12/site-packages/torch/jit/_script.py:1480: DeprecationWarning: `torch.jit.script` is deprecated. Please switch to `torch.compile` or `torch.export`.
  warnings.warn(
/home/psk6950/miniworld-kernels/.pixi/envs/default/lib/python3.12/site-packages/lightning/fabric/plugins/environments/slurm.py:204: The `srun` command is available on your system but is not used. HINT: If your intention is to run Lightning on SLURM, prepend your python command with `srun` like so: srun python scripts/bench.py kernel=adaptive_layernorm implement ...
/home/psk6950/miniworld-kernels/.pixi/envs/default/lib/python3.12/site-packages/torch/jit/_script.py:362: DeprecationWarning: `torch.jit.script_method` is deprecated. Please switch to `torch.compile` or `torch.export`.
  warnings.warn(
adaptive_layernorm_n_layers=1_forward_time_32_compile:
   seq_len  pytorch (Time (ms))  triton (Time (ms))
0    384.0             0.180224            0.370240
1    512.0             0.236704            0.495872
2    640.0             0.276096            0.613504
3    768.0             0.335808            0.733616
4    896.0             0.382848            0.852352
5   1024.0             0.434752            0.969904

Triton autotune summary
miniworld_kernels.kernels.adaln.triton.main.adaln_bwd_input_kernel
  no cache entries captured

miniworld_kernels.kernels.adaln.triton.main.adaln_bwd_lnw_kernel
  no cache entries captured

miniworld_kernels.kernels.adaln.triton.main.adaln_bwd_weight_kernel
  no cache entries captured

miniworld_kernels.kernels.adaln.triton.main.adaln_fwd_kernel
  key=(768, 768, float32, float32, float32, float32, float32, float32, float32, float32, float32, float32, float32, float32) -> BLOCK_M=32, BLOCK_NC=64, BLOCK_NX=128, num_warps=8, num_stages=3
[exit=0]

############################################################
# atom fp32 fwd eager :: scripts/bench.py kernel=adaptive_layernorm d_single_token=128 min_seq_len=2048 max_seq_len=8192 seq_len_step=2048 compile=false
############################################################
/home/psk6950/miniworld-kernels/.pixi/envs/default/lib/python3.12/site-packages/torch/jit/_script.py:1480: DeprecationWarning: `torch.jit.script` is deprecated. Please switch to `torch.compile` or `torch.export`.
  warnings.warn(
/home/psk6950/miniworld-kernels/.pixi/envs/default/lib/python3.12/site-packages/lightning/fabric/plugins/environments/slurm.py:204: The `srun` command is available on your system but is not used. HINT: If your intention is to run Lightning on SLURM, prepend your python command with `srun` like so: srun python scripts/bench.py kernel=adaptive_layernorm implement ...
adaptive_layernorm_n_layers=1_forward_time_32:
   seq_len  pytorch (Time (ms))  triton (Time (ms))
0   2048.0             0.355248            0.119264
1   4096.0             0.672976            0.218752
2   6144.0             0.988048            0.316752
3   8192.0             1.298960            0.414144

Triton autotune summary
miniworld_kernels.kernels.adaln.triton.main.adaln_bwd_input_kernel
  no cache entries captured

miniworld_kernels.kernels.adaln.triton.main.adaln_bwd_lnw_kernel
  no cache entries captured

miniworld_kernels.kernels.adaln.triton.main.adaln_bwd_weight_kernel
  no cache entries captured

miniworld_kernels.kernels.adaln.triton.main.adaln_fwd_kernel
  key=(128, 128, float32, float32, float32, float32, float32, float32, float32, float32, float32, float32, float32, float32) -> BLOCK_M=32, BLOCK_NC=64, BLOCK_NX=64, num_warps=4, num_stages=3
[exit=0]

############################################################
# atom fp32 fwd compile :: scripts/bench.py kernel=adaptive_layernorm d_single_token=128 min_seq_len=2048 max_seq_len=8192 seq_len_step=2048 compile=true
############################################################
/home/psk6950/miniworld-kernels/.pixi/envs/default/lib/python3.12/site-packages/torch/jit/_script.py:1480: DeprecationWarning: `torch.jit.script` is deprecated. Please switch to `torch.compile` or `torch.export`.
  warnings.warn(
/home/psk6950/miniworld-kernels/.pixi/envs/default/lib/python3.12/site-packages/lightning/fabric/plugins/environments/slurm.py:204: The `srun` command is available on your system but is not used. HINT: If your intention is to run Lightning on SLURM, prepend your python command with `srun` like so: srun python scripts/bench.py kernel=adaptive_layernorm implement ...
/home/psk6950/miniworld-kernels/.pixi/envs/default/lib/python3.12/site-packages/torch/jit/_script.py:362: DeprecationWarning: `torch.jit.script_method` is deprecated. Please switch to `torch.compile` or `torch.export`.
  warnings.warn(
adaptive_layernorm_n_layers=1_forward_time_32_compile:
   seq_len  pytorch (Time (ms))  triton (Time (ms))
0   2048.0             0.130496            0.119648
1   4096.0             0.251360            0.223232
2   6144.0             0.363776            0.319712
3   8192.0             0.475040            0.416448

Triton autotune summary
miniworld_kernels.kernels.adaln.triton.main.adaln_bwd_input_kernel
  no cache entries captured

miniworld_kernels.kernels.adaln.triton.main.adaln_bwd_lnw_kernel
  no cache entries captured

miniworld_kernels.kernels.adaln.triton.main.adaln_bwd_weight_kernel
  no cache entries captured

miniworld_kernels.kernels.adaln.triton.main.adaln_fwd_kernel
  key=(128, 128, float32, float32, float32, float32, float32, float32, float32, float32, float32, float32, float32, float32) -> BLOCK_M=32, BLOCK_NC=64, BLOCK_NX=64, num_warps=4, num_stages=3
[exit=0]

ALL ADALN BASELINE BENCHES DONE
