host=node01  date=Sat Jun 27 11:45:50 KST 2026
torch 2.10.0+cu128 NVIDIA H100 80GB HBM3

############################################################
# token fp32 fwd eager :: scripts/bench.py kernel=adaptive_layernorm d_single_token=768 min_seq_len=384 max_seq_len=1024 seq_len_step=128 compile=false
############################################################
/home/psk6950/miniworld-kernels/.pixi/envs/default/lib/python3.12/site-packages/torch/jit/_script.py:1480: DeprecationWarning: `torch.jit.script` is deprecated. Please switch to `torch.compile` or `torch.export`.
  warnings.warn(
/home/psk6950/miniworld-kernels/.pixi/envs/default/lib/python3.12/site-packages/lightning/fabric/plugins/environments/slurm.py:204: The `srun` command is available on your system but is not used. HINT: If your intention is to run Lightning on SLURM, prepend your python command with `srun` like so: srun python scripts/bench.py kernel=adaptive_layernorm implement ...
Error executing job with overrides: ['kernel=adaptive_layernorm', 'implementations=[pytorch,triton]', 'mode=forward', 'metric=time', 'precision=32', 'd_single_token=768', 'min_seq_len=384', 'max_seq_len=1024', 'seq_len_step=128', 'compile=false']
Traceback (most recent call last):
  File "/home/psk6950/miniworld-kernels/scripts/bench.py", line 670, in <module>
    main()
  File "/home/psk6950/miniworld-kernels/.pixi/envs/default/lib/python3.12/site-packages/hydra/main.py", line 94, in decorated_main
    _run_hydra(
  File "/home/psk6950/miniworld-kernels/.pixi/envs/default/lib/python3.12/site-packages/hydra/_internal/utils.py", line 394, in _run_hydra
    _run_app(
  File "/home/psk6950/miniworld-kernels/.pixi/envs/default/lib/python3.12/site-packages/hydra/_internal/utils.py", line 457, in _run_app
    run_and_report(
  File "/home/psk6950/miniworld-kernels/.pixi/envs/default/lib/python3.12/site-packages/hydra/_internal/utils.py", line 223, in run_and_report
    raise ex
  File "/home/psk6950/miniworld-kernels/.pixi/envs/default/lib/python3.12/site-packages/hydra/_internal/utils.py", line 220, in run_and_report
    return func()
           ^^^^^^
  File "/home/psk6950/miniworld-kernels/.pixi/envs/default/lib/python3.12/site-packages/hydra/_internal/utils.py", line 458, in <lambda>
    lambda: hydra.run(
            ^^^^^^^^^^
  File "/home/psk6950/miniworld-kernels/.pixi/envs/default/lib/python3.12/site-packages/hydra/_internal/hydra.py", line 132, in run
    _ = ret.return_value
        ^^^^^^^^^^^^^^^^
  File "/home/psk6950/miniworld-kernels/.pixi/envs/default/lib/python3.12/site-packages/hydra/core/utils.py", line 260, in return_value
    raise self._return_value
  File "/home/psk6950/miniworld-kernels/.pixi/envs/default/lib/python3.12/site-packages/hydra/core/utils.py", line 186, in run_job
    ret.return_value = task_function(task_cfg)
                       ^^^^^^^^^^^^^^^^^^^^^^^
  File "/home/psk6950/miniworld-kernels/scripts/bench.py", line 647, in main
    bench_with_reset.run(
  File "/home/psk6950/miniworld-kernels/.pixi/envs/default/lib/python3.12/site-packages/triton/testing.py", line 392, in run
    result_dfs.append(self._run(bench, save_path, show_plots, print_data, **kwargs))
                      ^^^^^^^^^^^^^^^^^^^^^^^^^^^^^^^^^^^^^^^^^^^^^^^^^^^^^^^^^^^^^
  File "/home/psk6950/miniworld-kernels/.pixi/envs/default/lib/python3.12/site-packages/triton/testing.py", line 322, in _run
    import pandas as pd
ModuleNotFoundError: No module named 'pandas'
[exit=1]

############################################################
# token fp32 fwd compile :: scripts/bench.py kernel=adaptive_layernorm d_single_token=768 min_seq_len=384 max_seq_len=1024 seq_len_step=128 compile=true
############################################################
/home/psk6950/miniworld-kernels/.pixi/envs/default/lib/python3.12/site-packages/torch/jit/_script.py:1480: DeprecationWarning: `torch.jit.script` is deprecated. Please switch to `torch.compile` or `torch.export`.
  warnings.warn(
/home/psk6950/miniworld-kernels/.pixi/envs/default/lib/python3.12/site-packages/lightning/fabric/plugins/environments/slurm.py:204: The `srun` command is available on your system but is not used. HINT: If your intention is to run Lightning on SLURM, prepend your python command with `srun` like so: srun python scripts/bench.py kernel=adaptive_layernorm implement ...
Error executing job with overrides: ['kernel=adaptive_layernorm', 'implementations=[pytorch,triton]', 'mode=forward', 'metric=time', 'precision=32', 'd_single_token=768', 'min_seq_len=384', 'max_seq_len=1024', 'seq_len_step=128', 'compile=true']
Traceback (most recent call last):
  File "/home/psk6950/miniworld-kernels/scripts/bench.py", line 670, in <module>
    main()
  File "/home/psk6950/miniworld-kernels/.pixi/envs/default/lib/python3.12/site-packages/hydra/main.py", line 94, in decorated_main
    _run_hydra(
  File "/home/psk6950/miniworld-kernels/.pixi/envs/default/lib/python3.12/site-packages/hydra/_internal/utils.py", line 394, in _run_hydra
    _run_app(
  File "/home/psk6950/miniworld-kernels/.pixi/envs/default/lib/python3.12/site-packages/hydra/_internal/utils.py", line 457, in _run_app
    run_and_report(
  File "/home/psk6950/miniworld-kernels/.pixi/envs/default/lib/python3.12/site-packages/hydra/_internal/utils.py", line 223, in run_and_report
    raise ex
  File "/home/psk6950/miniworld-kernels/.pixi/envs/default/lib/python3.12/site-packages/hydra/_internal/utils.py", line 220, in run_and_report
    return func()
           ^^^^^^
  File "/home/psk6950/miniworld-kernels/.pixi/envs/default/lib/python3.12/site-packages/hydra/_internal/utils.py", line 458, in <lambda>
    lambda: hydra.run(
            ^^^^^^^^^^
  File "/home/psk6950/miniworld-kernels/.pixi/envs/default/lib/python3.12/site-packages/hydra/_internal/hydra.py", line 132, in run
    _ = ret.return_value
        ^^^^^^^^^^^^^^^^
  File "/home/psk6950/miniworld-kernels/.pixi/envs/default/lib/python3.12/site-packages/hydra/core/utils.py", line 260, in return_value
    raise self._return_value
  File "/home/psk6950/miniworld-kernels/.pixi/envs/default/lib/python3.12/site-packages/hydra/core/utils.py", line 186, in run_job
    ret.return_value = task_function(task_cfg)
                       ^^^^^^^^^^^^^^^^^^^^^^^
  File "/home/psk6950/miniworld-kernels/scripts/bench.py", line 647, in main
    bench_with_reset.run(
  File "/home/psk6950/miniworld-kernels/.pixi/envs/default/lib/python3.12/site-packages/triton/testing.py", line 392, in run
    result_dfs.append(self._run(bench, save_path, show_plots, print_data, **kwargs))
                      ^^^^^^^^^^^^^^^^^^^^^^^^^^^^^^^^^^^^^^^^^^^^^^^^^^^^^^^^^^^^^
  File "/home/psk6950/miniworld-kernels/.pixi/envs/default/lib/python3.12/site-packages/triton/testing.py", line 322, in _run
    import pandas as pd
ModuleNotFoundError: No module named 'pandas'
[exit=1]

############################################################
# atom fp32 fwd eager :: scripts/bench.py kernel=adaptive_layernorm d_single_token=128 min_seq_len=2048 max_seq_len=8192 seq_len_step=2048 compile=false
############################################################
/home/psk6950/miniworld-kernels/.pixi/envs/default/lib/python3.12/site-packages/torch/jit/_script.py:1480: DeprecationWarning: `torch.jit.script` is deprecated. Please switch to `torch.compile` or `torch.export`.
  warnings.warn(
/home/psk6950/miniworld-kernels/.pixi/envs/default/lib/python3.12/site-packages/lightning/fabric/plugins/environments/slurm.py:204: The `srun` command is available on your system but is not used. HINT: If your intention is to run Lightning on SLURM, prepend your python command with `srun` like so: srun python scripts/bench.py kernel=adaptive_layernorm implement ...
Error executing job with overrides: ['kernel=adaptive_layernorm', 'implementations=[pytorch,triton]', 'mode=forward', 'metric=time', 'precision=32', 'd_single_token=128', 'min_seq_len=2048', 'max_seq_len=8192', 'seq_len_step=2048', 'compile=false']
Traceback (most recent call last):
  File "/home/psk6950/miniworld-kernels/scripts/bench.py", line 670, in <module>
    main()
  File "/home/psk6950/miniworld-kernels/.pixi/envs/default/lib/python3.12/site-packages/hydra/main.py", line 94, in decorated_main
    _run_hydra(
  File "/home/psk6950/miniworld-kernels/.pixi/envs/default/lib/python3.12/site-packages/hydra/_internal/utils.py", line 394, in _run_hydra
    _run_app(
  File "/home/psk6950/miniworld-kernels/.pixi/envs/default/lib/python3.12/site-packages/hydra/_internal/utils.py", line 457, in _run_app
    run_and_report(
  File "/home/psk6950/miniworld-kernels/.pixi/envs/default/lib/python3.12/site-packages/hydra/_internal/utils.py", line 223, in run_and_report
    raise ex
  File "/home/psk6950/miniworld-kernels/.pixi/envs/default/lib/python3.12/site-packages/hydra/_internal/utils.py", line 220, in run_and_report
    return func()
           ^^^^^^
  File "/home/psk6950/miniworld-kernels/.pixi/envs/default/lib/python3.12/site-packages/hydra/_internal/utils.py", line 458, in <lambda>
    lambda: hydra.run(
            ^^^^^^^^^^
  File "/home/psk6950/miniworld-kernels/.pixi/envs/default/lib/python3.12/site-packages/hydra/_internal/hydra.py", line 132, in run
    _ = ret.return_value
        ^^^^^^^^^^^^^^^^
  File "/home/psk6950/miniworld-kernels/.pixi/envs/default/lib/python3.12/site-packages/hydra/core/utils.py", line 260, in return_value
    raise self._return_value
  File "/home/psk6950/miniworld-kernels/.pixi/envs/default/lib/python3.12/site-packages/hydra/core/utils.py", line 186, in run_job
    ret.return_value = task_function(task_cfg)
                       ^^^^^^^^^^^^^^^^^^^^^^^
  File "/home/psk6950/miniworld-kernels/scripts/bench.py", line 647, in main
    bench_with_reset.run(
  File "/home/psk6950/miniworld-kernels/.pixi/envs/default/lib/python3.12/site-packages/triton/testing.py", line 392, in run
    result_dfs.append(self._run(bench, save_path, show_plots, print_data, **kwargs))
                      ^^^^^^^^^^^^^^^^^^^^^^^^^^^^^^^^^^^^^^^^^^^^^^^^^^^^^^^^^^^^^
  File "/home/psk6950/miniworld-kernels/.pixi/envs/default/lib/python3.12/site-packages/triton/testing.py", line 322, in _run
    import pandas as pd
ModuleNotFoundError: No module named 'pandas'
[exit=1]

############################################################
# atom fp32 fwd compile :: scripts/bench.py kernel=adaptive_layernorm d_single_token=128 min_seq_len=2048 max_seq_len=8192 seq_len_step=2048 compile=true
############################################################
/home/psk6950/miniworld-kernels/.pixi/envs/default/lib/python3.12/site-packages/torch/jit/_script.py:1480: DeprecationWarning: `torch.jit.script` is deprecated. Please switch to `torch.compile` or `torch.export`.
  warnings.warn(
/home/psk6950/miniworld-kernels/.pixi/envs/default/lib/python3.12/site-packages/lightning/fabric/plugins/environments/slurm.py:204: The `srun` command is available on your system but is not used. HINT: If your intention is to run Lightning on SLURM, prepend your python command with `srun` like so: srun python scripts/bench.py kernel=adaptive_layernorm implement ...
Error executing job with overrides: ['kernel=adaptive_layernorm', 'implementations=[pytorch,triton]', 'mode=forward', 'metric=time', 'precision=32', 'd_single_token=128', 'min_seq_len=2048', 'max_seq_len=8192', 'seq_len_step=2048', 'compile=true']
Traceback (most recent call last):
  File "/home/psk6950/miniworld-kernels/scripts/bench.py", line 670, in <module>
    main()
  File "/home/psk6950/miniworld-kernels/.pixi/envs/default/lib/python3.12/site-packages/hydra/main.py", line 94, in decorated_main
    _run_hydra(
  File "/home/psk6950/miniworld-kernels/.pixi/envs/default/lib/python3.12/site-packages/hydra/_internal/utils.py", line 394, in _run_hydra
    _run_app(
  File "/home/psk6950/miniworld-kernels/.pixi/envs/default/lib/python3.12/site-packages/hydra/_internal/utils.py", line 457, in _run_app
    run_and_report(
  File "/home/psk6950/miniworld-kernels/.pixi/envs/default/lib/python3.12/site-packages/hydra/_internal/utils.py", line 223, in run_and_report
    raise ex
  File "/home/psk6950/miniworld-kernels/.pixi/envs/default/lib/python3.12/site-packages/hydra/_internal/utils.py", line 220, in run_and_report
    return func()
           ^^^^^^
  File "/home/psk6950/miniworld-kernels/.pixi/envs/default/lib/python3.12/site-packages/hydra/_internal/utils.py", line 458, in <lambda>
    lambda: hydra.run(
            ^^^^^^^^^^
  File "/home/psk6950/miniworld-kernels/.pixi/envs/default/lib/python3.12/site-packages/hydra/_internal/hydra.py", line 132, in run
    _ = ret.return_value
        ^^^^^^^^^^^^^^^^
  File "/home/psk6950/miniworld-kernels/.pixi/envs/default/lib/python3.12/site-packages/hydra/core/utils.py", line 260, in return_value
    raise self._return_value
  File "/home/psk6950/miniworld-kernels/.pixi/envs/default/lib/python3.12/site-packages/hydra/core/utils.py", line 186, in run_job
    ret.return_value = task_function(task_cfg)
                       ^^^^^^^^^^^^^^^^^^^^^^^
  File "/home/psk6950/miniworld-kernels/scripts/bench.py", line 647, in main
    bench_with_reset.run(
  File "/home/psk6950/miniworld-kernels/.pixi/envs/default/lib/python3.12/site-packages/triton/testing.py", line 392, in run
    result_dfs.append(self._run(bench, save_path, show_plots, print_data, **kwargs))
                      ^^^^^^^^^^^^^^^^^^^^^^^^^^^^^^^^^^^^^^^^^^^^^^^^^^^^^^^^^^^^^
  File "/home/psk6950/miniworld-kernels/.pixi/envs/default/lib/python3.12/site-packages/triton/testing.py", line 322, in _run
    import pandas as pd
ModuleNotFoundError: No module named 'pandas'
[exit=1]

ALL ADALN BASELINE BENCHES DONE
