host=node01
building sweep2 (10 kernels)...
build OK

## M=32768 K=768 N=768 (39GF) cuBLAS=116.8us (331TF/s)
   cfg0: unsupported (-2)
   cfg1: unsupported (-2)
   cfg2: unsupported (-2)
   cfg3: unsupported (-2)
   cfg4: unsupported (-2)
   cfg5:  2093.9us ( 18TF/s) cuBLAS/ct=0.06x
   cfg6: unsupported (-2)
   cfg7: unsupported (-2)
   cfg8: unsupported (-2)
   cfg9: unsupported (-2)
   => BEST cfg5 2093.9us  ratio cuBLAS/ours=0.06x

## M=32768 K=768 N=1536 (77GF) cuBLAS=210.3us (368TF/s)
   cfg0: unsupported (-2)
   cfg1: unsupported (-2)
   cfg2: unsupported (-2)
   cfg3: unsupported (-2)
   cfg4: unsupported (-2)
   cfg5:  4211.9us ( 18TF/s) cuBLAS/ct=0.05x
   cfg6: unsupported (-2)
   cfg7: unsupported (-2)
   cfg8: unsupported (-2)
   cfg9: unsupported (-2)
   => BEST cfg5 4211.9us  ratio cuBLAS/ours=0.05x

## M=262144 K=128 N=256 (17GF) cuBLAS=153.9us (112TF/s)
   cfg0: unsupported (-2)
   cfg1: unsupported (-2)
   cfg2: unsupported (-2)
   cfg3: unsupported (-2)
   cfg4: unsupported (-2)
   cfg5:  1024.5us ( 17TF/s) cuBLAS/ct=0.15x
   cfg6: unsupported (-2)
   cfg7: unsupported (-2)
   cfg8: unsupported (-2)
   cfg9: unsupported (-2)
   => BEST cfg5 1024.5us  ratio cuBLAS/ours=0.15x
DONE
EXIT=0
