host=node01
building sweep (8 kernels — slow)...
Traceback (most recent call last):
  File "/home/psk6950/miniworld-kernels/.pixi/envs/default/lib/python3.12/site-packages/torch/utils/cpp_extension.py", line 2693, in _run_ninja_build
    subprocess.run(
  File "/home/psk6950/miniworld-kernels/.pixi/envs/default/lib/python3.12/subprocess.py", line 571, in run
    raise CalledProcessError(retcode, process.args,
subprocess.CalledProcessError: Command '['ninja', '-v']' returned non-zero exit status 2.

The above exception was the direct cause of the following exception:

Traceback (most recent call last):
  File "/home/psk6950/miniworld-kernels/src/miniworld_kernels/kernels/adaln/cutlass/bench_sweep.py", line 11, in <module>
    mod = load(name="adaln_cutlass_sweep", sources=[os.path.join(HERE, "gemm_sweep.cu")],
          ^^^^^^^^^^^^^^^^^^^^^^^^^^^^^^^^^^^^^^^^^^^^^^^^^^^^^^^^^^^^^^^^^^^^^^^^^^^^^^^
  File "/home/psk6950/miniworld-kernels/.pixi/envs/default/lib/python3.12/site-packages/torch/utils/cpp_extension.py", line 1767, in load
    return _jit_compile(
           ^^^^^^^^^^^^^
  File "/home/psk6950/miniworld-kernels/.pixi/envs/default/lib/python3.12/site-packages/torch/utils/cpp_extension.py", line 2207, in _jit_compile
    _write_ninja_file_and_build_library(
  File "/home/psk6950/miniworld-kernels/.pixi/envs/default/lib/python3.12/site-packages/torch/utils/cpp_extension.py", line 2362, in _write_ninja_file_and_build_library
    _run_ninja_build(
  File "/home/psk6950/miniworld-kernels/.pixi/envs/default/lib/python3.12/site-packages/torch/utils/cpp_extension.py", line 2710, in _run_ninja_build
    raise RuntimeError(message) from e
RuntimeError: Error building extension 'adaln_cutlass_sweep': [1/2] /home/psk6950/miniworld-kernels/.pixi/envs/default/bin/nvcc --generate-dependencies-with-compile --dependency-output gemm_sweep.cuda.o.d -DTORCH_EXTENSION_NAME=adaln_cutlass_sweep -DTORCH_API_INCLUDE_EXTENSION_H -I/home/psk6950/miniworld-kernels/_ct_cutlass/cutlass/include -I/home/psk6950/miniworld-kernels/_ct_cutlass/cutlass/tools/util/include -isystem /home/psk6950/miniworld-kernels/.pixi/envs/default/lib/python3.12/site-packages/torch/include -isystem /home/psk6950/miniworld-kernels/.pixi/envs/default/lib/python3.12/site-packages/torch/include/torch/csrc/api/include -isystem /home/psk6950/miniworld-kernels/.pixi/envs/default/include -isystem /home/psk6950/miniworld-kernels/.pixi/envs/default/include/python3.12 -D__CUDA_NO_HALF_OPERATORS__ -D__CUDA_NO_HALF_CONVERSIONS__ -D__CUDA_NO_BFLOAT16_CONVERSIONS__ -D__CUDA_NO_HALF2_OPERATORS__ --expt-relaxed-constexpr --compiler-options '-fPIC' -O3 -std=c++17 -arch=sm_90a --expt-relaxed-constexpr --expt-extended-lambda -DNDEBUG -c /home/psk6950/miniworld-kernels/src/miniworld_kernels/kernels/adaln/cutlass/gemm_sweep.cu -o gemm_sweep.cuda.o 
FAILED: [code=2] gemm_sweep.cuda.o 
/home/psk6950/miniworld-kernels/.pixi/envs/default/bin/nvcc --generate-dependencies-with-compile --dependency-output gemm_sweep.cuda.o.d -DTORCH_EXTENSION_NAME=adaln_cutlass_sweep -DTORCH_API_INCLUDE_EXTENSION_H -I/home/psk6950/miniworld-kernels/_ct_cutlass/cutlass/include -I/home/psk6950/miniworld-kernels/_ct_cutlass/cutlass/tools/util/include -isystem /home/psk6950/miniworld-kernels/.pixi/envs/default/lib/python3.12/site-packages/torch/include -isystem /home/psk6950/miniworld-kernels/.pixi/envs/default/lib/python3.12/site-packages/torch/include/torch/csrc/api/include -isystem /home/psk6950/miniworld-kernels/.pixi/envs/default/include -isystem /home/psk6950/miniworld-kernels/.pixi/envs/default/include/python3.12 -D__CUDA_NO_HALF_OPERATORS__ -D__CUDA_NO_HALF_CONVERSIONS__ -D__CUDA_NO_BFLOAT16_CONVERSIONS__ -D__CUDA_NO_HALF2_OPERATORS__ --expt-relaxed-constexpr --compiler-options '-fPIC' -O3 -std=c++17 -arch=sm_90a --expt-relaxed-constexpr --expt-extended-lambda -DNDEBUG -c /home/psk6950/miniworld-kernels/src/miniworld_kernels/kernels/adaln/cutlass/gemm_sweep.cu -o gemm_sweep.cuda.o 
/home/psk6950/miniworld-kernels/src/miniworld_kernels/kernels/adaln/cutlass/gemm_sweep.cu(65): error: no instance of function template "pybind11::module_::def" matches the argument list
            argument types are: (const char [5], <unknown-type>)
            object type is: pybind11::module_
                                        {m.def("gemm",&gemm);m.def("n_cfg",&n_cfg);}
                                           ^
/home/psk6950/miniworld-kernels/.pixi/envs/default/lib/python3.12/site-packages/torch/include/pybind11/pybind11.h(1436): note #3327-D: candidate function template "pybind11::module_::def" failed deduction
      module_ &def(const char *name_, Func &&f, const Extra &...extra) {
               ^

1 error detected in the compilation of "/home/psk6950/miniworld-kernels/src/miniworld_kernels/kernels/adaln/cutlass/gemm_sweep.cu".
ninja: build stopped: subcommand failed.

EXIT=1
