host=node01
building sweep (8 kernels — slow)...
build OK

## M=32768 K=768 N=768  (39 GF)   cuBLAS=116.7us (331 TF/s)  [kernel-only events]
   cfg0:   199.9us  (193 TF/s)  cuBLAS/ct=0.58x  cos=1.00000 <-- best
   cfg1:   197.4us  (196 TF/s)  cuBLAS/ct=0.59x  cos=1.00000 <-- best
   cfg2:   219.1us  (176 TF/s)  cuBLAS/ct=0.53x  cos=1.00000
   cfg3:   240.2us  (161 TF/s)  cuBLAS/ct=0.49x  cos=1.00000
   cfg4:   189.1us  (204 TF/s)  cuBLAS/ct=0.62x  cos=1.00000 <-- best
   cfg5:   190.8us  (203 TF/s)  cuBLAS/ct=0.61x  cos=1.00000
   cfg6:   213.2us  (181 TF/s)  cuBLAS/ct=0.55x  cos=1.00000
   cfg7:   229.8us  (168 TF/s)  cuBLAS/ct=0.51x  cos=1.00000
   => BEST cfg4 189.1us (cuBLAS 116.7us, ratio 0.62x)

## M=32768 K=768 N=1536  (77 GF)   cuBLAS=214.9us (360 TF/s)  [kernel-only events]
   cfg0:   404.6us  (191 TF/s)  cuBLAS/ct=0.53x  cos=1.00000 <-- best
   cfg1:   391.5us  (197 TF/s)  cuBLAS/ct=0.55x  cos=1.00000 <-- best
   cfg2:   420.9us  (184 TF/s)  cuBLAS/ct=0.51x  cos=1.00000
   cfg3:   450.7us  (172 TF/s)  cuBLAS/ct=0.48x  cos=1.00000
   cfg4:   375.3us  (206 TF/s)  cuBLAS/ct=0.57x  cos=1.00000 <-- best
   cfg5:   364.8us  (212 TF/s)  cuBLAS/ct=0.59x  cos=1.00000 <-- best
   cfg6:   451.3us  (171 TF/s)  cuBLAS/ct=0.48x  cos=1.00000
   cfg7:   439.6us  (176 TF/s)  cuBLAS/ct=0.49x  cos=1.00000
   => BEST cfg5 364.8us (cuBLAS 214.9us, ratio 0.59x)

## M=262144 K=128 N=128  (9 GF)   cuBLAS=100.4us (86 TF/s)  [kernel-only events]
   cfg0:   160.3us  ( 54 TF/s)  cuBLAS/ct=0.63x  cos=1.00000 <-- best
   cfg1:   162.0us  ( 53 TF/s)  cuBLAS/ct=0.62x  cos=1.00000
   cfg2:   181.2us  ( 47 TF/s)  cuBLAS/ct=0.55x  cos=1.00000
   cfg3:   174.8us  ( 49 TF/s)  cuBLAS/ct=0.57x  cos=1.00000
   cfg4:   189.1us  ( 45 TF/s)  cuBLAS/ct=0.53x  cos=1.00000
   cfg5:   181.4us  ( 47 TF/s)  cuBLAS/ct=0.55x  cos=1.00000
   cfg6:   156.9us  ( 55 TF/s)  cuBLAS/ct=0.64x  cos=1.00000 <-- best
   cfg7:   152.2us  ( 56 TF/s)  cuBLAS/ct=0.66x  cos=1.00000 <-- best
   => BEST cfg7 152.2us (cuBLAS 100.4us, ratio 0.66x)

## M=262144 K=128 N=256  (17 GF)   cuBLAS=154.1us (111 TF/s)  [kernel-only events]
   cfg0:   297.6us  ( 58 TF/s)  cuBLAS/ct=0.52x  cos=1.00000 <-- best
   cfg1:   300.6us  ( 57 TF/s)  cuBLAS/ct=0.51x  cos=1.00000
   cfg2:   308.8us  ( 56 TF/s)  cuBLAS/ct=0.50x  cos=1.00000
   cfg3:   317.9us  ( 54 TF/s)  cuBLAS/ct=0.48x  cos=1.00000
   cfg4:   302.2us  ( 57 TF/s)  cuBLAS/ct=0.51x  cos=1.00000
   cfg5:   303.3us  ( 57 TF/s)  cuBLAS/ct=0.51x  cos=1.00000
   cfg6:   299.3us  ( 57 TF/s)  cuBLAS/ct=0.51x  cos=1.00000
   cfg7:   278.3us  ( 62 TF/s)  cuBLAS/ct=0.55x  cos=1.00000 <-- best
   => BEST cfg7 278.3us (cuBLAS 154.1us, ratio 0.55x)
DONE
EXIT=0
