host=node01  date=Tue Jun 16 16:11:41 KST 2026
Traceback (most recent call last):
  File "<string>", line 1, in <module>
  File "/home/psk6950/FlashAttentionBias/.pixi/envs/default/lib/python3.12/site-packages/torch/cuda/__init__.py", line 666, in get_device_name
    return get_device_properties(device).name
           ^^^^^^^^^^^^^^^^^^^^^^^^^^^^^
  File "/home/psk6950/FlashAttentionBias/.pixi/envs/default/lib/python3.12/site-packages/torch/cuda/__init__.py", line 699, in get_device_properties
    _lazy_init()  # will define _get_device_properties
    ^^^^^^^^^^^^
  File "/home/psk6950/FlashAttentionBias/.pixi/envs/default/lib/python3.12/site-packages/torch/cuda/__init__.py", line 491, in _lazy_init
    torch._C._cuda_init()
RuntimeError: The NVIDIA driver on your system is too old (found version 12090). Please update your GPU driver by downloading and installing a new version from the URL: http://www.nvidia.com/Download/index.aspx Alternatively, go to: https://pytorch.org to install a PyTorch version that has been compiled with your version of the CUDA driver.

############################################################
# tm1/tm2 select: main vs miniworld
############################################################
/home/psk6950/FlashAttentionBias/.pixi/envs/default/lib/python3.12/site-packages/torch/cuda/__init__.py:187: UserWarning: CUDA initialization: The NVIDIA driver on your system is too old (found version 12090). Please update your GPU driver by downloading and installing a new version from the URL: http://www.nvidia.com/Download/index.aspx Alternatively, go to: https://pytorch.org to install a PyTorch version that has been compiled with your version of the CUDA driver. (Triggered internally at /pytorch/c10/cuda/CUDAFunctions.cpp:119.)
  return torch._C._cuda_getDeviceCount() > 0
Traceback (most recent call last):
  File "/home/psk6950/miniworld-kernels/tests/bench_select_triton.py", line 97, in <module>
    main()
  File "/home/psk6950/miniworld-kernels/tests/bench_select_triton.py", line 85, in main
    assert torch.cuda.is_available(), "needs a GPU"
           ^^^^^^^^^^^^^^^^^^^^^^^^^
AssertionError: needs a GPU
[exit=1]

############################################################
# tm1 per-op bench (pt/tn/nv/cu)
############################################################
/home/psk6950/FlashAttentionBias/.pixi/envs/default/lib/python3.12/site-packages/torch/cuda/__init__.py:187: UserWarning: CUDA initialization: The NVIDIA driver on your system is too old (found version 12090). Please update your GPU driver by downloading and installing a new version from the URL: http://www.nvidia.com/Download/index.aspx Alternatively, go to: https://pytorch.org to install a PyTorch version that has been compiled with your version of the CUDA driver. (Triggered internally at /pytorch/c10/cuda/CUDAFunctions.cpp:119.)
  return torch._C._cuda_getDeviceCount() > 0
Traceback (most recent call last):
  File "/home/psk6950/miniworld-kernels/src/miniworld_kernels/kernels/triangle_multiplication/tm1/benchmark/bench.py", line 120, in <module>
    main()
  File "/home/psk6950/miniworld-kernels/src/miniworld_kernels/kernels/triangle_multiplication/tm1/benchmark/bench.py", line 90, in main
    assert torch.cuda.is_available(), "tm1/bench.py needs a CUDA device"
           ^^^^^^^^^^^^^^^^^^^^^^^^^
AssertionError: tm1/bench.py needs a CUDA device
[exit=1]

############################################################
# tm2 per-op bench (pt/tn/nv/cu)
############################################################
/home/psk6950/FlashAttentionBias/.pixi/envs/default/lib/python3.12/site-packages/torch/cuda/__init__.py:187: UserWarning: CUDA initialization: The NVIDIA driver on your system is too old (found version 12090). Please update your GPU driver by downloading and installing a new version from the URL: http://www.nvidia.com/Download/index.aspx Alternatively, go to: https://pytorch.org to install a PyTorch version that has been compiled with your version of the CUDA driver. (Triggered internally at /pytorch/c10/cuda/CUDAFunctions.cpp:119.)
  return torch._C._cuda_getDeviceCount() > 0
Traceback (most recent call last):
  File "/home/psk6950/miniworld-kernels/src/miniworld_kernels/kernels/triangle_multiplication/tm2/benchmark/bench.py", line 108, in <module>
    main()
  File "/home/psk6950/miniworld-kernels/src/miniworld_kernels/kernels/triangle_multiplication/tm2/benchmark/bench.py", line 78, in main
    assert torch.cuda.is_available(), "tm2/bench.py needs a CUDA device"
           ^^^^^^^^^^^^^^^^^^^^^^^^^
AssertionError: tm2/bench.py needs a CUDA device
[exit=1]

############################################################
# trimul composite bench (pt/tn/nv/cuequiv/cute)
############################################################
[warn] failed to load vendored dtv1 (perf/trimul): No module named 'cuequivariance_ops_torch'
[warn] failed to load cuequivariance_torch.triangle_multiplicative_update: No module named 'cuequivariance_torch'
/home/psk6950/FlashAttentionBias/.pixi/envs/default/lib/python3.12/site-packages/torch/cuda/__init__.py:187: UserWarning: CUDA initialization: The NVIDIA driver on your system is too old (found version 12090). Please update your GPU driver by downloading and installing a new version from the URL: http://www.nvidia.com/Download/index.aspx Alternatively, go to: https://pytorch.org to install a PyTorch version that has been compiled with your version of the CUDA driver. (Triggered internally at /pytorch/c10/cuda/CUDAFunctions.cpp:119.)
  return torch._C._cuda_getDeviceCount() > 0
Traceback (most recent call last):
  File "/home/psk6950/miniworld-kernels/src/miniworld_kernels/kernels/triangle_multiplication/trimul/benchmark/bench.py", line 278, in <module>
    main()
  File "/home/psk6950/miniworld-kernels/src/miniworld_kernels/kernels/triangle_multiplication/trimul/benchmark/bench.py", line 242, in main
    assert torch.cuda.is_available(), "trimul/bench.py needs a CUDA device"
           ^^^^^^^^^^^^^^^^^^^^^^^^^
AssertionError: trimul/bench.py needs a CUDA device
[exit=1]

ALL BENCHES DONE
