host=node01  date=Tue Jun 16 16:40:10 KST 2026
torch 2.10.0+cu128 NVIDIA H100 80GB HBM3

############################################################
# flagship 4-way trimul bench: pt / nv-triton / cuequiv / CUTE
############################################################
/home/psk6950/FlashAttentionBias/triangle_multiplication/tm1/cute/.pixi/envs/default/lib/python3.10/site-packages/torch/jit/_script.py:1480: DeprecationWarning: `torch.jit.script` is deprecated. Please switch to `torch.compile` or `torch.export`.
  warnings.warn(
full TriangleMul forward  dtype=torch.bfloat16  device=NVIDIA H100 80GB HBM3

Wall time (ms):
 B     L    D       pt   nv-tri  cuequiv     cute
-------------------------------------------------
 1   384  128    1.290    0.355    0.362    0.561
 1   512  128    2.444    0.602    0.474    0.682
 1   768  128    8.208    1.311    1.056    0.948
 1  1024  128   15.709    2.394    2.092    1.750

TFLOPS (higher is better):
 B     L    D       pt   nv-tri  cuequiv     cute
-------------------------------------------------
 1   384  128     33.7    122.4    120.0     77.5
 1   512  128     35.1    142.7    181.2    126.0
 1   768  128     28.3    176.9    219.7    244.8
 1  1024  128     30.6    201.0    229.9    274.8

Speedup vs pytorch:
 B     L    D  nv-tri/pt  cuequiv/pt   cute/pt   cute/nv   cute/cq
------------------------------------------------------------------
 1   384  128      3.63x       3.56x     2.30x     0.63x     0.65x
 1   512  128      4.06x       5.15x     3.59x     0.88x     0.70x
 1   768  128      6.26x       7.78x     8.66x     1.38x     1.11x
 1  1024  128      6.56x       7.51x     8.98x     1.37x     1.20x
[exit=0]

ALL CUTE BENCHES DONE
