host=node01  date=Tue Jun 16 16:31:10 KST 2026
torch 2.10.0+cu128 NVIDIA H100 80GB HBM3

############################################################
# flagship 4-way trimul bench: pt / nv-triton / cuequiv / CUTE
############################################################
Traceback (most recent call last):
  File "/home/psk6950/miniworld-kernels/src/miniworld_kernels/kernels/triangle_multiplication/trimul/cute/bench_trimul.py", line 35, in <module>
    from launch import tm1_cute_forward
  File "/home/psk6950/miniworld-kernels/src/miniworld_kernels/kernels/triangle_multiplication/tm1/cute/launch.py", line 26, in <module>
    from quack.gemm_interface import gemm_act
  File "/home/psk6950/miniworld-kernels/cute-env/.pixi/envs/default/lib/python3.10/site-packages/quack/gemm_interface.py", line 464, in <module>
    def gemm_out(
  File "/home/psk6950/miniworld-kernels/cute-env/.pixi/envs/default/lib/python3.10/site-packages/torch/_library/custom_ops.py", line 157, in inner
    result = CustomOpDef(namespace, opname, schema_str, fn, tags)
  File "/home/psk6950/miniworld-kernels/cute-env/.pixi/envs/default/lib/python3.10/site-packages/torch/_library/custom_ops.py", line 215, in __init__
    self._register_to_dispatcher(self._tags)
  File "/home/psk6950/miniworld-kernels/cute-env/.pixi/envs/default/lib/python3.10/site-packages/torch/_library/custom_ops.py", line 610, in _register_to_dispatcher
    cpp_schema = _C.parse_schema(schema_str)
RuntimeError: 
invalid numeric default value:
gemm_out(Tensor A, Tensor B, Tensor(a2!) out, Tensor? bias=None, float alpha=1.0, Tensor? alpha_tensor=None, Tensor? cu_seqlens_m=None, Tensor? cu_seqlens_k=None, Tensor? A_idx=None, Tensor? batch_idx_permute=None, bool dynamic_scheduler=False, bool tuned=True, SymInt rounding_mode=RoundingMode.RN, SymInt sr_seed=0, Tensor? sr_seed_tensor=None, str? concat_layout=None) -> ()
                                                                                                                                                                                                                                                                                                       ~ <--- HERE

[exit=1]

ALL CUTE BENCHES DONE
