host=node01  date=Wed Jun 17 17:28:26 KST 2026
torch 2.10.0+cu128 NVIDIA H100 80GB HBM3

############################################################
# scripts/bench.py  kernel=triangle_multiplication  compile=false
############################################################
/home/psk6950/team-gm/.pixi/envs/default/lib/python3.10/site-packages/lightning/fabric/plugins/environments/slurm.py:204: The `srun` command is available on your system but is not used. HINT: If your intention is to run Lightning on SLURM, prepend your python command with `srun` like so: srun python scripts/bench.py kernel=triangle_multiplication impl ...
triangle_multiplication_n_layers=1_forward_time_bf16-mixed:
   seq_len  pytorch (Time (ms))  triton (Time (ms))  cuequivariance (Time (ms))
0    384.0             1.963104            2.071040                    0.779328
1    512.0             3.639776            3.922912                    0.935648

Triton autotune summary
miniworld_kernels.kernels.layernorm.triton.main.layer_norm_bwd_dx_fused
  no cache entries captured

miniworld_kernels.kernels.layernorm.triton.main.layer_norm_fwd_fused
  no cache entries captured

miniworld_kernels.kernels.layernorm.triton.main.layer_norm_fwd_fused_recal
  no cache entries captured

miniworld_kernels.kernels.tm1.triton.main.fused_sigmoid_gate_bwd_kernel
  single_config -> BLOCK_K=32, BLOCK_M=64, BLOCK_N=64, num_warps=4, num_stages=3

miniworld_kernels.kernels.tm1.triton.main.fused_sigmoid_gate_fwd_kernel
  key=(4, 128, float32, float32, float32, float32, float32, float32, float32) -> BLOCK_K=32, BLOCK_M=64, BLOCK_N=64, num_warps=4, num_stages=3

miniworld_kernels.kernels.tm2.triton.main.fused_sigmoid_gate2_bwd_kernel
  no cache entries captured

miniworld_kernels.kernels.tm2.triton.main.fused_sigmoid_gate2_fwd_kernel
  key=(4, 128, float32, float32, float32, float32, float32) -> BLOCK_K=32, BLOCK_M=64, BLOCK_N=128, num_warps=4, num_stages=3
[exit=0]

############################################################
# scripts/bench.py  kernel=transition  compile=false
############################################################
/home/psk6950/team-gm/.pixi/envs/default/lib/python3.10/site-packages/lightning/fabric/plugins/environments/slurm.py:204: The `srun` command is available on your system but is not used. HINT: If your intention is to run Lightning on SLURM, prepend your python command with `srun` like so: srun python scripts/bench.py kernel=transition implementations=[ ...
transition_n_layers=1_forward_time_bf16-mixed:
   seq_len  pytorch (Time (ms))  triton (Time (ms))  cuequivariance (Time (ms))
0    384.0             0.783584            0.252704                    0.252032
1    512.0             1.357600            0.430272                    0.429024

Triton autotune summary
miniworld_kernels.kernels.layernorm.triton.main.layer_norm_bwd_dx_fused
  no cache entries captured

miniworld_kernels.kernels.layernorm.triton.main.layer_norm_fwd_fused
  key=(128, 8, bfloat16, bfloat16, bfloat16, bfloat16, float32, float32) -> BLOCK_M=64, num_warps=8, num_stages=2
  key=(128, 9, bfloat16, bfloat16, bfloat16, bfloat16, float32, float32) -> BLOCK_M=64, num_warps=16, num_stages=3

miniworld_kernels.kernels.layernorm.triton.main.layer_norm_fwd_fused_recal
  no cache entries captured

miniworld_kernels.kernels.transition.triton.main.transition_bwd_kernel
  no cache entries captured

miniworld_kernels.kernels.transition.triton.main.transition_fwd_kernel
  key=(10, 4, 128, bfloat16, bfloat16, bfloat16, bfloat16) -> BLOCK_K=32, BLOCK_M=64, BLOCK_N=128, num_warps=4, num_stages=3
  key=(12, 4, 128, bfloat16, bfloat16, bfloat16, bfloat16) -> BLOCK_K=32, BLOCK_M=64, BLOCK_N=128, num_warps=4, num_stages=3
[exit=0]

############################################################
# scripts/bench.py  kernel=triangle_attention  compile=false
############################################################
/home/psk6950/team-gm/.pixi/envs/default/lib/python3.10/site-packages/lightning/fabric/plugins/environments/slurm.py:204: The `srun` command is available on your system but is not used. HINT: If your intention is to run Lightning on SLURM, prepend your python command with `srun` like so: srun python scripts/bench.py kernel=triangle_attention implement ...
triangle_attention_n_layers=1_forward_time_bf16-mixed:
   seq_len  pytorch (Time (ms))  triton (Time (ms))  cuequivariance (Time (ms))
0    384.0             0.901536            0.899936                    0.900256
1    512.0             1.495648            1.495904                    1.495456

Triton autotune summary
miniworld_kernels.kernels.triangle_attention.triton.main._attn_bwd
  no cache entries captured

miniworld_kernels.kernels.triangle_attention.triton.main._attn_bwd_preprocess
  no cache entries captured

miniworld_kernels.kernels.triangle_attention.triton.main._attn_fwd
  no cache entries captured
[exit=0]

############################################################
# scripts/bench.py  kernel=adaptive_layernorm  compile=false implementations=[pytorch,triton]
############################################################
/home/psk6950/team-gm/.pixi/envs/default/lib/python3.10/site-packages/lightning/fabric/plugins/environments/slurm.py:204: The `srun` command is available on your system but is not used. HINT: If your intention is to run Lightning on SLURM, prepend your python command with `srun` like so: srun python scripts/bench.py kernel=adaptive_layernorm implement ...
Error executing job with overrides: ['kernel=adaptive_layernorm', 'implementations=[pytorch,triton,cuequivariance]', 'mode=forward', 'metric=time', 'max_seq_len=512', 'seq_len_step=128', 'compile=false', 'implementations=[pytorch,triton]']
Traceback (most recent call last):
  File "/home/psk6950/team-gm/.pixi/envs/default/lib/python3.10/site-packages/triton/language/core.py", line 43, in wrapper
    return fn(*args, **kwargs)
  File "/home/psk6950/team-gm/.pixi/envs/default/lib/python3.10/site-packages/triton/language/math.py", line 25, in check
    raise ValueError(f"Expected dtype {dtypes} but got {arg.type.scalar.name}")
ValueError: Expected dtype ['fp32', 'fp64'] but got bf16

The above exception was the direct cause of the following exception:

triton.compiler.errors.CompilationError: at 2:20:
def sigmoid(x):
    return 1 / (1 + math.exp(-x))
                    ^
Expected dtype ['fp32', 'fp64'] but got bf16

The above exception was the direct cause of the following exception:

Traceback (most recent call last):
  File "/home/psk6950/miniworld-kernels/scripts/bench.py", line 627, in <module>
    main()
  File "/home/psk6950/team-gm/.pixi/envs/default/lib/python3.10/site-packages/hydra/main.py", line 94, in decorated_main
    _run_hydra(
  File "/home/psk6950/team-gm/.pixi/envs/default/lib/python3.10/site-packages/hydra/_internal/utils.py", line 394, in _run_hydra
    _run_app(
  File "/home/psk6950/team-gm/.pixi/envs/default/lib/python3.10/site-packages/hydra/_internal/utils.py", line 457, in _run_app
    run_and_report(
  File "/home/psk6950/team-gm/.pixi/envs/default/lib/python3.10/site-packages/hydra/_internal/utils.py", line 223, in run_and_report
    raise ex
  File "/home/psk6950/team-gm/.pixi/envs/default/lib/python3.10/site-packages/hydra/_internal/utils.py", line 220, in run_and_report
    return func()
  File "/home/psk6950/team-gm/.pixi/envs/default/lib/python3.10/site-packages/hydra/_internal/utils.py", line 458, in <lambda>
    lambda: hydra.run(
  File "/home/psk6950/team-gm/.pixi/envs/default/lib/python3.10/site-packages/hydra/_internal/hydra.py", line 132, in run
    _ = ret.return_value
  File "/home/psk6950/team-gm/.pixi/envs/default/lib/python3.10/site-packages/hydra/core/utils.py", line 260, in return_value
    raise self._return_value
  File "/home/psk6950/team-gm/.pixi/envs/default/lib/python3.10/site-packages/hydra/core/utils.py", line 186, in run_job
    ret.return_value = task_function(task_cfg)
  File "/home/psk6950/miniworld-kernels/scripts/bench.py", line 604, in main
    bench_with_reset.run(
  File "/home/psk6950/team-gm/.pixi/envs/default/lib/python3.10/site-packages/triton/testing.py", line 392, in run
    result_dfs.append(self._run(bench, save_path, show_plots, print_data, **kwargs))
  File "/home/psk6950/team-gm/.pixi/envs/default/lib/python3.10/site-packages/triton/testing.py", line 339, in _run
    ret = self.fn(**x_args, **{bench.line_arg: y}, **bench.args, **kwrags)
  File "/home/psk6950/miniworld-kernels/scripts/bench.py", line 595, in bench_with_reset
    result = bench_func(**kwargs)
  File "/home/psk6950/miniworld-kernels/scripts/bench.py", line 333, in bench_adaptive_layernorm
    return bench_time(func, grad_to_none=[x, cond])["median_ms"]
  File "/home/psk6950/miniworld-kernels/scripts/bench.py", line 107, in bench_time
    median, p20, p80 = triton.testing.do_bench(
  File "/home/psk6950/team-gm/.pixi/envs/default/lib/python3.10/site-packages/triton/testing.py", line 149, in do_bench
    fn()
  File "/home/psk6950/miniworld-kernels/scripts/bench.py", line 324, in forward
    return model(x, cond)
  File "/home/psk6950/team-gm/.pixi/envs/default/lib/python3.10/site-packages/torch/nn/modules/module.py", line 1776, in _wrapped_call_impl
    return self._call_impl(*args, **kwargs)
  File "/home/psk6950/team-gm/.pixi/envs/default/lib/python3.10/site-packages/torch/nn/modules/module.py", line 1787, in _call_impl
    return forward_call(*args, **kwargs)
  File "/home/psk6950/team-gm/.pixi/envs/default/lib/python3.10/site-packages/lightning/fabric/wrappers.py", line 136, in forward
    output = self._forward_module(*args, **kwargs)
  File "/home/psk6950/team-gm/.pixi/envs/default/lib/python3.10/site-packages/torch/nn/modules/module.py", line 1776, in _wrapped_call_impl
    return self._call_impl(*args, **kwargs)
  File "/home/psk6950/team-gm/.pixi/envs/default/lib/python3.10/site-packages/torch/nn/modules/module.py", line 1787, in _call_impl
    return forward_call(*args, **kwargs)
  File "/home/psk6950/miniworld-kernels/scripts/bench.py", line 295, in forward
    x = layer(x, cond)
  File "/home/psk6950/team-gm/.pixi/envs/default/lib/python3.10/site-packages/torch/nn/modules/module.py", line 1776, in _wrapped_call_impl
    return self._call_impl(*args, **kwargs)
  File "/home/psk6950/team-gm/.pixi/envs/default/lib/python3.10/site-packages/torch/nn/modules/module.py", line 1787, in _call_impl
    return forward_call(*args, **kwargs)
  File "/home/psk6950/miniworld-kernels/src/miniworld_kernels/modules/adaptive_layernorm/module.py", line 47, in forward
    return triton_adaptive_layer_norm(
  File "/home/psk6950/team-gm/.pixi/envs/default/lib/python3.10/site-packages/torch/autograd/function.py", line 583, in apply
    return super().apply(*args, **kwargs)  # type: ignore[misc]
  File "/home/psk6950/team-gm/.pixi/envs/default/lib/python3.10/site-packages/torch/_dynamo/eval_frame.py", line 1181, in _fn
    return fn(*args, **kwargs)
  File "/home/psk6950/miniworld-kernels/src/miniworld_kernels/kernels/adaln/triton/main.py", line 699, in forward
    adaln_fwd_kernel[grid](
  File "/home/psk6950/team-gm/.pixi/envs/default/lib/python3.10/site-packages/triton/runtime/jit.py", line 370, in <lambda>
    return lambda *args, **kwargs: self.run(grid=grid, warmup=False, *args, **kwargs)
  File "/home/psk6950/team-gm/.pixi/envs/default/lib/python3.10/site-packages/triton/runtime/autotuner.py", line 240, in run
    benchmark()
  File "/home/psk6950/team-gm/.pixi/envs/default/lib/python3.10/site-packages/triton/runtime/autotuner.py", line 229, in benchmark
    timings = {config: self._bench(*args, config=config, **kwargs) for config in pruned_configs}
  File "/home/psk6950/team-gm/.pixi/envs/default/lib/python3.10/site-packages/triton/runtime/autotuner.py", line 229, in <dictcomp>
    timings = {config: self._bench(*args, config=config, **kwargs) for config in pruned_configs}
  File "/home/psk6950/team-gm/.pixi/envs/default/lib/python3.10/site-packages/triton/runtime/autotuner.py", line 164, in _bench
    return self.do_bench(kernel_call, quantiles=(0.5, 0.2, 0.8))
  File "/home/psk6950/team-gm/.pixi/envs/default/lib/python3.10/site-packages/triton/testing.py", line 149, in do_bench
    fn()
  File "/home/psk6950/team-gm/.pixi/envs/default/lib/python3.10/site-packages/triton/runtime/autotuner.py", line 150, in kernel_call
    self.fn.run(
  File "/home/psk6950/team-gm/.pixi/envs/default/lib/python3.10/site-packages/triton/runtime/jit.py", line 720, in run
    kernel = self._do_compile(key, signature, device, constexprs, options, attrs, warmup)
  File "/home/psk6950/team-gm/.pixi/envs/default/lib/python3.10/site-packages/triton/runtime/jit.py", line 849, in _do_compile
    kernel = self.compile(src, target=target, options=options.__dict__)
  File "/home/psk6950/team-gm/.pixi/envs/default/lib/python3.10/site-packages/triton/compiler/compiler.py", line 304, in compile
    module = src.make_ir(target, options, codegen_fns, module_map, context)
  File "/home/psk6950/team-gm/.pixi/envs/default/lib/python3.10/site-packages/triton/compiler/compiler.py", line 80, in make_ir
    return ast_to_ttir(self.fn, self, context=context, options=options, codegen_fns=codegen_fns,
triton.compiler.errors.CompilationError: at 150:15:
            bias += tl.dot(cond_aff, bias_w)

        scale += scale_b[None, :]

        if USE_BF16:
            scale = scale.to(tl.bfloat16)
            bias = bias.to(tl.bfloat16)
        elif USE_FP16:
            scale = scale.to(tl.float16)
            bias = bias.to(tl.float16)

        gate = tl.sigmoid(scale)
               ^
[exit=1]

############################################################
# scripts/bench.py  kernel=triangle_multiplication  compile=true
############################################################
/home/psk6950/team-gm/.pixi/envs/default/lib/python3.10/site-packages/lightning/fabric/plugins/environments/slurm.py:204: The `srun` command is available on your system but is not used. HINT: If your intention is to run Lightning on SLURM, prepend your python command with `srun` like so: srun python scripts/bench.py kernel=triangle_multiplication impl ...
/home/psk6950/team-gm/.pixi/envs/default/lib/python3.10/site-packages/torch/jit/_script.py:362: DeprecationWarning: `torch.jit.script_method` is deprecated. Please switch to `torch.compile` or `torch.export`.
  warnings.warn(
triangle_multiplication_n_layers=1_forward_time_bf16-mixed_compile:
   seq_len  pytorch (Time (ms))  triton (Time (ms))  cuequivariance (Time (ms))
0    384.0             1.191936            1.646912                    0.604640
1    512.0             2.291200            3.155344                    0.930784

Triton autotune summary
miniworld_kernels.kernels.layernorm.triton.main.layer_norm_bwd_dx_fused
  no cache entries captured

miniworld_kernels.kernels.layernorm.triton.main.layer_norm_fwd_fused
  no cache entries captured

miniworld_kernels.kernels.layernorm.triton.main.layer_norm_fwd_fused_recal
  no cache entries captured

miniworld_kernels.kernels.tm1.triton.main.fused_sigmoid_gate_bwd_kernel
  single_config -> BLOCK_K=32, BLOCK_M=64, BLOCK_N=64, num_warps=4, num_stages=3

miniworld_kernels.kernels.tm1.triton.main.fused_sigmoid_gate_fwd_kernel
  key=(4, 128, float32, float32, float32, float32, float32, float32, float32) -> BLOCK_K=32, BLOCK_M=64, BLOCK_N=64, num_warps=4, num_stages=3

miniworld_kernels.kernels.tm2.triton.main.fused_sigmoid_gate2_bwd_kernel
  no cache entries captured

miniworld_kernels.kernels.tm2.triton.main.fused_sigmoid_gate2_fwd_kernel
  key=(4, 128, float32, float32, float32, float32, float32) -> BLOCK_K=32, BLOCK_M=64, BLOCK_N=128, num_warps=4, num_stages=3
[exit=0]

ALL UNIFIED BENCHES DONE
